::ffff:49.42.64.172 - - [19/Mar/2022:13:52:57 +0000] "GET / HTTP/1.1" 304 - "http://namastebuddies.in:8000/users/signin" "Mozilla/5.0 (Windows NT 10.0; Win64; x64) AppleWebKit/537.36 (KHTML, like Gecko) Chrome/99.0.4844.51 Safari/537.36"
::ffff:49.42.64.172 - - [19/Mar/2022:13:53:05 +0000] "GET /groups/loadMessage/623366334e092f5d78993c5a HTTP/1.1" 200 3499 "http://namastebuddies.in:8000/" "Mozilla/5.0 (Windows NT 10.0; Win64; x64) AppleWebKit/537.36 (KHTML, like Gecko) Chrome/99.0.4844.51 Safari/537.36"
::ffff:49.42.64.172 - - [19/Mar/2022:13:53:13 +0000] "POST /groups/Createmessage HTTP/1.1" 200 223 "http://namastebuddies.in:8000/" "Mozilla/5.0 (Windows NT 10.0; Win64; x64) AppleWebKit/537.36 (KHTML, like Gecko) Chrome/99.0.4844.51 Safari/537.36"
::ffff:49.42.64.172 - - [19/Mar/2022:13:53:14 +0000] "POST /groups/seenMessage/6235e0494e092f5d7899f22d HTTP/1.1" 200 18 "http://namastebuddies.in:8000/" "Mozilla/5.0 (Windows NT 10.0; Win64; x64) AppleWebKit/537.36 (KHTML, like Gecko) Chrome/99.0.4844.51 Safari/537.36"
::ffff:49.42.64.172 - - [19/Mar/2022:13:53:14 +0000] "POST /groups/seenMessage/6235e0494e092f5d7899f22d HTTP/1.1" 200 18 "http://namastebuddies.in:8000/" "Mozilla/5.0 (Windows NT 10.0; Win64; x64) AppleWebKit/537.36 (KHTML, like Gecko) Chrome/99.0.4844.51 Safari/537.36"
::ffff:49.42.64.172 - - [19/Mar/2022:13:53:20 +0000] "POST /groups/Createmessage HTTP/1.1" 200 218 "http://namastebuddies.in:8000/" "Mozilla/5.0 (Windows NT 10.0; Win64; x64) AppleWebKit/537.36 (KHTML, like Gecko) Chrome/99.0.4844.51 Safari/537.36"
::ffff:49.42.64.172 - - [19/Mar/2022:13:53:22 +0000] "POST /groups/seenMessage/6235e0504e092f5d7899f236 HTTP/1.1" 200 18 "http://namastebuddies.in:8000/" "Mozilla/5.0 (Windows NT 10.0; Win64; x64) AppleWebKit/537.36 (KHTML, like Gecko) Chrome/99.0.4844.51 Safari/537.36"
::ffff:49.42.64.172 - - [19/Mar/2022:13:53:22 +0000] "GET / HTTP/1.1" 304 - "http://namastebuddies.in:8000/users/signin" "Mozilla/5.0 (Windows NT 10.0; Win64; x64) AppleWebKit/537.36 (KHTML, like Gecko) Chrome/99.0.4844.51 Safari/537.36"
::ffff:49.42.64.172 - - [19/Mar/2022:13:53:31 +0000] "GET /groups/loadMessage/623366334e092f5d78993c5a HTTP/1.1" 200 4025 "http://namastebuddies.in:8000/" "Mozilla/5.0 (Windows NT 10.0; Win64; x64) AppleWebKit/537.36 (KHTML, like Gecko) Chrome/99.0.4844.51 Safari/537.36"
::ffff:49.42.64.172 - - [19/Mar/2022:13:53:41 +0000] "POST /groups/Createmessage HTTP/1.1" 200 218 "http://namastebuddies.in:8000/" "Mozilla/5.0 (Windows NT 10.0; Win64; x64) AppleWebKit/537.36 (KHTML, like Gecko) Chrome/99.0.4844.51 Safari/537.36"
::ffff:49.42.64.172 - - [19/Mar/2022:13:53:42 +0000] "POST /groups/seenMessage/6235e0654e092f5d7899f2f5 HTTP/1.1" 200 18 "http://namastebuddies.in:8000/" "Mozilla/5.0 (Windows NT 10.0; Win64; x64) AppleWebKit/537.36 (KHTML, like Gecko) Chrome/99.0.4844.51 Safari/537.36"
::ffff:49.42.64.172 - - [19/Mar/2022:13:53:54 +0000] "POST /groups/Createmessage HTTP/1.1" 200 227 "http://namastebuddies.in:8000/" "Mozilla/5.0 (Windows NT 10.0; Win64; x64) AppleWebKit/537.36 (KHTML, like Gecko) Chrome/99.0.4844.51 Safari/537.36"
::ffff:49.42.64.172 - - [19/Mar/2022:13:53:55 +0000] "POST /groups/seenMessage/6235e0724e092f5d7899f2fc HTTP/1.1" 200 18 "http://namastebuddies.in:8000/" "Mozilla/5.0 (Windows NT 10.0; Win64; x64) AppleWebKit/537.36 (KHTML, like Gecko) Chrome/99.0.4844.51 Safari/537.36"
::ffff:49.42.64.172 - - [19/Mar/2022:13:54:30 +0000] "GET /users/profile/6235b76b4e092f5d7899cfa4 HTTP/1.1" 200 78843 "http://namastebuddies.in:8000/" "Mozilla/5.0 (Windows NT 10.0; Win64; x64) AppleWebKit/537.36 (KHTML, like Gecko) Chrome/99.0.4844.51 Safari/537.36"
::ffff:49.42.64.172 - - [19/Mar/2022:14:01:15 +0000] "GET / HTTP/1.1" 200 203845 "-" "Mozilla/5.0 (Linux; Android 8.1.0; CPH1901) AppleWebKit/537.36 (KHTML, like Gecko) Chrome/98.0.4758.87 Mobile Safari/537.36"
::ffff:49.42.64.172 - - [19/Mar/2022:14:01:20 +0000] "GET /favicon.ico HTTP/1.1" 404 150 "http://50.19.145.241.nip.io:8000/" "Mozilla/5.0 (Linux; Android 8.1.0; CPH1901) AppleWebKit/537.36 (KHTML, like Gecko) Chrome/98.0.4758.87 Mobile Safari/537.36"
::ffff:157.45.243.211 - - [19/Mar/2022:14:01:54 +0000] "GET / HTTP/1.1" 302 70 "-" "Mozilla/5.0 (Linux; Android 10; CPH1819) AppleWebKit/537.36 (KHTML, like Gecko) Chrome/99.0.4844.73 Mobile Safari/537.36"
::ffff:157.45.243.211 - - [19/Mar/2022:14:01:54 +0000] "GET /users/signin HTTP/1.1" 200 2817 "-" "Mozilla/5.0 (Linux; Android 10; CPH1819) AppleWebKit/537.36 (KHTML, like Gecko) Chrome/99.0.4844.73 Mobile Safari/537.36"
::ffff:157.45.243.211 - - [19/Mar/2022:14:01:56 +0000] "GET /favicon.ico HTTP/1.1" 404 150 "http://50.19.145.241.nip.io:8000/users/signin" "Mozilla/5.0 (Linux; Android 10; CPH1819) AppleWebKit/537.36 (KHTML, like Gecko) Chrome/99.0.4844.73 Mobile Safari/537.36"
::ffff:49.42.64.172 - - [19/Mar/2022:14:01:56 +0000] "GET / HTTP/1.1" 302 70 "-" "Mozilla/5.0 (Linux; Android 8.1.0; CPH1901) AppleWebKit/537.36 (KHTML, like Gecko) Chrome/98.0.4758.87 Mobile Safari/537.36"
::ffff:49.42.64.172 - - [19/Mar/2022:14:01:57 +0000] "GET /users/signin HTTP/1.1" 200 2817 "-" "Mozilla/5.0 (Linux; Android 8.1.0; CPH1901) AppleWebKit/537.36 (KHTML, like Gecko) Chrome/98.0.4758.87 Mobile Safari/537.36"
::ffff:49.42.64.172 - - [19/Mar/2022:14:01:59 +0000] "GET /favicon.ico HTTP/1.1" 404 150 "http://namastebuddies.in:8000/users/signin" "Mozilla/5.0 (Linux; Android 8.1.0; CPH1901) AppleWebKit/537.36 (KHTML, like Gecko) Chrome/98.0.4758.87 Mobile Safari/537.36"
::ffff:49.42.64.172 - - [19/Mar/2022:14:02:09 +0000] "GET / HTTP/1.1" 302 70 "-" "Mozilla/5.0 (Linux; Android 8.1.0; CPH1901) AppleWebKit/537.36 (KHTML, like Gecko) Chrome/98.0.4758.87 Mobile Safari/537.36"
::ffff:49.42.64.172 - - [19/Mar/2022:14:02:09 +0000] "GET /users/signin HTTP/1.1" 304 - "-" "Mozilla/5.0 (Linux; Android 8.1.0; CPH1901) AppleWebKit/537.36 (KHTML, like Gecko) Chrome/98.0.4758.87 Mobile Safari/537.36"
::ffff:49.36.223.239 - - [19/Mar/2022:14:12:29 +0000] "GET /favicon.ico HTTP/1.1" 404 150 "http://50.19.145.241.nip.io:8000/users/signin" "Mozilla/5.0 (Linux; Android 12; RMX3360) AppleWebKit/537.36 (KHTML, like Gecko) Chrome/99.0.4844.58 Mobile Safari/537.36"
::ffff:103.144.114.184 - - [19/Mar/2022:14:40:39 +0000] "GET /favicon.ico HTTP/1.1" 404 150 "http://50.19.145.241.nip.io:8000/users/signup" "Mozilla/5.0 (Linux; Android 11; RMX2161) AppleWebKit/537.36 (KHTML, like Gecko) Chrome/99.0.4844.73 Mobile Safari/537.36"
::ffff:122.182.205.238 - - [19/Mar/2022:15:21:46 +0000] "GET /favicon.ico HTTP/1.1" 404 150 "http://50.19.145.241.nip.io:8000/users/signin" "Mozilla/5.0 (Linux; Android 12; LE2121) AppleWebKit/537.36 (KHTML, like Gecko) Chrome/99.0.4844.73 Mobile Safari/537.36"
::ffff:112.79.192.136 - - [19/Mar/2022:15:24:46 +0000] "GET / HTTP/1.1" 302 70 "-" "Mozilla/5.0 (Linux; Android 11; Redmi Note 9 Pro Max) AppleWebKit/537.36 (KHTML, like Gecko) Chrome/99.0.4844.58 Mobile Safari/537.36"
::ffff:112.79.192.136 - - [19/Mar/2022:15:24:46 +0000] "GET /users/signin HTTP/1.1" 200 2817 "-" "Mozilla/5.0 (Linux; Android 11; Redmi Note 9 Pro Max) AppleWebKit/537.36 (KHTML, like Gecko) Chrome/99.0.4844.58 Mobile Safari/537.36"
::ffff:112.79.192.136 - - [19/Mar/2022:15:24:48 +0000] "GET /favicon.ico HTTP/1.1" 404 150 "http://50.19.145.241.nip.io:8000/users/signin" "Mozilla/5.0 (Linux; Android 11; Redmi Note 9 Pro Max) AppleWebKit/537.36 (KHTML, like Gecko) Chrome/99.0.4844.58 Mobile Safari/537.36"
::ffff:49.42.64.172 - - [19/Mar/2022:15:45:26 +0000] "GET / HTTP/1.1" 302 70 "-" "Mozilla/5.0 (Linux; Android 8.1.0; CPH1901) AppleWebKit/537.36 (KHTML, like Gecko) Chrome/98.0.4758.87 Mobile Safari/537.36"
::ffff:49.42.64.172 - - [19/Mar/2022:15:45:27 +0000] "GET /users/signin HTTP/1.1" 304 - "-" "Mozilla/5.0 (Linux; Android 8.1.0; CPH1901) AppleWebKit/537.36 (KHTML, like Gecko) Chrome/98.0.4758.87 Mobile Safari/537.36"
::ffff:49.42.64.172 - - [19/Mar/2022:15:45:28 +0000] "GET /favicon.ico HTTP/1.1" 404 150 "http://namastebuddies.in:8000/users/signin" "Mozilla/5.0 (Linux; Android 8.1.0; CPH1901) AppleWebKit/537.36 (KHTML, like Gecko) Chrome/98.0.4758.87 Mobile Safari/537.36"
::ffff:49.42.64.172 - - [19/Mar/2022:15:45:32 +0000] "GET /users/auth/google HTTP/1.1" 302 0 "http://namastebuddies.in:8000/users/signin" "Mozilla/5.0 (Linux; Android 8.1.0; CPH1901) AppleWebKit/537.36 (KHTML, like Gecko) Chrome/98.0.4758.87 Mobile Safari/537.36"
::ffff:49.42.64.172 - - [19/Mar/2022:15:45:42 +0000] "GET /users/auth/google/callback?code=4%2F0AX4XfWhDDU6qXKXBKF1MolIvYuBvAcwluc47zHR2eD5A1V1o7ZT0i__rJqYC_vps4pA08g&scope=email+profile+openid+https%3A%2F%2Fwww.googleapis.com%2Fauth%2Fuserinfo.profile+https%3A%2F%2Fwww.googleapis.com%2Fauth%2Fuserinfo.email&authuser=0&prompt=none HTTP/1.1" 302 46 "-" "Mozilla/5.0 (Linux; Android 8.1.0; CPH1901) AppleWebKit/537.36 (KHTML, like Gecko) Chrome/98.0.4758.87 Mobile Safari/537.36"
::ffff:49.42.64.172 - - [19/Mar/2022:15:45:42 +0000] "GET / HTTP/1.1" 304 - "-" "Mozilla/5.0 (Linux; Android 8.1.0; CPH1901) AppleWebKit/537.36 (KHTML, like Gecko) Chrome/98.0.4758.87 Mobile Safari/537.36"
::ffff:49.42.64.172 - - [19/Mar/2022:15:45:49 +0000] "GET /users/friendAndGroups HTTP/1.1" 200 5553 "http://50.19.145.241.nip.io:8000/" "Mozilla/5.0 (Linux; Android 8.1.0; CPH1901) AppleWebKit/537.36 (KHTML, like Gecko) Chrome/98.0.4758.87 Mobile Safari/537.36"
::ffff:49.42.64.172 - - [19/Mar/2022:15:45:53 +0000] "GET /favicon.ico HTTP/1.1" 404 150 "http://50.19.145.241.nip.io:8000/users/friendAndGroups" "Mozilla/5.0 (Linux; Android 8.1.0; CPH1901) AppleWebKit/537.36 (KHTML, like Gecko) Chrome/98.0.4758.87 Mobile Safari/537.36"
::ffff:49.42.64.172 - - [19/Mar/2022:15:45:55 +0000] "GET /users/friendAndGroups HTTP/1.1" 304 - "http://50.19.145.241.nip.io:8000/" "Mozilla/5.0 (Linux; Android 8.1.0; CPH1901) AppleWebKit/537.36 (KHTML, like Gecko) Chrome/98.0.4758.87 Mobile Safari/537.36"
::ffff:49.42.64.172 - - [19/Mar/2022:15:45:57 +0000] "GET /favicon.ico HTTP/1.1" 404 150 "http://50.19.145.241.nip.io:8000/users/friendAndGroups" "Mozilla/5.0 (Linux; Android 8.1.0; CPH1901) AppleWebKit/537.36 (KHTML, like Gecko) Chrome/98.0.4758.87 Mobile Safari/537.36"
::ffff:49.42.64.172 - - [19/Mar/2022:15:46:00 +0000] "GET /users/findFriends HTTP/1.1" 304 - "http://50.19.145.241.nip.io:8000/" "Mozilla/5.0 (Linux; Android 8.1.0; CPH1901) AppleWebKit/537.36 (KHTML, like Gecko) Chrome/98.0.4758.87 Mobile Safari/537.36"
::ffff:49.42.64.172 - - [19/Mar/2022:15:46:02 +0000] "GET /favicon.ico HTTP/1.1" 404 150 "http://50.19.145.241.nip.io:8000/users/findFriends" "Mozilla/5.0 (Linux; Android 8.1.0; CPH1901) AppleWebKit/537.36 (KHTML, like Gecko) Chrome/98.0.4758.87 Mobile Safari/537.36"
::ffff:49.42.64.172 - - [19/Mar/2022:15:46:19 +0000] "GET /users/signout HTTP/1.1" 302 46 "http://50.19.145.241.nip.io:8000/" "Mozilla/5.0 (Linux; Android 8.1.0; CPH1901) AppleWebKit/537.36 (KHTML, like Gecko) Chrome/98.0.4758.87 Mobile Safari/537.36"
::ffff:49.42.64.172 - - [19/Mar/2022:15:46:19 +0000] "GET / HTTP/1.1" 302 70 "http://50.19.145.241.nip.io:8000/" "Mozilla/5.0 (Linux; Android 8.1.0; CPH1901) AppleWebKit/537.36 (KHTML, like Gecko) Chrome/98.0.4758.87 Mobile Safari/537.36"
::ffff:49.42.64.172 - - [19/Mar/2022:15:46:20 +0000] "GET /users/signin HTTP/1.1" 304 - "http://50.19.145.241.nip.io:8000/" "Mozilla/5.0 (Linux; Android 8.1.0; CPH1901) AppleWebKit/537.36 (KHTML, like Gecko) Chrome/98.0.4758.87 Mobile Safari/537.36"
::ffff:103.203.57.20 - - [19/Mar/2022:15:46:57 +0000] "GET / HTTP/1.1" 302 35 "-" "Mozilla/5.0"
::ffff:103.98.156.57 - - [19/Mar/2022:16:31:53 +0000] "GET / HTTP/1.1" 302 70 "-" "Mozilla/5.0 (Windows NT 10.0; Win64; x64) AppleWebKit/537.36 (KHTML, like Gecko) Chrome/99.0.4844.74 Safari/537.36"
::ffff:103.98.156.57 - - [19/Mar/2022:16:31:54 +0000] "GET /users/signin HTTP/1.1" 304 - "-" "Mozilla/5.0 (Windows NT 10.0; Win64; x64) AppleWebKit/537.36 (KHTML, like Gecko) Chrome/99.0.4844.74 Safari/537.36"
::ffff:103.98.156.57 - - [19/Mar/2022:16:31:54 +0000] "GET /favicon.ico HTTP/1.1" 404 150 "http://50.19.145.241.nip.io:8000/users/signin" "Mozilla/5.0 (Windows NT 10.0; Win64; x64) AppleWebKit/537.36 (KHTML, like Gecko) Chrome/99.0.4844.74 Safari/537.36"
::ffff:47.9.104.51 - - [19/Mar/2022:16:33:04 +0000] "GET /favicon.ico HTTP/1.1" 404 150 "http://50.19.145.241.nip.io:8000/users/signin" "Mozilla/5.0 (Linux; Android 11; RMX3430) AppleWebKit/537.36 (KHTML, like Gecko) Chrome/99.0.4844.58 Mobile Safari/537.36"
::ffff:47.9.104.51 - - [19/Mar/2022:16:33:13 +0000] "GET /users/auth/google HTTP/1.1" 302 0 "http://50.19.145.241.nip.io:8000/users/signin" "Mozilla/5.0 (Linux; Android 11; RMX3430) AppleWebKit/537.36 (KHTML, like Gecko) Chrome/99.0.4844.58 Mobile Safari/537.36"
::ffff:47.9.104.51 - - [19/Mar/2022:16:33:18 +0000] "GET /users/auth/google/callback?code=4%2F0AX4XfWjkmZAq1E1Lv-LS4F3yOKKZPk2IdE6xyCd0w2-ylNH8EEVFf77JykYwGEFMPUDEHA&scope=email+profile+openid+https%3A%2F%2Fwww.googleapis.com%2Fauth%2Fuserinfo.profile+https%3A%2F%2Fwww.googleapis.com%2Fauth%2Fuserinfo.email&authuser=1&prompt=none HTTP/1.1" 302 46 "-" "Mozilla/5.0 (Linux; Android 11; RMX3430) AppleWebKit/537.36 (KHTML, like Gecko) Chrome/99.0.4844.58 Mobile Safari/537.36"
::ffff:47.9.104.51 - - [19/Mar/2022:16:33:19 +0000] "GET / HTTP/1.1" 200 207428 "-" "Mozilla/5.0 (Linux; Android 11; RMX3430) AppleWebKit/537.36 (KHTML, like Gecko) Chrome/99.0.4844.58 Mobile Safari/537.36"
::ffff:47.9.104.51 - - [19/Mar/2022:16:33:24 +0000] "GET /users/sessionCheck HTTP/1.1" 304 - "http://50.19.145.241.nip.io:8000/" "Mozilla/5.0 (Linux; Android 11; RMX3430) AppleWebKit/537.36 (KHTML, like Gecko) Chrome/99.0.4844.58 Mobile Safari/537.36"
::ffff:47.9.104.51 - - [19/Mar/2022:16:34:16 +0000] "POST /posts/create HTTP/1.1" 302 110 "http://50.19.145.241.nip.io:8000/" "Mozilla/5.0 (Linux; Android 11; RMX3430) AppleWebKit/537.36 (KHTML, like Gecko) Chrome/99.0.4844.58 Mobile Safari/537.36"
::ffff:47.9.104.51 - - [19/Mar/2022:16:34:28 +0000] "GET / HTTP/1.1" 200 212401 "http://50.19.145.241.nip.io:8000/" "Mozilla/5.0 (Linux; Android 11; RMX3430) AppleWebKit/537.36 (KHTML, like Gecko) Chrome/99.0.4844.58 Mobile Safari/537.36"
::ffff:47.9.104.51 - - [19/Mar/2022:16:34:35 +0000] "GET /posts/destroy/623606084e092f5d7899f614 HTTP/1.1" 200 95 "http://50.19.145.241.nip.io:8000/" "Mozilla/5.0 (Linux; Android 11; RMX3430) AppleWebKit/537.36 (KHTML, like Gecko) Chrome/99.0.4844.58 Mobile Safari/537.36"
::ffff:47.9.104.51 - - [19/Mar/2022:16:34:37 +0000] "GET /users/sessionCheck HTTP/1.1" 304 - "http://50.19.145.241.nip.io:8000/" "Mozilla/5.0 (Linux; Android 11; RMX3430) AppleWebKit/537.36 (KHTML, like Gecko) Chrome/99.0.4844.58 Mobile Safari/537.36"
::ffff:112.79.247.155 - - [19/Mar/2022:16:34:37 +0000] "GET / HTTP/1.1" 200 205007 "-" "Mozilla/5.0 (Linux; Android 10; CPH1933) AppleWebKit/537.36 (KHTML, like Gecko) Chrome/99.0.4844.58 Mobile Safari/537.36"
::ffff:112.79.247.155 - - [19/Mar/2022:16:34:54 +0000] "GET /users/findFriends HTTP/1.1" 200 40747 "http://50.19.145.241.nip.io:8000/" "Mozilla/5.0 (Linux; Android 10; CPH1933) AppleWebKit/537.36 (KHTML, like Gecko) Chrome/99.0.4844.58 Mobile Safari/537.36"
::ffff:112.79.247.155 - - [19/Mar/2022:16:34:56 +0000] "GET /favicon.ico HTTP/1.1" 404 150 "http://50.19.145.241.nip.io:8000/users/findFriends" "Mozilla/5.0 (Linux; Android 10; CPH1933) AppleWebKit/537.36 (KHTML, like Gecko) Chrome/99.0.4844.58 Mobile Safari/537.36"
::ffff:112.79.247.155 - - [19/Mar/2022:16:34:59 +0000] "GET /users/profile/6234e53b4e092f5d78994713 HTTP/1.1" 200 89963 "http://50.19.145.241.nip.io:8000/users/findFriends" "Mozilla/5.0 (Linux; Android 10; CPH1933) AppleWebKit/537.36 (KHTML, like Gecko) Chrome/99.0.4844.58 Mobile Safari/537.36"
::ffff:47.9.104.51 - - [19/Mar/2022:16:35:20 +0000] "GET /posts/upload/1 HTTP/1.1" 304 - "http://50.19.145.241.nip.io:8000/" "Mozilla/5.0 (Linux; Android 11; RMX3430) AppleWebKit/537.36 (KHTML, like Gecko) Chrome/99.0.4844.58 Mobile Safari/537.36"
::ffff:47.9.104.51 - - [19/Mar/2022:16:35:21 +0000] "POST /posts/create HTTP/1.1" 302 110 "http://50.19.145.241.nip.io:8000/" "Mozilla/5.0 (Linux; Android 11; RMX3430) AppleWebKit/537.36 (KHTML, like Gecko) Chrome/99.0.4844.58 Mobile Safari/537.36"
::ffff:112.79.247.155 - - [19/Mar/2022:16:35:23 +0000] "GET /users/findFriends HTTP/1.1" 304 - "http://50.19.145.241.nip.io:8000/" "Mozilla/5.0 (Linux; Android 10; CPH1933) AppleWebKit/537.36 (KHTML, like Gecko) Chrome/99.0.4844.58 Mobile Safari/537.36"
::ffff:47.9.104.51 - - [19/Mar/2022:16:35:34 +0000] "GET / HTTP/1.1" 200 214489 "http://50.19.145.241.nip.io:8000/" "Mozilla/5.0 (Linux; Android 11; RMX3430) AppleWebKit/537.36 (KHTML, like Gecko) Chrome/99.0.4844.58 Mobile Safari/537.36"
::ffff:47.9.104.51 - - [19/Mar/2022:16:35:51 +0000] "GET /users/signout HTTP/1.1" 302 46 "http://50.19.145.241.nip.io:8000/" "Mozilla/5.0 (Linux; Android 11; RMX3430) AppleWebKit/537.36 (KHTML, like Gecko) Chrome/99.0.4844.58 Mobile Safari/537.36"
::ffff:47.9.104.51 - - [19/Mar/2022:16:35:51 +0000] "GET / HTTP/1.1" 302 70 "http://50.19.145.241.nip.io:8000/" "Mozilla/5.0 (Linux; Android 11; RMX3430) AppleWebKit/537.36 (KHTML, like Gecko) Chrome/99.0.4844.58 Mobile Safari/537.36"
::ffff:47.9.104.51 - - [19/Mar/2022:16:35:52 +0000] "GET /users/signin HTTP/1.1" 304 - "http://50.19.145.241.nip.io:8000/" "Mozilla/5.0 (Linux; Android 11; RMX3430) AppleWebKit/537.36 (KHTML, like Gecko) Chrome/99.0.4844.58 Mobile Safari/537.36"
::ffff:112.79.247.155 - - [19/Mar/2022:16:35:56 +0000] "GET / HTTP/1.1" 200 212447 "-" "Mozilla/5.0 (Linux; Android 10; CPH1933) AppleWebKit/537.36 (KHTML, like Gecko) Chrome/99.0.4844.58 Mobile Safari/537.36"
::ffff:112.79.247.155 - - [19/Mar/2022:16:42:23 +0000] "GET / HTTP/1.1" 304 - "-" "Mozilla/5.0 (Linux; Android 10; CPH1933) AppleWebKit/537.36 (KHTML, like Gecko) Chrome/99.0.4844.58 Mobile Safari/537.36"
::ffff:112.79.247.155 - - [19/Mar/2022:16:42:31 +0000] "GET /favicon.ico HTTP/1.1" 404 150 "http://50.19.145.241.nip.io:8000/" "Mozilla/5.0 (Linux; Android 10; CPH1933) AppleWebKit/537.36 (KHTML, like Gecko) Chrome/99.0.4844.58 Mobile Safari/537.36"
::ffff:112.79.247.155 - - [19/Mar/2022:16:43:18 +0000] "GET /users/findFriends HTTP/1.1" 304 - "http://50.19.145.241.nip.io:8000/" "Mozilla/5.0 (Linux; Android 10; CPH1933) AppleWebKit/537.36 (KHTML, like Gecko) Chrome/99.0.4844.58 Mobile Safari/537.36"
::ffff:112.79.247.155 - - [19/Mar/2022:16:52:18 +0000] "GET / HTTP/1.1" 304 - "-" "Mozilla/5.0 (Linux; Android 10; CPH1933) AppleWebKit/537.36 (KHTML, like Gecko) Chrome/99.0.4844.58 Mobile Safari/537.36"
::ffff:112.79.247.155 - - [19/Mar/2022:16:52:23 +0000] "GET /favicon.ico HTTP/1.1" 404 150 "http://50.19.145.241.nip.io:8000/" "Mozilla/5.0 (Linux; Android 10; CPH1933) AppleWebKit/537.36 (KHTML, like Gecko) Chrome/99.0.4844.58 Mobile Safari/537.36"
::ffff:112.79.247.155 - - [19/Mar/2022:16:53:40 +0000] "GET /users/findFriends HTTP/1.1" 304 - "http://50.19.145.241.nip.io:8000/" "Mozilla/5.0 (Linux; Android 10; CPH1933) AppleWebKit/537.36 (KHTML, like Gecko) Chrome/99.0.4844.58 Mobile Safari/537.36"
::ffff:112.79.247.155 - - [19/Mar/2022:17:05:34 +0000] "GET / HTTP/1.1" 304 - "-" "Mozilla/5.0 (Linux; Android 10; CPH1933) AppleWebKit/537.36 (KHTML, like Gecko) Chrome/99.0.4844.58 Mobile Safari/537.36"
::ffff:112.79.247.155 - - [19/Mar/2022:17:05:39 +0000] "GET /favicon.ico HTTP/1.1" 404 150 "http://50.19.145.241.nip.io:8000/" "Mozilla/5.0 (Linux; Android 10; CPH1933) AppleWebKit/537.36 (KHTML, like Gecko) Chrome/99.0.4844.58 Mobile Safari/537.36"
::ffff:112.79.247.155 - - [19/Mar/2022:17:05:46 +0000] "GET / HTTP/1.1" 304 - "-" "Mozilla/5.0 (Linux; Android 10; CPH1933) AppleWebKit/537.36 (KHTML, like Gecko) Chrome/99.0.4844.58 Mobile Safari/537.36"
::ffff:112.79.247.155 - - [19/Mar/2022:17:06:00 +0000] "GET /users/friendAndGroups HTTP/1.1" 200 2299 "http://50.19.145.241.nip.io:8000/" "Mozilla/5.0 (Linux; Android 10; CPH1933) AppleWebKit/537.36 (KHTML, like Gecko) Chrome/99.0.4844.58 Mobile Safari/537.36"
::ffff:157.35.17.97 - - [19/Mar/2022:17:07:28 +0000] "GET / HTTP/1.1" 302 70 "-" "Mozilla/5.0 (Linux; Android 12; CPH2249) AppleWebKit/537.36 (KHTML, like Gecko) Chrome/96.0.4664.45 Mobile Safari/537.36"
::ffff:157.35.17.97 - - [19/Mar/2022:17:07:28 +0000] "GET /users/signin HTTP/1.1" 200 2817 "-" "Mozilla/5.0 (Linux; Android 12; CPH2249) AppleWebKit/537.36 (KHTML, like Gecko) Chrome/96.0.4664.45 Mobile Safari/537.36"
::ffff:157.35.17.97 - - [19/Mar/2022:17:07:30 +0000] "GET /favicon.ico HTTP/1.1" 404 150 "http://50.19.145.241.nip.io:8000/users/signin" "Mozilla/5.0 (Linux; Android 12; CPH2249) AppleWebKit/537.36 (KHTML, like Gecko) Chrome/96.0.4664.45 Mobile Safari/537.36"
::ffff:49.42.64.172 - - [19/Mar/2022:17:12:16 +0000] "GET / HTTP/1.1" 302 70 "-" "Mozilla/5.0 (Linux; Android 8.1.0; CPH1901) AppleWebKit/537.36 (KHTML, like Gecko) Chrome/98.0.4758.87 Mobile Safari/537.36"
::ffff:49.42.64.172 - - [19/Mar/2022:17:12:17 +0000] "GET /users/signin HTTP/1.1" 304 - "-" "Mozilla/5.0 (Linux; Android 8.1.0; CPH1901) AppleWebKit/537.36 (KHTML, like Gecko) Chrome/98.0.4758.87 Mobile Safari/537.36"
::ffff:49.42.64.172 - - [19/Mar/2022:17:12:18 +0000] "GET /favicon.ico HTTP/1.1" 404 150 "http://namastebuddies.in:8000/users/signin" "Mozilla/5.0 (Linux; Android 8.1.0; CPH1901) AppleWebKit/537.36 (KHTML, like Gecko) Chrome/98.0.4758.87 Mobile Safari/537.36"
::ffff:49.42.64.172 - - [19/Mar/2022:17:12:20 +0000] "GET /users/auth/google HTTP/1.1" 302 0 "http://namastebuddies.in:8000/users/signin" "Mozilla/5.0 (Linux; Android 8.1.0; CPH1901) AppleWebKit/537.36 (KHTML, like Gecko) Chrome/98.0.4758.87 Mobile Safari/537.36"
::ffff:49.42.64.172 - - [19/Mar/2022:17:12:30 +0000] "GET /users/auth/google/callback?code=4%2F0AX4XfWjAwXARMYGbeL9ROKYrGMMsWtIxZmHFCBmBftWHisCJqncfZN7PONsj9NSuN1nOow&scope=email+profile+openid+https%3A%2F%2Fwww.googleapis.com%2Fauth%2Fuserinfo.profile+https%3A%2F%2Fwww.googleapis.com%2Fauth%2Fuserinfo.email&authuser=0&prompt=none HTTP/1.1" 302 46 "-" "Mozilla/5.0 (Linux; Android 8.1.0; CPH1901) AppleWebKit/537.36 (KHTML, like Gecko) Chrome/98.0.4758.87 Mobile Safari/537.36"
::ffff:49.42.64.172 - - [19/Mar/2022:17:12:32 +0000] "GET / HTTP/1.1" 200 210445 "-" "Mozilla/5.0 (Linux; Android 8.1.0; CPH1901) AppleWebKit/537.36 (KHTML, like Gecko) Chrome/98.0.4758.87 Mobile Safari/537.36"
::ffff:49.42.64.172 - - [19/Mar/2022:17:12:37 +0000] "GET /favicon.ico HTTP/1.1" 404 150 "http://50.19.145.241.nip.io:8000/" "Mozilla/5.0 (Linux; Android 8.1.0; CPH1901) AppleWebKit/537.36 (KHTML, like Gecko) Chrome/98.0.4758.87 Mobile Safari/537.36"
::ffff:49.42.64.172 - - [19/Mar/2022:17:12:55 +0000] "POST /users/create-session HTTP/1.1" 302 46 "http://namastebuddies.in:8000/users/signin" "Mozilla/5.0 (Linux; Android 8.1.0; CPH1901) AppleWebKit/537.36 (KHTML, like Gecko) Chrome/98.0.4758.87 Mobile Safari/537.36"
::ffff:49.42.64.172 - - [19/Mar/2022:17:12:56 +0000] "GET / HTTP/1.1" 200 210445 "http://namastebuddies.in:8000/users/signin" "Mozilla/5.0 (Linux; Android 8.1.0; CPH1901) AppleWebKit/537.36 (KHTML, like Gecko) Chrome/98.0.4758.87 Mobile Safari/537.36"
::ffff:49.42.64.172 - - [19/Mar/2022:17:13:48 +0000] "GET /likes/toggle/?likeableId=623606494e092f5d7899f8b4&type=Post&reaction=namaste HTTP/1.1" 200 110 "http://namastebuddies.in:8000/" "Mozilla/5.0 (Linux; Android 8.1.0; CPH1901) AppleWebKit/537.36 (KHTML, like Gecko) Chrome/98.0.4758.87 Mobile Safari/537.36"
::ffff:49.42.64.172 - - [19/Mar/2022:17:14:00 +0000] "GET /users/findFriends HTTP/1.1" 200 38437 "http://namastebuddies.in:8000/" "Mozilla/5.0 (Linux; Android 8.1.0; CPH1901) AppleWebKit/537.36 (KHTML, like Gecko) Chrome/98.0.4758.87 Mobile Safari/537.36"
::ffff:47.9.7.244 - - [19/Mar/2022:17:27:54 +0000] "GET / HTTP/1.1" 302 70 "-" "Mozilla/5.0 (Linux; Android 10; SAMSUNG SM-M305F) AppleWebKit/537.36 (KHTML, like Gecko) SamsungBrowser/13.0 Chrome/83.0.4103.106 Mobile Safari/537.36"
::ffff:47.9.7.244 - - [19/Mar/2022:17:27:55 +0000] "GET /users/signin HTTP/1.1" 304 - "-" "Mozilla/5.0 (Linux; Android 10; SAMSUNG SM-M305F) AppleWebKit/537.36 (KHTML, like Gecko) SamsungBrowser/13.0 Chrome/83.0.4103.106 Mobile Safari/537.36"
::ffff:47.9.7.244 - - [19/Mar/2022:17:27:56 +0000] "GET /favicon.ico HTTP/1.1" 404 150 "http://50.19.145.241.nip.io:8000/users/signin" "Mozilla/5.0 (Linux; Android 10; SAMSUNG SM-M305F) AppleWebKit/537.36 (KHTML, like Gecko) SamsungBrowser/13.0 Chrome/83.0.4103.106 Mobile Safari/537.36"
::ffff:47.9.7.244 - - [19/Mar/2022:17:28:08 +0000] "POST /users/create-session HTTP/1.1" 302 70 "http://50.19.145.241.nip.io:8000/users/signin" "Mozilla/5.0 (Linux; Android 10; SAMSUNG SM-M305F) AppleWebKit/537.36 (KHTML, like Gecko) SamsungBrowser/13.0 Chrome/83.0.4103.106 Mobile Safari/537.36"
::ffff:47.9.7.244 - - [19/Mar/2022:17:28:09 +0000] "GET /users/signin HTTP/1.1" 304 - "http://50.19.145.241.nip.io:8000/users/signin" "Mozilla/5.0 (Linux; Android 10; SAMSUNG SM-M305F) AppleWebKit/537.36 (KHTML, like Gecko) SamsungBrowser/13.0 Chrome/83.0.4103.106 Mobile Safari/537.36"
::ffff:47.9.7.244 - - [19/Mar/2022:17:28:25 +0000] "POST /users/create-session HTTP/1.1" 302 70 "http://50.19.145.241.nip.io:8000/users/signin" "Mozilla/5.0 (Linux; Android 10; SAMSUNG SM-M305F) AppleWebKit/537.36 (KHTML, like Gecko) SamsungBrowser/13.0 Chrome/83.0.4103.106 Mobile Safari/537.36"
::ffff:47.9.7.244 - - [19/Mar/2022:17:28:25 +0000] "GET /users/signin HTTP/1.1" 304 - "http://50.19.145.241.nip.io:8000/users/signin" "Mozilla/5.0 (Linux; Android 10; SAMSUNG SM-M305F) AppleWebKit/537.36 (KHTML, like Gecko) SamsungBrowser/13.0 Chrome/83.0.4103.106 Mobile Safari/537.36"
::ffff:47.9.7.244 - - [19/Mar/2022:17:28:29 +0000] "GET /users/signup HTTP/1.1" 304 - "http://50.19.145.241.nip.io:8000/users/signin" "Mozilla/5.0 (Linux; Android 10; SAMSUNG SM-M305F) AppleWebKit/537.36 (KHTML, like Gecko) SamsungBrowser/13.0 Chrome/83.0.4103.106 Mobile Safari/537.36"
::ffff:47.9.7.244 - - [19/Mar/2022:17:28:34 +0000] "GET /users/signup HTTP/1.1" 200 3355 "-" "Mozilla/5.0 (Linux; Android 10; SAMSUNG SM-M305F) AppleWebKit/537.36 (KHTML, like Gecko) SamsungBrowser/13.0 Chrome/83.0.4103.106 Mobile Safari/537.36"
::ffff:47.9.7.244 - - [19/Mar/2022:17:28:34 +0000] "GET /users/signup HTTP/1.1" 304 - "http://50.19.145.241.nip.io:8000/users/signin" "Mozilla/5.0 (Linux; Android 10; SAMSUNG SM-M305F) AppleWebKit/537.36 (KHTML, like Gecko) SamsungBrowser/13.0 Chrome/83.0.4103.106 Mobile Safari/537.36"
::ffff:134.122.2.159 - - [19/Mar/2022:17:30:32 +0000] "GET / HTTP/1.1" 302 35 "-" "Mozilla/5.0 zgrab/0.x"
::ffff:103.211.16.70 - - [19/Mar/2022:17:40:04 +0000] "GET /favicon.ico HTTP/1.1" 404 150 "http://50.19.145.241.nip.io:8000/users/signin" "Mozilla/5.0 (Linux; Android 11; RMX3081) AppleWebKit/537.36 (KHTML, like Gecko) Chrome/99.0.4844.58 Mobile Safari/537.36"
::ffff:112.79.229.194 - - [19/Mar/2022:18:16:16 +0000] "GET / HTTP/1.1" 200 212503 "-" "Mozilla/5.0 (Linux; Android 10; CPH1933) AppleWebKit/537.36 (KHTML, like Gecko) Chrome/99.0.4844.58 Mobile Safari/537.36"
::ffff:112.79.229.194 - - [19/Mar/2022:18:16:20 +0000] "GET /favicon.ico HTTP/1.1" 404 150 "http://50.19.145.241.nip.io:8000/" "Mozilla/5.0 (Linux; Android 10; CPH1933) AppleWebKit/537.36 (KHTML, like Gecko) Chrome/99.0.4844.58 Mobile Safari/537.36"
::ffff:137.59.240.201 - - [19/Mar/2022:18:31:25 +0000] "GET /users/signin HTTP/1.1" 304 - "-" "Mozilla/5.0 (Windows NT 10.0; Win64; x64) AppleWebKit/537.36 (KHTML, like Gecko) Chrome/99.0.4844.74 Safari/537.36"
::ffff:137.59.240.201 - - [19/Mar/2022:18:31:25 +0000] "GET /favicon.ico HTTP/1.1" 404 150 "http://50.19.145.241.nip.io:8000/users/signin" "Mozilla/5.0 (Windows NT 10.0; Win64; x64) AppleWebKit/537.36 (KHTML, like Gecko) Chrome/99.0.4844.74 Safari/537.36"
::ffff:137.59.240.201 - - [19/Mar/2022:18:31:51 +0000] "GET /users/signup HTTP/1.1" 200 3355 "http://50.19.145.241.nip.io:8000/users/signin" "Mozilla/5.0 (Windows NT 10.0; Win64; x64) AppleWebKit/537.36 (KHTML, like Gecko) Chrome/99.0.4844.74 Safari/537.36"
::ffff:137.59.240.201 - - [19/Mar/2022:18:35:16 +0000] "GET /users/signup HTTP/1.1" 304 - "http://50.19.145.241.nip.io:8000/users/signin" "Mozilla/5.0 (Windows NT 10.0; Win64; x64) AppleWebKit/537.36 (KHTML, like Gecko) Chrome/99.0.4844.74 Safari/537.36"
::ffff:137.59.240.201 - - [19/Mar/2022:18:35:43 +0000] "POST /users/create HTTP/1.1" 302 70 "http://50.19.145.241.nip.io:8000/users/signup" "Mozilla/5.0 (Windows NT 10.0; Win64; x64) AppleWebKit/537.36 (KHTML, like Gecko) Chrome/99.0.4844.74 Safari/537.36"
::ffff:137.59.240.201 - - [19/Mar/2022:18:35:43 +0000] "GET /users/signin HTTP/1.1" 304 - "http://50.19.145.241.nip.io:8000/users/signup" "Mozilla/5.0 (Windows NT 10.0; Win64; x64) AppleWebKit/537.36 (KHTML, like Gecko) Chrome/99.0.4844.74 Safari/537.36"
::ffff:137.59.240.201 - - [19/Mar/2022:18:36:04 +0000] "POST /users/create-session HTTP/1.1" 302 46 "http://50.19.145.241.nip.io:8000/users/signin" "Mozilla/5.0 (Windows NT 10.0; Win64; x64) AppleWebKit/537.36 (KHTML, like Gecko) Chrome/99.0.4844.74 Safari/537.36"
::ffff:137.59.240.201 - - [19/Mar/2022:18:36:05 +0000] "GET / HTTP/1.1" 200 211501 "http://50.19.145.241.nip.io:8000/users/signin" "Mozilla/5.0 (Windows NT 10.0; Win64; x64) AppleWebKit/537.36 (KHTML, like Gecko) Chrome/99.0.4844.74 Safari/537.36"
::ffff:137.59.240.201 - - [19/Mar/2022:18:37:17 +0000] "GET /users/profile/622e5afbedb5900a4dea10d4 HTTP/1.1" 200 96638 "http://50.19.145.241.nip.io:8000/" "Mozilla/5.0 (Windows NT 10.0; Win64; x64) AppleWebKit/537.36 (KHTML, like Gecko) Chrome/99.0.4844.74 Safari/537.36"
::ffff:137.59.240.201 - - [19/Mar/2022:18:37:36 +0000] "GET /groups/allUsers HTTP/1.1" 200 27914 "http://50.19.145.241.nip.io:8000/users/profile/622e5afbedb5900a4dea10d4" "Mozilla/5.0 (Windows NT 10.0; Win64; x64) AppleWebKit/537.36 (KHTML, like Gecko) Chrome/99.0.4844.74 Safari/537.36"
::ffff:137.59.240.201 - - [19/Mar/2022:18:38:21 +0000] "GET /users/profile/6236227f4e092f5d789a00eb HTTP/1.1" 200 80271 "http://50.19.145.241.nip.io:8000/users/profile/622e5afbedb5900a4dea10d4" "Mozilla/5.0 (Windows NT 10.0; Win64; x64) AppleWebKit/537.36 (KHTML, like Gecko) Chrome/99.0.4844.74 Safari/537.36"
::ffff:137.59.240.201 - - [19/Mar/2022:18:38:27 +0000] "GET /users/signout HTTP/1.1" 302 46 "http://50.19.145.241.nip.io:8000/users/profile/6236227f4e092f5d789a00eb" "Mozilla/5.0 (Windows NT 10.0; Win64; x64) AppleWebKit/537.36 (KHTML, like Gecko) Chrome/99.0.4844.74 Safari/537.36"
::ffff:137.59.240.201 - - [19/Mar/2022:18:38:27 +0000] "GET / HTTP/1.1" 302 70 "http://50.19.145.241.nip.io:8000/users/profile/6236227f4e092f5d789a00eb" "Mozilla/5.0 (Windows NT 10.0; Win64; x64) AppleWebKit/537.36 (KHTML, like Gecko) Chrome/99.0.4844.74 Safari/537.36"
::ffff:137.59.240.201 - - [19/Mar/2022:18:38:27 +0000] "GET /users/signin HTTP/1.1" 304 - "http://50.19.145.241.nip.io:8000/users/profile/6236227f4e092f5d789a00eb" "Mozilla/5.0 (Windows NT 10.0; Win64; x64) AppleWebKit/537.36 (KHTML, like Gecko) Chrome/99.0.4844.74 Safari/537.36"
::ffff:49.42.64.172 - - [19/Mar/2022:18:55:25 +0000] "GET /favicon.ico HTTP/1.1" 404 150 "http://namastebuddies.in:8000/" "Mozilla/5.0 (Linux; Android 8.1.0; CPH1901) AppleWebKit/537.36 (KHTML, like Gecko) Chrome/98.0.4758.87 Mobile Safari/537.36"
::ffff:49.42.64.172 - - [19/Mar/2022:18:55:46 +0000] "GET /users/findFriends HTTP/1.1" 200 39166 "http://namastebuddies.in:8000/" "Mozilla/5.0 (Linux; Android 8.1.0; CPH1901) AppleWebKit/537.36 (KHTML, like Gecko) Chrome/98.0.4758.87 Mobile Safari/537.36"
::ffff:49.207.195.212 - - [19/Mar/2022:18:58:25 +0000] "GET /favicon.ico HTTP/1.1" 404 150 "http://50.19.145.241.nip.io:8000/users/signin" "Mozilla/5.0 (Linux; U; Android 8.1.0; en-gb; Redmi 5A Build/OPM1.171019.026) AppleWebKit/537.36 (KHTML, like Gecko) Version/4.0 Chrome/71.0.3578.141 Mobile Safari/537.36 XiaoMi/MiuiBrowser/10.9.8-g"
::ffff:128.14.65.2 - - [19/Mar/2022:18:59:20 +0000] "GET / HTTP/1.1" 302 70 "-" "Mozilla/5.0 (Linux; Android 11; SM-A305F) AppleWebKit/537.36 (KHTML, like Gecko) Chrome/99.0.4844.73 Mobile Safari/537.36"
::ffff:128.14.65.2 - - [19/Mar/2022:18:59:21 +0000] "GET /users/signin HTTP/1.1" 200 2817 "-" "Mozilla/5.0 (Linux; Android 11; SM-A305F) AppleWebKit/537.36 (KHTML, like Gecko) Chrome/99.0.4844.73 Mobile Safari/537.36"
::ffff:128.14.65.2 - - [19/Mar/2022:18:59:32 +0000] "GET /favicon.ico HTTP/1.1" 404 150 "http://namastebuddies.in:8000/users/signin" "Mozilla/5.0 (Linux; Android 11; SM-A305F) AppleWebKit/537.36 (KHTML, like Gecko) Chrome/99.0.4844.73 Mobile Safari/537.36"
::ffff:128.14.65.2 - - [19/Mar/2022:18:59:55 +0000] "POST /users/create-session HTTP/1.1" 302 46 "http://namastebuddies.in:8000/users/signin" "Mozilla/5.0 (Linux; Android 11; SM-A305F) AppleWebKit/537.36 (KHTML, like Gecko) Chrome/99.0.4844.73 Mobile Safari/537.36"
::ffff:128.14.65.2 - - [19/Mar/2022:18:59:57 +0000] "GET / HTTP/1.1" 200 212810 "http://namastebuddies.in:8000/users/signin" "Mozilla/5.0 (Linux; Android 11; SM-A305F) AppleWebKit/537.36 (KHTML, like Gecko) Chrome/99.0.4844.73 Mobile Safari/537.36"
::ffff:128.14.65.2 - - [19/Mar/2022:19:00:11 +0000] "GET /users/sessionCheck HTTP/1.1" 200 26 "http://namastebuddies.in:8000/" "Mozilla/5.0 (Linux; Android 11; SM-A305F) AppleWebKit/537.36 (KHTML, like Gecko) Chrome/99.0.4844.73 Mobile Safari/537.36"
::ffff:128.14.65.2 - - [19/Mar/2022:19:00:33 +0000] "GET /posts/upload/1 HTTP/1.1" 200 21 "http://namastebuddies.in:8000/" "Mozilla/5.0 (Linux; Android 11; SM-A305F) AppleWebKit/537.36 (KHTML, like Gecko) Chrome/99.0.4844.73 Mobile Safari/537.36"
::ffff:49.42.64.172 - - [19/Mar/2022:19:02:14 +0000] "GET /favicon.ico HTTP/1.1" 404 150 "http://namastebuddies.in:8000/" "Mozilla/5.0 (Linux; Android 8.1.0; CPH1901) AppleWebKit/537.36 (KHTML, like Gecko) Chrome/98.0.4758.87 Mobile Safari/537.36"
::ffff:49.42.64.172 - - [19/Mar/2022:19:02:15 +0000] "GET /users/sessionCheck HTTP/1.1" 200 26 "http://namastebuddies.in:8000/" "Mozilla/5.0 (Linux; Android 8.1.0; CPH1901) AppleWebKit/537.36 (KHTML, like Gecko) Chrome/98.0.4758.87 Mobile Safari/537.36"
::ffff:128.14.65.2 - - [19/Mar/2022:19:02:48 +0000] "GET / HTTP/1.1" 304 - "http://namastebuddies.in:8000/users/signin" "Mozilla/5.0 (Linux; Android 11; SM-A305F) AppleWebKit/537.36 (KHTML, like Gecko) Chrome/99.0.4844.73 Mobile Safari/537.36"
::ffff:49.42.64.172 - - [19/Mar/2022:19:02:54 +0000] "GET /posts/upload/1 HTTP/1.1" 200 21 "http://namastebuddies.in:8000/" "Mozilla/5.0 (Linux; Android 8.1.0; CPH1901) AppleWebKit/537.36 (KHTML, like Gecko) Chrome/98.0.4758.87 Mobile Safari/537.36"
::ffff:49.42.64.172 - - [19/Mar/2022:19:02:54 +0000] "POST /posts/create HTTP/1.1" 302 104 "http://namastebuddies.in:8000/" "Mozilla/5.0 (Linux; Android 8.1.0; CPH1901) AppleWebKit/537.36 (KHTML, like Gecko) Chrome/98.0.4758.87 Mobile Safari/537.36"
::ffff:49.42.64.172 - - [19/Mar/2022:19:02:56 +0000] "GET / HTTP/1.1" 200 211898 "http://namastebuddies.in:8000/" "Mozilla/5.0 (Linux; Android 8.1.0; CPH1901) AppleWebKit/537.36 (KHTML, like Gecko) Chrome/98.0.4758.87 Mobile Safari/537.36"
::ffff:49.42.64.172 - - [19/Mar/2022:19:03:10 +0000] "GET / HTTP/1.1" 200 219528 "http://namastebuddies.in:8000/" "Mozilla/5.0 (Linux; Android 8.1.0; CPH1901) AppleWebKit/537.36 (KHTML, like Gecko) Chrome/98.0.4758.87 Mobile Safari/537.36"
::ffff:128.14.65.2 - - [19/Mar/2022:19:03:33 +0000] "GET /users/sessionCheck HTTP/1.1" 304 - "http://namastebuddies.in:8000/" "Mozilla/5.0 (Linux; Android 11; SM-A305F) AppleWebKit/537.36 (KHTML, like Gecko) Chrome/99.0.4844.73 Mobile Safari/537.36"
::ffff:128.14.65.2 - - [19/Mar/2022:19:03:34 +0000] "GET /posts/upload/0 HTTP/1.1" 200 21 "http://namastebuddies.in:8000/" "Mozilla/5.0 (Linux; Android 11; SM-A305F) AppleWebKit/537.36 (KHTML, like Gecko) Chrome/99.0.4844.73 Mobile Safari/537.36"
::ffff:128.14.65.2 - - [19/Mar/2022:19:03:35 +0000] "GET /users/sessionCheck HTTP/1.1" 304 - "http://namastebuddies.in:8000/" "Mozilla/5.0 (Linux; Android 11; SM-A305F) AppleWebKit/537.36 (KHTML, like Gecko) Chrome/99.0.4844.73 Mobile Safari/537.36"
::ffff:128.14.65.2 - - [19/Mar/2022:19:03:35 +0000] "POST /posts/create HTTP/1.1" 302 104 "http://namastebuddies.in:8000/" "Mozilla/5.0 (Linux; Android 11; SM-A305F) AppleWebKit/537.36 (KHTML, like Gecko) Chrome/99.0.4844.73 Mobile Safari/537.36"
::ffff:49.42.64.172 - - [19/Mar/2022:19:03:37 +0000] "GET /posts/destroy/623628de4e092f5d789a04aa HTTP/1.1" 200 95 "http://namastebuddies.in:8000/" "Mozilla/5.0 (Linux; Android 8.1.0; CPH1901) AppleWebKit/537.36 (KHTML, like Gecko) Chrome/98.0.4758.87 Mobile Safari/537.36"
::ffff:128.14.65.2 - - [19/Mar/2022:19:03:37 +0000] "GET /uploads/posts/photo/file1-1647716574928-355420209.jpg HTTP/1.1" 404 192 "http://namastebuddies.in:8000/" "Mozilla/5.0 (Linux; Android 11; SM-A305F) AppleWebKit/537.36 (KHTML, like Gecko) Chrome/99.0.4844.73 Mobile Safari/537.36"
::ffff:128.14.65.2 - - [19/Mar/2022:19:03:39 +0000] "GET / HTTP/1.1" 200 220035 "http://namastebuddies.in:8000/" "Mozilla/5.0 (Linux; Android 11; SM-A305F) AppleWebKit/537.36 (KHTML, like Gecko) Chrome/99.0.4844.73 Mobile Safari/537.36"
::ffff:49.42.64.172 - - [19/Mar/2022:19:03:45 +0000] "GET /users/sessionCheck HTTP/1.1" 304 - "http://namastebuddies.in:8000/" "Mozilla/5.0 (Linux; Android 8.1.0; CPH1901) AppleWebKit/537.36 (KHTML, like Gecko) Chrome/98.0.4758.87 Mobile Safari/537.36"
::ffff:128.14.65.2 - - [19/Mar/2022:19:05:40 +0000] "GET / HTTP/1.1" 200 212782 "http://namastebuddies.in:8000/" "Mozilla/5.0 (Linux; Android 11; SM-A305F) AppleWebKit/537.36 (KHTML, like Gecko) Chrome/99.0.4844.73 Mobile Safari/537.36"
::ffff:128.14.65.2 - - [19/Mar/2022:19:06:12 +0000] "GET / HTTP/1.1" 304 - "http://namastebuddies.in:8000/" "Mozilla/5.0 (Linux; Android 11; SM-A305F) AppleWebKit/537.36 (KHTML, like Gecko) Chrome/99.0.4844.73 Mobile Safari/537.36"
::ffff:49.42.64.172 - - [19/Mar/2022:19:06:17 +0000] "GET / HTTP/1.1" 200 211787 "http://namastebuddies.in:8000/" "Mozilla/5.0 (Linux; Android 8.1.0; CPH1901) AppleWebKit/537.36 (KHTML, like Gecko) Chrome/98.0.4758.87 Mobile Safari/537.36"
::ffff:49.42.64.172 - - [19/Mar/2022:19:06:31 +0000] "GET /users/findFriends HTTP/1.1" 304 - "http://namastebuddies.in:8000/" "Mozilla/5.0 (Linux; Android 8.1.0; CPH1901) AppleWebKit/537.36 (KHTML, like Gecko) Chrome/98.0.4758.87 Mobile Safari/537.36"
::ffff:49.42.64.172 - - [19/Mar/2022:19:06:40 +0000] "GET /users/profile/6236227f4e092f5d789a00eb HTTP/1.1" 200 79622 "http://namastebuddies.in:8000/users/findFriends" "Mozilla/5.0 (Linux; Android 8.1.0; CPH1901) AppleWebKit/537.36 (KHTML, like Gecko) Chrome/98.0.4758.87 Mobile Safari/537.36"
::ffff:157.39.27.137 - - [19/Mar/2022:20:49:54 +0000] "GET / HTTP/1.1" 200 213203 "-" "Mozilla/5.0 (Linux; Android 11; RMX2151) AppleWebKit/537.36 (KHTML, like Gecko) Chrome/98.0.4758.87 Mobile Safari/537.36"
::ffff:157.39.27.137 - - [19/Mar/2022:20:50:05 +0000] "GET /favicon.ico HTTP/1.1" 404 150 "http://50.19.145.241.nip.io:8000/" "Mozilla/5.0 (Linux; Android 11; RMX2151) AppleWebKit/537.36 (KHTML, like Gecko) Chrome/98.0.4758.87 Mobile Safari/537.36"
::ffff:104.206.128.66 - - [19/Mar/2022:21:30:55 +0000] "GET / HTTP/1.1" 302 35 "-" "https://gdnplus.com:Gather Analyze Provide."
::ffff:104.206.128.66 - - [19/Mar/2022:21:30:56 +0000] "GET /users/signin HTTP/1.1" 200 2817 "http://50.19.145.241:5000/" "https://gdnplus.com:Gather Analyze Provide."
::ffff:162.62.223.234 - - [19/Mar/2022:21:45:31 +0000] "GET / HTTP/1.1" 302 35 "-" "Mozilla/5.0 (X11; Linux x86_64) AppleWebKit/537.36 (KHTML, like Gecko) Chrome/86.0.4 240.111 Safari/537.36"
