::ffff:49.42.64.172 - - [18/Mar/2022:20:00:57 +0000] "GET /users/auth/google/callback?code=4%2F0AX4XfWhtNCDuMExk37sb22rHlCgy943x6xgWBEOeOrJRHxB8G1h9j0N5M1LeL1uDDuWLpQ&scope=email+profile+https%3A%2F%2Fwww.googleapis.com%2Fauth%2Fuserinfo.profile+https%3A%2F%2Fwww.googleapis.com%2Fauth%2Fuserinfo.email+openid&authuser=0&prompt=none HTTP/1.1" 302 46 "-" "Mozilla/5.0 (Linux; Android 8.1.0; CPH1901) AppleWebKit/537.36 (KHTML, like Gecko) Chrome/98.0.4758.87 Mobile Safari/537.36"
::ffff:49.42.64.172 - - [18/Mar/2022:20:00:58 +0000] "GET / HTTP/1.1" 200 67620 "-" "Mozilla/5.0 (Linux; Android 8.1.0; CPH1901) AppleWebKit/537.36 (KHTML, like Gecko) Chrome/98.0.4758.87 Mobile Safari/537.36"
::ffff:49.42.64.172 - - [18/Mar/2022:20:01:05 +0000] "GET /users/findFriends HTTP/1.1" 304 - "http://50.19.145.241.nip.io:8000/" "Mozilla/5.0 (Linux; Android 8.1.0; CPH1901) AppleWebKit/537.36 (KHTML, like Gecko) Chrome/98.0.4758.87 Mobile Safari/537.36"
::ffff:47.9.105.112 - - [18/Mar/2022:20:01:13 +0000] "POST /users/create-session HTTP/1.1" 302 70 "http://50.19.145.241.nip.io:8000/users/signin" "Mozilla/5.0 (Linux; Android 10; M2006C3MII) AppleWebKit/537.36 (KHTML, like Gecko) Chrome/94.0.4606.85 Mobile Safari/537.36 OPR/66.2.3445.62346"
::ffff:47.9.105.112 - - [18/Mar/2022:20:01:14 +0000] "GET /users/signin HTTP/1.1" 304 - "http://50.19.145.241.nip.io:8000/users/signin" "Mozilla/5.0 (Linux; Android 10; M2006C3MII) AppleWebKit/537.36 (KHTML, like Gecko) Chrome/94.0.4606.85 Mobile Safari/537.36 OPR/66.2.3445.62346"
::ffff:47.9.105.112 - - [18/Mar/2022:20:01:17 +0000] "GET /users/auth/google HTTP/1.1" 302 0 "http://50.19.145.241.nip.io:8000/users/signin" "Mozilla/5.0 (Linux; Android 10; M2006C3MII) AppleWebKit/537.36 (KHTML, like Gecko) Chrome/94.0.4606.85 Mobile Safari/537.36 OPR/66.2.3445.62346"
::ffff:47.9.105.112 - - [18/Mar/2022:20:01:53 +0000] "GET / HTTP/1.1" 302 70 "-" "Mozilla/5.0 (Linux; Android 10; M2006C3MII) AppleWebKit/537.36 (KHTML, like Gecko) Chrome/99.0.4844.58 Mobile Safari/537.36"
::ffff:47.9.105.112 - - [18/Mar/2022:20:01:53 +0000] "GET /users/signin HTTP/1.1" 200 2817 "-" "Mozilla/5.0 (Linux; Android 10; M2006C3MII) AppleWebKit/537.36 (KHTML, like Gecko) Chrome/99.0.4844.58 Mobile Safari/537.36"
::ffff:47.9.105.112 - - [18/Mar/2022:20:01:56 +0000] "GET /favicon.ico HTTP/1.1" 404 150 "http://50.19.145.241.nip.io:8000/users/signin" "Mozilla/5.0 (Linux; Android 10; M2006C3MII) AppleWebKit/537.36 (KHTML, like Gecko) Chrome/99.0.4844.58 Mobile Safari/537.36"
::ffff:47.9.105.112 - - [18/Mar/2022:20:01:57 +0000] "GET /users/auth/google HTTP/1.1" 302 0 "http://50.19.145.241.nip.io:8000/users/signin" "Mozilla/5.0 (Linux; Android 10; M2006C3MII) AppleWebKit/537.36 (KHTML, like Gecko) Chrome/99.0.4844.58 Mobile Safari/537.36"
::ffff:49.42.64.172 - - [18/Mar/2022:20:01:58 +0000] "GET /users/sessionCheck HTTP/1.1" 304 - "http://50.19.145.241.nip.io:8000/" "Mozilla/5.0 (Linux; Android 8.1.0; CPH1901) AppleWebKit/537.36 (KHTML, like Gecko) Chrome/98.0.4758.87 Mobile Safari/537.36"
::ffff:47.9.105.112 - - [18/Mar/2022:20:02:03 +0000] "GET /users/auth/google/callback?code=4%2F0AX4XfWiess0kC8iODzRpCN4pjFTEMGQLRqcoGI4UC0YFzzV7T1Ygr0K_BJ6Z0bR97MHmlA&scope=email+profile+https%3A%2F%2Fwww.googleapis.com%2Fauth%2Fuserinfo.profile+https%3A%2F%2Fwww.googleapis.com%2Fauth%2Fuserinfo.email+openid&authuser=1&prompt=consent HTTP/1.1" 302 46 "-" "Mozilla/5.0 (Linux; Android 10; M2006C3MII) AppleWebKit/537.36 (KHTML, like Gecko) Chrome/99.0.4844.58 Mobile Safari/537.36"
::ffff:47.9.105.112 - - [18/Mar/2022:20:02:04 +0000] "GET / HTTP/1.1" 200 66893 "-" "Mozilla/5.0 (Linux; Android 10; M2006C3MII) AppleWebKit/537.36 (KHTML, like Gecko) Chrome/99.0.4844.58 Mobile Safari/537.36"
::ffff:47.9.105.112 - - [18/Mar/2022:20:02:25 +0000] "GET /users/sessionCheck HTTP/1.1" 200 26 "http://50.19.145.241.nip.io:8000/" "Mozilla/5.0 (Linux; Android 10; M2006C3MII) AppleWebKit/537.36 (KHTML, like Gecko) Chrome/99.0.4844.58 Mobile Safari/537.36"
::ffff:47.9.105.112 - - [18/Mar/2022:20:02:34 +0000] "GET /users/auth/google/callback?code=4%2F0AX4XfWieLj1Rvhh9lAdVcOek4HIX29U18AssU4KbkmzHz8axVhXByGyy8VuyIO-1v0FHQQ&scope=email+profile+https%3A%2F%2Fwww.googleapis.com%2Fauth%2Fuserinfo.profile+https%3A%2F%2Fwww.googleapis.com%2Fauth%2Fuserinfo.email+openid&authuser=1&prompt=none HTTP/1.1" 302 46 "-" "Mozilla/5.0 (Linux; Android 10; M2006C3MII) AppleWebKit/537.36 (KHTML, like Gecko) Chrome/99.0.4844.58 Mobile Safari/537.36"
::ffff:47.9.105.112 - - [18/Mar/2022:20:02:35 +0000] "GET / HTTP/1.1" 304 - "-" "Mozilla/5.0 (Linux; Android 10; M2006C3MII) AppleWebKit/537.36 (KHTML, like Gecko) Chrome/99.0.4844.58 Mobile Safari/537.36"
::ffff:47.9.105.112 - - [18/Mar/2022:20:02:37 +0000] "GET /users/sessionCheck HTTP/1.1" 304 - "http://50.19.145.241.nip.io:8000/" "Mozilla/5.0 (Linux; Android 10; M2006C3MII) AppleWebKit/537.36 (KHTML, like Gecko) Chrome/99.0.4844.58 Mobile Safari/537.36"
::ffff:49.42.64.172 - - [18/Mar/2022:20:03:09 +0000] "GET /users/findFriends HTTP/1.1" 200 5954 "http://50.19.145.241.nip.io:8000/" "Mozilla/5.0 (Linux; Android 8.1.0; CPH1901) AppleWebKit/537.36 (KHTML, like Gecko) Chrome/98.0.4758.87 Mobile Safari/537.36"
::ffff:49.42.64.172 - - [18/Mar/2022:20:03:16 +0000] "GET /users/profile/6234e53b4e092f5d78994713 HTTP/1.1" 200 17517 "http://50.19.145.241.nip.io:8000/users/findFriends" "Mozilla/5.0 (Linux; Android 8.1.0; CPH1901) AppleWebKit/537.36 (KHTML, like Gecko) Chrome/98.0.4758.87 Mobile Safari/537.36"
::ffff:47.9.105.112 - - [18/Mar/2022:20:03:30 +0000] "GET /posts/upload/1 HTTP/1.1" 200 21 "http://50.19.145.241.nip.io:8000/" "Mozilla/5.0 (Linux; Android 10; M2006C3MII) AppleWebKit/537.36 (KHTML, like Gecko) Chrome/99.0.4844.58 Mobile Safari/537.36"
::ffff:47.9.105.112 - - [18/Mar/2022:20:03:31 +0000] "POST /posts/create HTTP/1.1" 302 110 "http://50.19.145.241.nip.io:8000/" "Mozilla/5.0 (Linux; Android 10; M2006C3MII) AppleWebKit/537.36 (KHTML, like Gecko) Chrome/99.0.4844.58 Mobile Safari/537.36"
::ffff:47.9.105.112 - - [18/Mar/2022:20:03:33 +0000] "GET / HTTP/1.1" 200 74540 "http://50.19.145.241.nip.io:8000/" "Mozilla/5.0 (Linux; Android 10; M2006C3MII) AppleWebKit/537.36 (KHTML, like Gecko) Chrome/99.0.4844.58 Mobile Safari/537.36"
::ffff:47.9.105.112 - - [18/Mar/2022:20:03:35 +0000] "GET / HTTP/1.1" 304 - "http://50.19.145.241.nip.io:8000/" "Mozilla/5.0 (Linux; Android 10; M2006C3MII) AppleWebKit/537.36 (KHTML, like Gecko) Chrome/99.0.4844.58 Mobile Safari/537.36"
::ffff:49.42.64.172 - - [18/Mar/2022:20:03:51 +0000] "GET / HTTP/1.1" 200 76134 "http://50.19.145.241.nip.io:8000/users/profile/6234e53b4e092f5d78994713" "Mozilla/5.0 (Linux; Android 8.1.0; CPH1901) AppleWebKit/537.36 (KHTML, like Gecko) Chrome/98.0.4758.87 Mobile Safari/537.36"
::ffff:49.42.64.172 - - [18/Mar/2022:20:04:14 +0000] "GET /likes/toggle/?likeableId=6234e5934e092f5d7899477f&type=Post&reaction=like HTTP/1.1" 200 110 "http://50.19.145.241.nip.io:8000/" "Mozilla/5.0 (Linux; Android 8.1.0; CPH1901) AppleWebKit/537.36 (KHTML, like Gecko) Chrome/98.0.4758.87 Mobile Safari/537.36"
::ffff:49.42.64.172 - - [18/Mar/2022:20:09:07 +0000] "GET /users/sessionCheck HTTP/1.1" 304 - "http://50.19.145.241.nip.io:8000/" "Mozilla/5.0 (Linux; Android 8.1.0; CPH1901) AppleWebKit/537.36 (KHTML, like Gecko) Chrome/98.0.4758.87 Mobile Safari/537.36"
::ffff:49.42.64.172 - - [18/Mar/2022:20:09:14 +0000] "GET / HTTP/1.1" 200 76241 "http://50.19.145.241.nip.io:8000/users/profile/6234e53b4e092f5d78994713" "Mozilla/5.0 (Linux; Android 8.1.0; CPH1901) AppleWebKit/537.36 (KHTML, like Gecko) Chrome/98.0.4758.87 Mobile Safari/537.36"
::ffff:47.9.105.112 - - [18/Mar/2022:20:10:03 +0000] "GET /users/auth/google HTTP/1.1" 302 0 "http://50.19.145.241.nip.io:8000/users/signin" "Mozilla/5.0 (Linux; Android 10; M2006C3MII) AppleWebKit/537.36 (KHTML, like Gecko) Chrome/99.0.4844.58 Mobile Safari/537.36"
::ffff:47.9.105.112 - - [18/Mar/2022:20:10:08 +0000] "GET /users/auth/google/callback?code=4%2F0AX4XfWjZDT3h_pr0nY5AU-YVHT_JKLVZfiVzu3vqNiqvl6qad_rDbn4hUCP-chSJp7KGRQ&scope=email+profile+https%3A%2F%2Fwww.googleapis.com%2Fauth%2Fuserinfo.email+openid+https%3A%2F%2Fwww.googleapis.com%2Fauth%2Fuserinfo.profile&authuser=1&prompt=none HTTP/1.1" 302 46 "-" "Mozilla/5.0 (Linux; Android 10; M2006C3MII) AppleWebKit/537.36 (KHTML, like Gecko) Chrome/99.0.4844.58 Mobile Safari/537.36"
::ffff:47.9.105.112 - - [18/Mar/2022:20:10:09 +0000] "GET / HTTP/1.1" 200 75339 "-" "Mozilla/5.0 (Linux; Android 10; M2006C3MII) AppleWebKit/537.36 (KHTML, like Gecko) Chrome/99.0.4844.58 Mobile Safari/537.36"
::ffff:47.9.105.112 - - [18/Mar/2022:20:10:22 +0000] "GET /users/profile/6234e53b4e092f5d78994713 HTTP/1.1" 200 24991 "http://50.19.145.241.nip.io:8000/" "Mozilla/5.0 (Linux; Android 10; M2006C3MII) AppleWebKit/537.36 (KHTML, like Gecko) Chrome/99.0.4844.58 Mobile Safari/537.36"
::ffff:47.9.105.112 - - [18/Mar/2022:20:10:27 +0000] "GET /users/update-page HTTP/1.1" 200 2897 "http://50.19.145.241.nip.io:8000/users/profile/6234e53b4e092f5d78994713" "Mozilla/5.0 (Linux; Android 10; M2006C3MII) AppleWebKit/537.36 (KHTML, like Gecko) Chrome/99.0.4844.58 Mobile Safari/537.36"
::ffff:49.42.64.172 - - [18/Mar/2022:20:10:29 +0000] "GET /users/sessionCheck HTTP/1.1" 304 - "http://50.19.145.241.nip.io:8000/" "Mozilla/5.0 (Linux; Android 8.1.0; CPH1901) AppleWebKit/537.36 (KHTML, like Gecko) Chrome/98.0.4758.87 Mobile Safari/537.36"
::ffff:47.9.105.112 - - [18/Mar/2022:20:11:11 +0000] "POST /users/update HTTP/1.1" 302 122 "http://50.19.145.241.nip.io:8000/users/update-page" "Mozilla/5.0 (Linux; Android 10; M2006C3MII) AppleWebKit/537.36 (KHTML, like Gecko) Chrome/99.0.4844.58 Mobile Safari/537.36"
::ffff:47.9.105.112 - - [18/Mar/2022:20:11:12 +0000] "GET /users/profile/6234e53b4e092f5d78994713 HTTP/1.1" 200 25143 "http://50.19.145.241.nip.io:8000/users/update-page" "Mozilla/5.0 (Linux; Android 10; M2006C3MII) AppleWebKit/537.36 (KHTML, like Gecko) Chrome/99.0.4844.58 Mobile Safari/537.36"
::ffff:47.9.105.112 - - [18/Mar/2022:20:12:34 +0000] "GET /users/profile/6234e53b4e092f5d78994713 HTTP/1.1" 304 - "http://50.19.145.241.nip.io:8000/users/profile/6234e53b4e092f5d78994713" "Mozilla/5.0 (Linux; Android 10; M2006C3MII) AppleWebKit/537.36 (KHTML, like Gecko) Chrome/99.0.4844.58 Mobile Safari/537.36"
::ffff:49.42.64.172 - - [18/Mar/2022:20:12:42 +0000] "GET / HTTP/1.1" 200 76335 "http://50.19.145.241.nip.io:8000/users/profile/6234e53b4e092f5d78994713" "Mozilla/5.0 (Linux; Android 8.1.0; CPH1901) AppleWebKit/537.36 (KHTML, like Gecko) Chrome/98.0.4758.87 Mobile Safari/537.36"
::ffff:47.9.105.112 - - [18/Mar/2022:20:12:46 +0000] "GET /users/profile/6234e53b4e092f5d78994713 HTTP/1.1" 304 - "http://50.19.145.241.nip.io:8000/users/profile/6234e53b4e092f5d78994713" "Mozilla/5.0 (Linux; Android 10; M2006C3MII) AppleWebKit/537.36 (KHTML, like Gecko) Chrome/99.0.4844.58 Mobile Safari/537.36"
::ffff:47.9.105.112 - - [18/Mar/2022:20:12:50 +0000] "GET /users/update-page HTTP/1.1" 200 2955 "http://50.19.145.241.nip.io:8000/users/profile/6234e53b4e092f5d78994713" "Mozilla/5.0 (Linux; Android 10; M2006C3MII) AppleWebKit/537.36 (KHTML, like Gecko) Chrome/99.0.4844.58 Mobile Safari/537.36"
::ffff:49.42.64.172 - - [18/Mar/2022:20:14:24 +0000] "GET /users/sessionCheck HTTP/1.1" 304 - "http://50.19.145.241.nip.io:8000/" "Mozilla/5.0 (Linux; Android 8.1.0; CPH1901) AppleWebKit/537.36 (KHTML, like Gecko) Chrome/98.0.4758.87 Mobile Safari/537.36"
