::ffff:165.227.35.203 - - [18/Mar/2022:00:56:56 +0000] "HEAD / HTTP/1.0" 302 35 "-" "-"
::ffff:165.227.35.203 - - [18/Mar/2022:00:56:56 +0000] "GET /system_api.php HTTP/1.1" 404 153 "-" "Mozilla/5.0 (Windows NT 10.0; Win64; x64) AppleWebKit/537.36 (KHTML, like Gecko) Chrome/74.0.3729.169 Safari/537.36"
::ffff:165.227.35.203 - - [18/Mar/2022:00:56:56 +0000] "GET /c/version.js HTTP/1.1" 404 151 "-" "Mozilla/5.0 (Windows NT 10.0; Win64; x64) AppleWebKit/537.36 (KHTML, like Gecko) Chrome/74.0.3729.169 Safari/537.36"
::ffff:165.227.35.203 - - [18/Mar/2022:00:56:56 +0000] "GET /streaming/clients_live.php HTTP/1.1" 404 165 "-" "Mozilla/5.0 (Windows NT 10.0; Win64; x64) AppleWebKit/537.36 (KHTML, like Gecko) Chrome/74.0.3729.169 Safari/537.36"
::ffff:165.227.35.203 - - [18/Mar/2022:00:56:56 +0000] "GET /stalker_portal/c/version.js HTTP/1.1" 404 166 "-" "Mozilla/5.0 (Windows NT 10.0; Win64; x64) AppleWebKit/537.36 (KHTML, like Gecko) Chrome/74.0.3729.169 Safari/537.36"
::ffff:165.227.35.203 - - [18/Mar/2022:00:56:56 +0000] "GET /stream/live.php HTTP/1.1" 404 154 "-" "Roku/DVP-9.10 (289.10E04111A)"
::ffff:165.227.35.203 - - [18/Mar/2022:00:56:56 +0000] "GET /flu/403.html HTTP/1.1" 404 151 "-" "Mozilla/5.0 (Windows NT 10.0; Win64; x64) AppleWebKit/537.36 (KHTML, like Gecko) Chrome/74.0.3729.169 Safari/537.36"
::ffff:165.227.35.203 - - [18/Mar/2022:00:56:56 +0000] "GET / HTTP/1.1" 302 35 "-" "Mozilla/5.0 (Windows NT 10.0; Win64; x64) AppleWebKit/537.36 (KHTML, like Gecko) Chrome/74.0.3729.169 Safari/537.36"
::ffff:165.227.35.203 - - [18/Mar/2022:00:56:56 +0000] "GET /users/signin HTTP/1.1" 200 2817 "-" "Mozilla/5.0 (Windows NT 10.0; Win64; x64) AppleWebKit/537.36 (KHTML, like Gecko) Chrome/74.0.3729.169 Safari/537.36"
::ffff:81.39.204.8 - - [18/Mar/2022:01:42:57 +0000] "GET / HTTP/1.1" 302 35 "-" "Mozilla/5.0 zgrab/0.x"
::ffff:167.248.133.47 - - [18/Mar/2022:02:37:53 +0000] "GET / HTTP/1.1" 302 35 "-" "-"
::ffff:167.248.133.47 - - [18/Mar/2022:02:37:53 +0000] "GET / HTTP/1.1" 302 35 "-" "Mozilla/5.0 (compatible; CensysInspect/1.1; +https://about.censys.io/)"
::ffff:167.248.133.47 - - [18/Mar/2022:02:37:53 +0000] "PRI * HTTP/2.0" - - "-" "-"
::ffff:167.248.133.47 - - [18/Mar/2022:02:37:53 +0000] "GET /users/signin HTTP/1.1" 200 2817 "-" "Mozilla/5.0 (compatible; CensysInspect/1.1; +https://about.censys.io/)"
::ffff:167.248.133.47 - - [18/Mar/2022:02:37:53 +0000] "PRI * HTTP/2.0" - - "-" "-"
::ffff:49.42.64.55 - - [18/Mar/2022:03:02:10 +0000] "GET /favicon.ico HTTP/1.1" 404 150 "http://50.19.145.241.nip.io:8000/" "Mozilla/5.0 (Linux; Android 8.1.0; CPH1901) AppleWebKit/537.36 (KHTML, like Gecko) Chrome/98.0.4758.87 Mobile Safari/537.36"
::ffff:49.42.64.55 - - [18/Mar/2022:05:30:29 +0000] "GET / HTTP/1.1" 302 35 "-" "WhatsApp/2.22.3.77 A"
::ffff:49.42.64.55 - - [18/Mar/2022:05:30:30 +0000] "GET /users/signin HTTP/1.1" 200 2817 "-" "WhatsApp/2.22.3.77 A"
::ffff:49.42.68.49 - - [18/Mar/2022:05:30:42 +0000] "GET / HTTP/1.1" 302 70 "-" "Mozilla/5.0 (Linux; Android 9; Redmi Note 5 Pro) AppleWebKit/537.36 (KHTML, like Gecko) Chrome/98.0.4758.87 Mobile Safari/537.36"
::ffff:49.42.68.49 - - [18/Mar/2022:05:30:42 +0000] "GET /users/signin HTTP/1.1" 200 2817 "-" "Mozilla/5.0 (Linux; Android 9; Redmi Note 5 Pro) AppleWebKit/537.36 (KHTML, like Gecko) Chrome/98.0.4758.87 Mobile Safari/537.36"
::ffff:49.42.68.49 - - [18/Mar/2022:05:30:44 +0000] "GET /favicon.ico HTTP/1.1" 404 150 "http://50.19.145.241.nip.io:8000/users/signin" "Mozilla/5.0 (Linux; Android 9; Redmi Note 5 Pro) AppleWebKit/537.36 (KHTML, like Gecko) Chrome/98.0.4758.87 Mobile Safari/537.36"
::ffff:49.42.68.49 - - [18/Mar/2022:05:30:56 +0000] "GET /users/signup HTTP/1.1" 200 3355 "http://50.19.145.241.nip.io:8000/users/signin" "Mozilla/5.0 (Linux; Android 9; Redmi Note 5 Pro) AppleWebKit/537.36 (KHTML, like Gecko) Chrome/98.0.4758.87 Mobile Safari/537.36"
::ffff:49.42.68.49 - - [18/Mar/2022:05:31:45 +0000] "POST /users/create HTTP/1.1" 302 70 "http://50.19.145.241.nip.io:8000/users/signup" "Mozilla/5.0 (Linux; Android 9; Redmi Note 5 Pro) AppleWebKit/537.36 (KHTML, like Gecko) Chrome/98.0.4758.87 Mobile Safari/537.36"
::ffff:49.42.68.49 - - [18/Mar/2022:05:31:46 +0000] "GET /users/signin HTTP/1.1" 304 - "http://50.19.145.241.nip.io:8000/users/signup" "Mozilla/5.0 (Linux; Android 9; Redmi Note 5 Pro) AppleWebKit/537.36 (KHTML, like Gecko) Chrome/98.0.4758.87 Mobile Safari/537.36"
::ffff:49.42.68.49 - - [18/Mar/2022:05:31:54 +0000] "POST /users/create-session HTTP/1.1" 302 70 "http://50.19.145.241.nip.io:8000/users/signin" "Mozilla/5.0 (Linux; Android 9; Redmi Note 5 Pro) AppleWebKit/537.36 (KHTML, like Gecko) Chrome/98.0.4758.87 Mobile Safari/537.36"
::ffff:49.42.68.49 - - [18/Mar/2022:05:31:55 +0000] "GET /users/signin HTTP/1.1" 304 - "http://50.19.145.241.nip.io:8000/users/signin" "Mozilla/5.0 (Linux; Android 9; Redmi Note 5 Pro) AppleWebKit/537.36 (KHTML, like Gecko) Chrome/98.0.4758.87 Mobile Safari/537.36"
::ffff:49.42.68.49 - - [18/Mar/2022:05:32:07 +0000] "POST /users/create-session HTTP/1.1" 302 70 "http://50.19.145.241.nip.io:8000/users/signin" "Mozilla/5.0 (Linux; Android 9; Redmi Note 5 Pro) AppleWebKit/537.36 (KHTML, like Gecko) Chrome/98.0.4758.87 Mobile Safari/537.36"
::ffff:49.42.68.49 - - [18/Mar/2022:05:32:08 +0000] "GET /users/signin HTTP/1.1" 304 - "http://50.19.145.241.nip.io:8000/users/signin" "Mozilla/5.0 (Linux; Android 9; Redmi Note 5 Pro) AppleWebKit/537.36 (KHTML, like Gecko) Chrome/98.0.4758.87 Mobile Safari/537.36"
::ffff:49.42.68.49 - - [18/Mar/2022:05:32:27 +0000] "POST /users/create-session HTTP/1.1" 302 70 "http://50.19.145.241.nip.io:8000/users/signin" "Mozilla/5.0 (Linux; Android 9; Redmi Note 5 Pro) AppleWebKit/537.36 (KHTML, like Gecko) Chrome/98.0.4758.87 Mobile Safari/537.36"
::ffff:49.42.68.49 - - [18/Mar/2022:05:32:27 +0000] "GET /users/signin HTTP/1.1" 304 - "http://50.19.145.241.nip.io:8000/users/signin" "Mozilla/5.0 (Linux; Android 9; Redmi Note 5 Pro) AppleWebKit/537.36 (KHTML, like Gecko) Chrome/98.0.4758.87 Mobile Safari/537.36"
::ffff:49.42.68.49 - - [18/Mar/2022:05:32:37 +0000] "GET /users/forgot-password/enter-mail HTTP/1.1" 200 1868 "http://50.19.145.241.nip.io:8000/users/signin" "Mozilla/5.0 (Linux; Android 9; Redmi Note 5 Pro) AppleWebKit/537.36 (KHTML, like Gecko) Chrome/98.0.4758.87 Mobile Safari/537.36"
::ffff:49.42.68.49 - - [18/Mar/2022:05:32:46 +0000] "GET /users/auth/google HTTP/1.1" 302 0 "http://50.19.145.241.nip.io:8000/users/forgot-password/enter-mail" "Mozilla/5.0 (Linux; Android 9; Redmi Note 5 Pro) AppleWebKit/537.36 (KHTML, like Gecko) Chrome/98.0.4758.87 Mobile Safari/537.36"
::ffff:49.42.68.49 - - [18/Mar/2022:05:32:54 +0000] "GET /users/auth/google/callback?code=4%2F0AX4XfWjBWbdEAombS4BvWCi2WxhObKcB805kHe8loLnw9oGWFPcQQ3aa3809C1J-mzxjMQ&scope=email+profile+https%3A%2F%2Fwww.googleapis.com%2Fauth%2Fuserinfo.profile+https%3A%2F%2Fwww.googleapis.com%2Fauth%2Fuserinfo.email+openid&authuser=1&prompt=consent HTTP/1.1" 302 46 "-" "Mozilla/5.0 (Linux; Android 9; Redmi Note 5 Pro) AppleWebKit/537.36 (KHTML, like Gecko) Chrome/98.0.4758.87 Mobile Safari/537.36"
::ffff:49.42.68.49 - - [18/Mar/2022:05:32:55 +0000] "GET / HTTP/1.1" 200 95763 "-" "Mozilla/5.0 (Linux; Android 9; Redmi Note 5 Pro) AppleWebKit/537.36 (KHTML, like Gecko) Chrome/98.0.4758.87 Mobile Safari/537.36"
::ffff:49.42.64.55 - - [18/Mar/2022:05:34:15 +0000] "GET / HTTP/1.1" 200 97651 "-" "Mozilla/5.0 (Linux; Android 8.1.0; CPH1901) AppleWebKit/537.36 (KHTML, like Gecko) Chrome/98.0.4758.87 Mobile Safari/537.36"
::ffff:49.42.64.55 - - [18/Mar/2022:05:34:18 +0000] "GET /favicon.ico HTTP/1.1" 404 150 "http://50.19.145.241.nip.io:8000/" "Mozilla/5.0 (Linux; Android 8.1.0; CPH1901) AppleWebKit/537.36 (KHTML, like Gecko) Chrome/98.0.4758.87 Mobile Safari/537.36"
::ffff:49.42.68.49 - - [18/Mar/2022:05:34:20 +0000] "GET /users/sessionCheck HTTP/1.1" 200 26 "http://50.19.145.241.nip.io:8000/" "Mozilla/5.0 (Linux; Android 9; Redmi Note 5 Pro) AppleWebKit/537.36 (KHTML, like Gecko) Chrome/98.0.4758.87 Mobile Safari/537.36"
::ffff:49.42.68.49 - - [18/Mar/2022:05:34:27 +0000] "GET /users/friendAndGroups HTTP/1.1" 200 2309 "http://50.19.145.241.nip.io:8000/" "Mozilla/5.0 (Linux; Android 9; Redmi Note 5 Pro) AppleWebKit/537.36 (KHTML, like Gecko) Chrome/98.0.4758.87 Mobile Safari/537.36"
::ffff:49.42.64.55 - - [18/Mar/2022:05:34:34 +0000] "GET /users/friendAndGroups HTTP/1.1" 304 - "http://50.19.145.241.nip.io:8000/" "Mozilla/5.0 (Linux; Android 8.1.0; CPH1901) AppleWebKit/537.36 (KHTML, like Gecko) Chrome/98.0.4758.87 Mobile Safari/537.36"
::ffff:49.42.64.55 - - [18/Mar/2022:05:34:37 +0000] "GET /users/friendAndGroups HTTP/1.1" 304 - "http://50.19.145.241.nip.io:8000/" "Mozilla/5.0 (Linux; Android 8.1.0; CPH1901) AppleWebKit/537.36 (KHTML, like Gecko) Chrome/98.0.4758.87 Mobile Safari/537.36"
::ffff:49.42.68.49 - - [18/Mar/2022:05:34:40 +0000] "GET /users/friendAndGroups HTTP/1.1" 304 - "http://50.19.145.241.nip.io:8000/" "Mozilla/5.0 (Linux; Android 9; Redmi Note 5 Pro) AppleWebKit/537.36 (KHTML, like Gecko) Chrome/98.0.4758.87 Mobile Safari/537.36"
::ffff:49.42.68.49 - - [18/Mar/2022:05:34:46 +0000] "GET /users/findFriends HTTP/1.1" 200 4492 "http://50.19.145.241.nip.io:8000/" "Mozilla/5.0 (Linux; Android 9; Redmi Note 5 Pro) AppleWebKit/537.36 (KHTML, like Gecko) Chrome/98.0.4758.87 Mobile Safari/537.36"
::ffff:49.42.64.55 - - [18/Mar/2022:05:35:01 +0000] "GET / HTTP/1.1" 200 98582 "-" "Mozilla/5.0 (Linux; Android 8.1.0; CPH1901) AppleWebKit/537.36 (KHTML, like Gecko) Chrome/98.0.4758.87 Mobile Safari/537.36"
::ffff:49.42.64.55 - - [18/Mar/2022:05:35:06 +0000] "POST /users/friends/toggle/623419414e092f5d78993ce9 HTTP/1.1" 200 98 "http://50.19.145.241.nip.io:8000/" "Mozilla/5.0 (Linux; Android 8.1.0; CPH1901) AppleWebKit/537.36 (KHTML, like Gecko) Chrome/98.0.4758.87 Mobile Safari/537.36"
::ffff:49.42.68.49 - - [18/Mar/2022:05:35:15 +0000] "GET /users/friendAndGroups HTTP/1.1" 200 3143 "http://50.19.145.241.nip.io:8000/" "Mozilla/5.0 (Linux; Android 9; Redmi Note 5 Pro) AppleWebKit/537.36 (KHTML, like Gecko) Chrome/98.0.4758.87 Mobile Safari/537.36"
::ffff:49.42.64.55 - - [18/Mar/2022:05:35:18 +0000] "GET /users/friendAndGroups HTTP/1.1" 200 3942 "http://50.19.145.241.nip.io:8000/" "Mozilla/5.0 (Linux; Android 8.1.0; CPH1901) AppleWebKit/537.36 (KHTML, like Gecko) Chrome/98.0.4758.87 Mobile Safari/537.36"
::ffff:49.42.68.49 - - [18/Mar/2022:05:35:18 +0000] "GET /users/profile/622e5afbedb5900a4dea10d4 HTTP/1.1" 200 29016 "http://50.19.145.241.nip.io:8000/users/friendAndGroups" "Mozilla/5.0 (Linux; Android 9; Redmi Note 5 Pro) AppleWebKit/537.36 (KHTML, like Gecko) Chrome/98.0.4758.87 Mobile Safari/537.36"
::ffff:49.42.68.49 - - [18/Mar/2022:05:35:26 +0000] "GET /message/messagepage/622e5afbedb5900a4dea10d4 HTTP/1.1" 200 2195 "http://50.19.145.241.nip.io:8000/users/profile/622e5afbedb5900a4dea10d4" "Mozilla/5.0 (Linux; Android 9; Redmi Note 5 Pro) AppleWebKit/537.36 (KHTML, like Gecko) Chrome/98.0.4758.87 Mobile Safari/537.36"
::ffff:49.42.64.55 - - [18/Mar/2022:05:35:29 +0000] "GET /message/messagepage/623419414e092f5d78993ce9 HTTP/1.1" 200 2203 "http://50.19.145.241.nip.io:8000/users/friendAndGroups" "Mozilla/5.0 (Linux; Android 8.1.0; CPH1901) AppleWebKit/537.36 (KHTML, like Gecko) Chrome/98.0.4758.87 Mobile Safari/537.36"
::ffff:49.42.68.49 - - [18/Mar/2022:05:35:33 +0000] "POST /message/create HTTP/1.1" 200 161 "http://50.19.145.241.nip.io:8000/message/messagepage/622e5afbedb5900a4dea10d4" "Mozilla/5.0 (Linux; Android 9; Redmi Note 5 Pro) AppleWebKit/537.36 (KHTML, like Gecko) Chrome/98.0.4758.87 Mobile Safari/537.36"
::ffff:49.42.68.49 - - [18/Mar/2022:05:35:34 +0000] "POST /message/create HTTP/1.1" 200 147 "http://50.19.145.241.nip.io:8000/message/messagepage/622e5afbedb5900a4dea10d4" "Mozilla/5.0 (Linux; Android 9; Redmi Note 5 Pro) AppleWebKit/537.36 (KHTML, like Gecko) Chrome/98.0.4758.87 Mobile Safari/537.36"
::ffff:49.42.64.55 - - [18/Mar/2022:05:35:44 +0000] "POST /message/create HTTP/1.1" 200 156 "http://50.19.145.241.nip.io:8000/message/messagepage/623419414e092f5d78993ce9" "Mozilla/5.0 (Linux; Android 8.1.0; CPH1901) AppleWebKit/537.36 (KHTML, like Gecko) Chrome/98.0.4758.87 Mobile Safari/537.36"
::ffff:49.42.64.55 - - [18/Mar/2022:05:36:30 +0000] "GET /users/friendAndGroups HTTP/1.1" 304 - "http://50.19.145.241.nip.io:8000/" "Mozilla/5.0 (Linux; Android 8.1.0; CPH1901) AppleWebKit/537.36 (KHTML, like Gecko) Chrome/98.0.4758.87 Mobile Safari/537.36"
::ffff:49.42.68.49 - - [18/Mar/2022:05:36:37 +0000] "POST /message/create HTTP/1.1" 200 165 "http://50.19.145.241.nip.io:8000/message/messagepage/622e5afbedb5900a4dea10d4" "Mozilla/5.0 (Linux; Android 9; Redmi Note 5 Pro) AppleWebKit/537.36 (KHTML, like Gecko) Chrome/98.0.4758.87 Mobile Safari/537.36"
::ffff:49.42.64.55 - - [18/Mar/2022:05:36:42 +0000] "GET /users/friendAndGroups HTTP/1.1" 200 4168 "http://50.19.145.241.nip.io:8000/" "Mozilla/5.0 (Linux; Android 8.1.0; CPH1901) AppleWebKit/537.36 (KHTML, like Gecko) Chrome/98.0.4758.87 Mobile Safari/537.36"
::ffff:49.42.64.55 - - [18/Mar/2022:05:36:45 +0000] "GET /message/messagepage/623419414e092f5d78993ce9 HTTP/1.1" 200 3198 "http://50.19.145.241.nip.io:8000/users/friendAndGroups" "Mozilla/5.0 (Linux; Android 8.1.0; CPH1901) AppleWebKit/537.36 (KHTML, like Gecko) Chrome/98.0.4758.87 Mobile Safari/537.36"
::ffff:49.42.64.55 - - [18/Mar/2022:05:37:00 +0000] "POST /message/create HTTP/1.1" 200 160 "http://50.19.145.241.nip.io:8000/message/messagepage/623419414e092f5d78993ce9" "Mozilla/5.0 (Linux; Android 8.1.0; CPH1901) AppleWebKit/537.36 (KHTML, like Gecko) Chrome/98.0.4758.87 Mobile Safari/537.36"
::ffff:49.42.64.55 - - [18/Mar/2022:05:37:21 +0000] "GET /users/friendAndGroups HTTP/1.1" 200 3942 "http://50.19.145.241.nip.io:8000/" "Mozilla/5.0 (Linux; Android 8.1.0; CPH1901) AppleWebKit/537.36 (KHTML, like Gecko) Chrome/98.0.4758.87 Mobile Safari/537.36"
::ffff:49.42.64.55 - - [18/Mar/2022:05:37:23 +0000] "GET /groups/groupchatpage/623366334e092f5d78993c5a HTTP/1.1" 200 2658 "http://50.19.145.241.nip.io:8000/users/friendAndGroups" "Mozilla/5.0 (Linux; Android 8.1.0; CPH1901) AppleWebKit/537.36 (KHTML, like Gecko) Chrome/98.0.4758.87 Mobile Safari/537.36"
::ffff:49.42.64.55 - - [18/Mar/2022:05:37:33 +0000] "GET /users/friends/reject_req/623419414e092f5d78993ce9 HTTP/1.1" 200 21 "http://50.19.145.241.nip.io:8000/" "Mozilla/5.0 (Linux; Android 8.1.0; CPH1901) AppleWebKit/537.36 (KHTML, like Gecko) Chrome/98.0.4758.87 Mobile Safari/537.36"
::ffff:49.42.68.49 - - [18/Mar/2022:05:37:52 +0000] "GET /users/friends/remove-friend/622e5afbedb5900a4dea10d4/623419414e092f5d78993ce9 HTTP/1.1" 200 150 "http://50.19.145.241.nip.io:8000/users/profile/622e5afbedb5900a4dea10d4" "Mozilla/5.0 (Linux; Android 9; Redmi Note 5 Pro) AppleWebKit/537.36 (KHTML, like Gecko) Chrome/98.0.4758.87 Mobile Safari/537.36"
::ffff:49.42.68.49 - - [18/Mar/2022:05:37:52 +0000] "GET /users/friends/remove-friend/622e5afbedb5900a4dea10d4/623419414e092f5d78993ce9 HTTP/1.1" 304 - "http://50.19.145.241.nip.io:8000/users/profile/622e5afbedb5900a4dea10d4" "Mozilla/5.0 (Linux; Android 9; Redmi Note 5 Pro) AppleWebKit/537.36 (KHTML, like Gecko) Chrome/98.0.4758.87 Mobile Safari/537.36"
::ffff:49.42.68.49 - - [18/Mar/2022:05:37:53 +0000] "GET /uploads/users/avatars/avatar-1647492871885-197213454.jpg%3E HTTP/1.1" 404 198 "http://50.19.145.241.nip.io:8000/users/profile/622e5afbedb5900a4dea10d4" "Mozilla/5.0 (Linux; Android 9; Redmi Note 5 Pro) AppleWebKit/537.36 (KHTML, like Gecko) Chrome/98.0.4758.87 Mobile Safari/537.36"
::ffff:49.42.68.49 - - [18/Mar/2022:05:38:02 +0000] "GET /users/profile/622e5afbedb5900a4dea10d4 HTTP/1.1" 200 29387 "http://50.19.145.241.nip.io:8000/users/friendAndGroups" "Mozilla/5.0 (Linux; Android 9; Redmi Note 5 Pro) AppleWebKit/537.36 (KHTML, like Gecko) Chrome/98.0.4758.87 Mobile Safari/537.36"
::ffff:49.42.68.49 - - [18/Mar/2022:05:38:23 +0000] "GET /likes/toggle/?likeableId=623362214e092f5d78993bc2&type=Post&reaction=like HTTP/1.1" 200 110 "http://50.19.145.241.nip.io:8000/users/profile/622e5afbedb5900a4dea10d4" "Mozilla/5.0 (Linux; Android 9; Redmi Note 5 Pro) AppleWebKit/537.36 (KHTML, like Gecko) Chrome/98.0.4758.87 Mobile Safari/537.36"
::ffff:49.42.68.49 - - [18/Mar/2022:05:38:27 +0000] "GET /likes/toggle/?likeableId=62335d7f4e092f5d78993b26&type=Post&reaction=like HTTP/1.1" 200 110 "http://50.19.145.241.nip.io:8000/users/profile/622e5afbedb5900a4dea10d4" "Mozilla/5.0 (Linux; Android 9; Redmi Note 5 Pro) AppleWebKit/537.36 (KHTML, like Gecko) Chrome/98.0.4758.87 Mobile Safari/537.36"
::ffff:49.42.68.49 - - [18/Mar/2022:05:38:27 +0000] "GET /likes/toggle/?likeableId=62335d7f4e092f5d78993b26&type=Post&reaction=like HTTP/1.1" 304 - "http://50.19.145.241.nip.io:8000/users/profile/622e5afbedb5900a4dea10d4" "Mozilla/5.0 (Linux; Android 9; Redmi Note 5 Pro) AppleWebKit/537.36 (KHTML, like Gecko) Chrome/98.0.4758.87 Mobile Safari/537.36"
::ffff:49.42.64.55 - - [18/Mar/2022:05:38:31 +0000] "GET /users/profile/623419414e092f5d78993ce9 HTTP/1.1" 200 17075 "http://50.19.145.241.nip.io:8000/" "Mozilla/5.0 (Linux; Android 8.1.0; CPH1901) AppleWebKit/537.36 (KHTML, like Gecko) Chrome/98.0.4758.87 Mobile Safari/537.36"
::ffff:49.42.64.55 - - [18/Mar/2022:05:38:40 +0000] "GET /users/delete-notifs/623419414e092f5d78993ce9/reqAccepted/null HTTP/1.1" 200 21 "http://50.19.145.241.nip.io:8000/users/profile/623419414e092f5d78993ce9" "Mozilla/5.0 (Linux; Android 8.1.0; CPH1901) AppleWebKit/537.36 (KHTML, like Gecko) Chrome/98.0.4758.87 Mobile Safari/537.36"
::ffff:49.42.64.55 - - [18/Mar/2022:05:38:40 +0000] "GET /users/delete-notifs/623419414e092f5d78993ce9/post_liked/623362214e092f5d78993bc2 HTTP/1.1" 200 21 "http://50.19.145.241.nip.io:8000/users/profile/623419414e092f5d78993ce9" "Mozilla/5.0 (Linux; Android 8.1.0; CPH1901) AppleWebKit/537.36 (KHTML, like Gecko) Chrome/98.0.4758.87 Mobile Safari/537.36"
::ffff:49.42.64.55 - - [18/Mar/2022:05:38:40 +0000] "GET /users/delete-notifs/623419414e092f5d78993ce9/post_liked/623362214e092f5d78993bc2 HTTP/1.1" 304 - "http://50.19.145.241.nip.io:8000/users/profile/623419414e092f5d78993ce9" "Mozilla/5.0 (Linux; Android 8.1.0; CPH1901) AppleWebKit/537.36 (KHTML, like Gecko) Chrome/98.0.4758.87 Mobile Safari/537.36"
::ffff:49.42.64.55 - - [18/Mar/2022:05:38:40 +0000] "GET /users/delete-notifs/623419414e092f5d78993ce9/reqAccepted/null HTTP/1.1" 304 - "http://50.19.145.241.nip.io:8000/users/profile/623419414e092f5d78993ce9" "Mozilla/5.0 (Linux; Android 8.1.0; CPH1901) AppleWebKit/537.36 (KHTML, like Gecko) Chrome/98.0.4758.87 Mobile Safari/537.36"
::ffff:49.42.64.55 - - [18/Mar/2022:05:38:41 +0000] "GET /users/delete-notifs/623419414e092f5d78993ce9/post_liked/623362214e092f5d78993bc2 HTTP/1.1" 304 - "http://50.19.145.241.nip.io:8000/users/profile/623419414e092f5d78993ce9" "Mozilla/5.0 (Linux; Android 8.1.0; CPH1901) AppleWebKit/537.36 (KHTML, like Gecko) Chrome/98.0.4758.87 Mobile Safari/537.36"
::ffff:49.42.64.55 - - [18/Mar/2022:05:38:41 +0000] "GET /users/delete-notifs/623419414e092f5d78993ce9/reqAccepted/null HTTP/1.1" 304 - "http://50.19.145.241.nip.io:8000/users/profile/623419414e092f5d78993ce9" "Mozilla/5.0 (Linux; Android 8.1.0; CPH1901) AppleWebKit/537.36 (KHTML, like Gecko) Chrome/98.0.4758.87 Mobile Safari/537.36"
::ffff:49.42.64.55 - - [18/Mar/2022:05:38:42 +0000] "GET /users/delete-notifs/623419414e092f5d78993ce9/post_liked/623362214e092f5d78993bc2 HTTP/1.1" 304 - "http://50.19.145.241.nip.io:8000/users/profile/623419414e092f5d78993ce9" "Mozilla/5.0 (Linux; Android 8.1.0; CPH1901) AppleWebKit/537.36 (KHTML, like Gecko) Chrome/98.0.4758.87 Mobile Safari/537.36"
::ffff:49.42.64.55 - - [18/Mar/2022:05:38:42 +0000] "GET /users/delete-notifs/623419414e092f5d78993ce9/reqAccepted/null HTTP/1.1" 304 - "http://50.19.145.241.nip.io:8000/users/profile/623419414e092f5d78993ce9" "Mozilla/5.0 (Linux; Android 8.1.0; CPH1901) AppleWebKit/537.36 (KHTML, like Gecko) Chrome/98.0.4758.87 Mobile Safari/537.36"
::ffff:49.42.68.49 - - [18/Mar/2022:05:38:54 +0000] "GET /users/delete-notifs/622e5afbedb5900a4dea10d4/reqAccepted/null HTTP/1.1" 200 21 "http://50.19.145.241.nip.io:8000/users/profile/622e5afbedb5900a4dea10d4" "Mozilla/5.0 (Linux; Android 9; Redmi Note 5 Pro) AppleWebKit/537.36 (KHTML, like Gecko) Chrome/98.0.4758.87 Mobile Safari/537.36"
::ffff:49.42.68.49 - - [18/Mar/2022:05:38:54 +0000] "GET /users/profile/622e5afbedb5900a4dea10d4 HTTP/1.1" 200 28920 "http://50.19.145.241.nip.io:8000/users/profile/622e5afbedb5900a4dea10d4" "Mozilla/5.0 (Linux; Android 9; Redmi Note 5 Pro) AppleWebKit/537.36 (KHTML, like Gecko) Chrome/98.0.4758.87 Mobile Safari/537.36"
::ffff:49.42.64.55 - - [18/Mar/2022:05:39:02 +0000] "GET /users/profile/622e5afbedb5900a4dea10d4 HTTP/1.1" 200 30613 "http://50.19.145.241.nip.io:8000/users/profile/623419414e092f5d78993ce9" "Mozilla/5.0 (Linux; Android 8.1.0; CPH1901) AppleWebKit/537.36 (KHTML, like Gecko) Chrome/98.0.4758.87 Mobile Safari/537.36"
::ffff:49.42.68.49 - - [18/Mar/2022:05:39:08 +0000] "GET /users/profile/623419414e092f5d78993ce9 HTTP/1.1" 200 14231 "http://50.19.145.241.nip.io:8000/users/profile/622e5afbedb5900a4dea10d4" "Mozilla/5.0 (Linux; Android 9; Redmi Note 5 Pro) AppleWebKit/537.36 (KHTML, like Gecko) Chrome/98.0.4758.87 Mobile Safari/537.36"
::ffff:49.42.68.49 - - [18/Mar/2022:05:39:14 +0000] "GET /users/update-page HTTP/1.1" 200 2914 "http://50.19.145.241.nip.io:8000/users/profile/623419414e092f5d78993ce9" "Mozilla/5.0 (Linux; Android 9; Redmi Note 5 Pro) AppleWebKit/537.36 (KHTML, like Gecko) Chrome/98.0.4758.87 Mobile Safari/537.36"
::ffff:49.42.68.49 - - [18/Mar/2022:05:40:02 +0000] "POST /users/update HTTP/1.1" 302 122 "http://50.19.145.241.nip.io:8000/users/update-page" "Mozilla/5.0 (Linux; Android 9; Redmi Note 5 Pro) AppleWebKit/537.36 (KHTML, like Gecko) Chrome/98.0.4758.87 Mobile Safari/537.36"
::ffff:49.42.68.49 - - [18/Mar/2022:05:40:02 +0000] "GET /users/profile/623419414e092f5d78993ce9 HTTP/1.1" 200 14336 "http://50.19.145.241.nip.io:8000/users/update-page" "Mozilla/5.0 (Linux; Android 9; Redmi Note 5 Pro) AppleWebKit/537.36 (KHTML, like Gecko) Chrome/98.0.4758.87 Mobile Safari/537.36"
::ffff:49.42.64.55 - - [18/Mar/2022:05:41:05 +0000] "GET / HTTP/1.1" 200 97810 "http://50.19.145.241.nip.io:8000/users/profile/622e5afbedb5900a4dea10d4" "Mozilla/5.0 (Linux; Android 8.1.0; CPH1901) AppleWebKit/537.36 (KHTML, like Gecko) Chrome/98.0.4758.87 Mobile Safari/537.36"
::ffff:49.42.68.49 - - [18/Mar/2022:05:42:43 +0000] "POST /users/update HTTP/1.1" 302 122 "http://50.19.145.241.nip.io:8000/users/update-page" "Mozilla/5.0 (Linux; Android 9; Redmi Note 5 Pro) AppleWebKit/537.36 (KHTML, like Gecko) Chrome/98.0.4758.87 Mobile Safari/537.36"
::ffff:49.42.68.49 - - [18/Mar/2022:05:42:43 +0000] "GET /users/profile/623419414e092f5d78993ce9 HTTP/1.1" 304 - "http://50.19.145.241.nip.io:8000/users/update-page" "Mozilla/5.0 (Linux; Android 9; Redmi Note 5 Pro) AppleWebKit/537.36 (KHTML, like Gecko) Chrome/98.0.4758.87 Mobile Safari/537.36"
::ffff:49.42.68.245 - - [18/Mar/2022:05:55:58 +0000] "GET / HTTP/1.1" 200 96073 "http://50.19.145.241.nip.io:8000/users/profile/623419414e092f5d78993ce9" "Mozilla/5.0 (Linux; Android 9; Redmi Note 5 Pro) AppleWebKit/537.36 (KHTML, like Gecko) Chrome/98.0.4758.87 Mobile Safari/537.36"
::ffff:157.36.202.207 - - [18/Mar/2022:05:56:33 +0000] "GET / HTTP/1.1" 200 100529 "-" "Mozilla/5.0 (Linux; Android 11; SM-A305F) AppleWebKit/537.36 (KHTML, like Gecko) Chrome/87.0.4280.141 Mobile Safari/537.36"
::ffff:157.36.202.207 - - [18/Mar/2022:05:56:49 +0000] "GET / HTTP/1.1" 304 - "-" "Mozilla/5.0 (Linux; Android 11; SM-A305F) AppleWebKit/537.36 (KHTML, like Gecko) Chrome/87.0.4280.141 Mobile Safari/537.36"
::ffff:157.36.202.207 - - [18/Mar/2022:05:56:57 +0000] "GET /favicon.ico HTTP/1.1" 404 150 "http://50.19.145.241.nip.io:8000/" "Mozilla/5.0 (Linux; Android 11; SM-A305F) AppleWebKit/537.36 (KHTML, like Gecko) Chrome/87.0.4280.141 Mobile Safari/537.36"
::ffff:157.36.202.207 - - [18/Mar/2022:05:57:04 +0000] "GET /posts/destroy/6232fb770ab8dc3a90d6106a HTTP/1.1" 200 95 "http://50.19.145.241.nip.io:8000/" "Mozilla/5.0 (Linux; Android 11; SM-A305F) AppleWebKit/537.36 (KHTML, like Gecko) Chrome/87.0.4280.141 Mobile Safari/537.36"
::ffff:157.36.202.207 - - [18/Mar/2022:05:57:08 +0000] "GET /posts/destroy/6232fb780ab8dc3a90d61071 HTTP/1.1" 200 95 "http://50.19.145.241.nip.io:8000/" "Mozilla/5.0 (Linux; Android 11; SM-A305F) AppleWebKit/537.36 (KHTML, like Gecko) Chrome/87.0.4280.141 Mobile Safari/537.36"
::ffff:157.36.202.207 - - [18/Mar/2022:05:57:11 +0000] "GET /posts/destroy/6232fb780ab8dc3a90d61075 HTTP/1.1" 200 95 "http://50.19.145.241.nip.io:8000/" "Mozilla/5.0 (Linux; Android 11; SM-A305F) AppleWebKit/537.36 (KHTML, like Gecko) Chrome/87.0.4280.141 Mobile Safari/537.36"
::ffff:157.36.202.207 - - [18/Mar/2022:05:57:14 +0000] "GET /posts/destroy/6232fb780ab8dc3a90d6107c HTTP/1.1" 200 95 "http://50.19.145.241.nip.io:8000/" "Mozilla/5.0 (Linux; Android 11; SM-A305F) AppleWebKit/537.36 (KHTML, like Gecko) Chrome/87.0.4280.141 Mobile Safari/537.36"
::ffff:157.36.202.207 - - [18/Mar/2022:05:57:17 +0000] "GET /posts/destroy/6232fb790ab8dc3a90d61081 HTTP/1.1" 200 95 "http://50.19.145.241.nip.io:8000/" "Mozilla/5.0 (Linux; Android 11; SM-A305F) AppleWebKit/537.36 (KHTML, like Gecko) Chrome/87.0.4280.141 Mobile Safari/537.36"
::ffff:157.36.202.207 - - [18/Mar/2022:05:57:20 +0000] "GET /posts/destroy/6232fb790ab8dc3a90d61086 HTTP/1.1" 200 95 "http://50.19.145.241.nip.io:8000/" "Mozilla/5.0 (Linux; Android 11; SM-A305F) AppleWebKit/537.36 (KHTML, like Gecko) Chrome/87.0.4280.141 Mobile Safari/537.36"
::ffff:157.36.202.207 - - [18/Mar/2022:05:57:22 +0000] "GET /posts/destroy/6232fb790ab8dc3a90d6108c HTTP/1.1" 200 95 "http://50.19.145.241.nip.io:8000/" "Mozilla/5.0 (Linux; Android 11; SM-A305F) AppleWebKit/537.36 (KHTML, like Gecko) Chrome/87.0.4280.141 Mobile Safari/537.36"
::ffff:157.36.202.207 - - [18/Mar/2022:05:57:25 +0000] "GET /posts/destroy/6232fb790ab8dc3a90d61090 HTTP/1.1" 200 95 "http://50.19.145.241.nip.io:8000/" "Mozilla/5.0 (Linux; Android 11; SM-A305F) AppleWebKit/537.36 (KHTML, like Gecko) Chrome/87.0.4280.141 Mobile Safari/537.36"
::ffff:157.36.202.207 - - [18/Mar/2022:05:57:27 +0000] "GET /posts/destroy/6232fb790ab8dc3a90d61096 HTTP/1.1" 200 95 "http://50.19.145.241.nip.io:8000/" "Mozilla/5.0 (Linux; Android 11; SM-A305F) AppleWebKit/537.36 (KHTML, like Gecko) Chrome/87.0.4280.141 Mobile Safari/537.36"
::ffff:49.42.68.245 - - [18/Mar/2022:05:57:34 +0000] "GET / HTTP/1.1" 200 56232 "http://50.19.145.241.nip.io:8000/users/profile/623419414e092f5d78993ce9" "Mozilla/5.0 (Linux; Android 9; Redmi Note 5 Pro) AppleWebKit/537.36 (KHTML, like Gecko) Chrome/98.0.4758.87 Mobile Safari/537.36"
::ffff:157.36.202.207 - - [18/Mar/2022:05:57:37 +0000] "GET /users/sessionCheck HTTP/1.1" 200 26 "http://50.19.145.241.nip.io:8000/" "Mozilla/5.0 (Linux; Android 11; SM-A305F) AppleWebKit/537.36 (KHTML, like Gecko) Chrome/87.0.4280.141 Mobile Safari/537.36"
::ffff:157.36.202.207 - - [18/Mar/2022:05:57:37 +0000] "GET / HTTP/1.1" 200 56641 "-" "Mozilla/5.0 (Linux; Android 11; SM-A305F) AppleWebKit/537.36 (KHTML, like Gecko) Chrome/87.0.4280.141 Mobile Safari/537.36"
::ffff:157.36.202.207 - - [18/Mar/2022:05:57:40 +0000] "GET /users/sessionCheck HTTP/1.1" 200 26 "http://50.19.145.241.nip.io:8000/" "Mozilla/5.0 (Linux; Android 11; SM-A305F) AppleWebKit/537.36 (KHTML, like Gecko) Chrome/87.0.4280.141 Mobile Safari/537.36"
::ffff:49.42.68.245 - - [18/Mar/2022:05:57:43 +0000] "GET /likes/toggle/?likeableId=6232fb7a0ab8dc3a90d6109b&type=Post&reaction=like HTTP/1.1" 200 110 "http://50.19.145.241.nip.io:8000/" "Mozilla/5.0 (Linux; Android 9; Redmi Note 5 Pro) AppleWebKit/537.36 (KHTML, like Gecko) Chrome/98.0.4758.87 Mobile Safari/537.36"
::ffff:49.42.64.55 - - [18/Mar/2022:05:58:00 +0000] "GET / HTTP/1.1" 200 58882 "http://50.19.145.241.nip.io:8000/users/profile/622e5afbedb5900a4dea10d4" "Mozilla/5.0 (Linux; Android 8.1.0; CPH1901) AppleWebKit/537.36 (KHTML, like Gecko) Chrome/98.0.4758.87 Mobile Safari/537.36"
::ffff:49.42.64.55 - - [18/Mar/2022:05:58:02 +0000] "GET /users/sessionCheck HTTP/1.1" 304 - "http://50.19.145.241.nip.io:8000/" "Mozilla/5.0 (Linux; Android 8.1.0; CPH1901) AppleWebKit/537.36 (KHTML, like Gecko) Chrome/98.0.4758.87 Mobile Safari/537.36"
::ffff:49.42.64.55 - - [18/Mar/2022:05:58:13 +0000] "GET /users/delete-notifs/623419414e092f5d78993ce9/reqAccepted/null HTTP/1.1" 304 - "http://50.19.145.241.nip.io:8000/" "Mozilla/5.0 (Linux; Android 8.1.0; CPH1901) AppleWebKit/537.36 (KHTML, like Gecko) Chrome/98.0.4758.87 Mobile Safari/537.36"
::ffff:49.42.64.55 - - [18/Mar/2022:05:58:13 +0000] "GET /users/delete-notifs/623419414e092f5d78993ce9/post_liked/623362214e092f5d78993bc2 HTTP/1.1" 304 - "http://50.19.145.241.nip.io:8000/" "Mozilla/5.0 (Linux; Android 8.1.0; CPH1901) AppleWebKit/537.36 (KHTML, like Gecko) Chrome/98.0.4758.87 Mobile Safari/537.36"
::ffff:49.42.64.55 - - [18/Mar/2022:05:58:19 +0000] "GET /users/sessionCheck HTTP/1.1" 304 - "http://50.19.145.241.nip.io:8000/" "Mozilla/5.0 (Linux; Android 8.1.0; CPH1901) AppleWebKit/537.36 (KHTML, like Gecko) Chrome/98.0.4758.87 Mobile Safari/537.36"
::ffff:49.42.64.55 - - [18/Mar/2022:05:58:22 +0000] "GET /users/sessionCheck HTTP/1.1" 304 - "http://50.19.145.241.nip.io:8000/" "Mozilla/5.0 (Linux; Android 8.1.0; CPH1901) AppleWebKit/537.36 (KHTML, like Gecko) Chrome/98.0.4758.87 Mobile Safari/537.36"
::ffff:49.42.64.55 - - [18/Mar/2022:05:58:23 +0000] "GET /users/sessionCheck HTTP/1.1" 304 - "http://50.19.145.241.nip.io:8000/" "Mozilla/5.0 (Linux; Android 8.1.0; CPH1901) AppleWebKit/537.36 (KHTML, like Gecko) Chrome/98.0.4758.87 Mobile Safari/537.36"
::ffff:49.42.64.55 - - [18/Mar/2022:05:58:25 +0000] "GET /users/sessionCheck HTTP/1.1" 304 - "http://50.19.145.241.nip.io:8000/" "Mozilla/5.0 (Linux; Android 8.1.0; CPH1901) AppleWebKit/537.36 (KHTML, like Gecko) Chrome/98.0.4758.87 Mobile Safari/537.36"
::ffff:49.42.64.55 - - [18/Mar/2022:05:58:26 +0000] "GET /users/sessionCheck HTTP/1.1" 304 - "http://50.19.145.241.nip.io:8000/" "Mozilla/5.0 (Linux; Android 8.1.0; CPH1901) AppleWebKit/537.36 (KHTML, like Gecko) Chrome/98.0.4758.87 Mobile Safari/537.36"
::ffff:49.42.64.55 - - [18/Mar/2022:05:58:34 +0000] "GET /users/sessionCheck HTTP/1.1" 304 - "http://50.19.145.241.nip.io:8000/" "Mozilla/5.0 (Linux; Android 8.1.0; CPH1901) AppleWebKit/537.36 (KHTML, like Gecko) Chrome/98.0.4758.87 Mobile Safari/537.36"
::ffff:49.42.68.245 - - [18/Mar/2022:05:58:38 +0000] "GET /likes/toggle/?likeableId=6232fb7a0ab8dc3a90d6109b&type=Post&reaction=like HTTP/1.1" 304 - "http://50.19.145.241.nip.io:8000/" "Mozilla/5.0 (Linux; Android 9; Redmi Note 5 Pro) AppleWebKit/537.36 (KHTML, like Gecko) Chrome/98.0.4758.87 Mobile Safari/537.36"
::ffff:49.42.68.245 - - [18/Mar/2022:05:58:38 +0000] "GET /likes/toggle/?likeableId=6232fb7a0ab8dc3a90d6109b&type=Post&reaction=like HTTP/1.1" 304 - "http://50.19.145.241.nip.io:8000/" "Mozilla/5.0 (Linux; Android 9; Redmi Note 5 Pro) AppleWebKit/537.36 (KHTML, like Gecko) Chrome/98.0.4758.87 Mobile Safari/537.36"
::ffff:49.42.64.55 - - [18/Mar/2022:05:58:39 +0000] "GET /users/sessionCheck HTTP/1.1" 304 - "http://50.19.145.241.nip.io:8000/" "Mozilla/5.0 (Linux; Android 8.1.0; CPH1901) AppleWebKit/537.36 (KHTML, like Gecko) Chrome/98.0.4758.87 Mobile Safari/537.36"
::ffff:49.42.68.245 - - [18/Mar/2022:05:58:40 +0000] "GET /likes/toggle/?likeableId=6232fb7a0ab8dc3a90d6109b&type=Post&reaction=haha HTTP/1.1" 200 110 "http://50.19.145.241.nip.io:8000/" "Mozilla/5.0 (Linux; Android 9; Redmi Note 5 Pro) AppleWebKit/537.36 (KHTML, like Gecko) Chrome/98.0.4758.87 Mobile Safari/537.36"
::ffff:49.42.68.245 - - [18/Mar/2022:05:58:40 +0000] "GET /likes/toggle/?likeableId=6232fb7a0ab8dc3a90d6109b&type=Post&reaction=haha HTTP/1.1" 304 - "http://50.19.145.241.nip.io:8000/" "Mozilla/5.0 (Linux; Android 9; Redmi Note 5 Pro) AppleWebKit/537.36 (KHTML, like Gecko) Chrome/98.0.4758.87 Mobile Safari/537.36"
::ffff:49.42.68.245 - - [18/Mar/2022:05:58:41 +0000] "GET /likes/toggle/?likeableId=6232fb7a0ab8dc3a90d6109b&type=Post&reaction=haha HTTP/1.1" 304 - "http://50.19.145.241.nip.io:8000/" "Mozilla/5.0 (Linux; Android 9; Redmi Note 5 Pro) AppleWebKit/537.36 (KHTML, like Gecko) Chrome/98.0.4758.87 Mobile Safari/537.36"
::ffff:49.42.68.245 - - [18/Mar/2022:05:58:42 +0000] "GET /likes/toggle/?likeableId=6232fb7a0ab8dc3a90d6109b&type=Post&reaction=unlike HTTP/1.1" 200 110 "http://50.19.145.241.nip.io:8000/" "Mozilla/5.0 (Linux; Android 9; Redmi Note 5 Pro) AppleWebKit/537.36 (KHTML, like Gecko) Chrome/98.0.4758.87 Mobile Safari/537.36"
::ffff:49.42.68.245 - - [18/Mar/2022:05:58:42 +0000] "GET /likes/toggle/?likeableId=6232fb7a0ab8dc3a90d6109b&type=Post&reaction=unlike HTTP/1.1" 304 - "http://50.19.145.241.nip.io:8000/" "Mozilla/5.0 (Linux; Android 9; Redmi Note 5 Pro) AppleWebKit/537.36 (KHTML, like Gecko) Chrome/98.0.4758.87 Mobile Safari/537.36"
::ffff:49.42.68.245 - - [18/Mar/2022:05:58:43 +0000] "GET /likes/toggle/?likeableId=6232fb7a0ab8dc3a90d6109b&type=Post&reaction=unlike HTTP/1.1" 304 - "http://50.19.145.241.nip.io:8000/" "Mozilla/5.0 (Linux; Android 9; Redmi Note 5 Pro) AppleWebKit/537.36 (KHTML, like Gecko) Chrome/98.0.4758.87 Mobile Safari/537.36"
::ffff:49.42.68.245 - - [18/Mar/2022:05:58:43 +0000] "GET /likes/toggle/?likeableId=6232fb7a0ab8dc3a90d6109b&type=Post&reaction=unlike HTTP/1.1" 304 - "http://50.19.145.241.nip.io:8000/" "Mozilla/5.0 (Linux; Android 9; Redmi Note 5 Pro) AppleWebKit/537.36 (KHTML, like Gecko) Chrome/98.0.4758.87 Mobile Safari/537.36"
::ffff:49.42.64.55 - - [18/Mar/2022:05:58:45 +0000] "GET /users/delete-notifs/623419414e092f5d78993ce9/post_liked/623362214e092f5d78993bc2 HTTP/1.1" 304 - "http://50.19.145.241.nip.io:8000/" "Mozilla/5.0 (Linux; Android 8.1.0; CPH1901) AppleWebKit/537.36 (KHTML, like Gecko) Chrome/98.0.4758.87 Mobile Safari/537.36"
::ffff:49.42.64.55 - - [18/Mar/2022:05:58:45 +0000] "GET /users/delete-notifs/623419414e092f5d78993ce9/reqAccepted/null HTTP/1.1" 304 - "http://50.19.145.241.nip.io:8000/" "Mozilla/5.0 (Linux; Android 8.1.0; CPH1901) AppleWebKit/537.36 (KHTML, like Gecko) Chrome/98.0.4758.87 Mobile Safari/537.36"
::ffff:49.42.64.55 - - [18/Mar/2022:05:58:45 +0000] "GET /users/delete-notifs/623419414e092f5d78993ce9/post_liked/623362214e092f5d78993bc2 HTTP/1.1" 304 - "http://50.19.145.241.nip.io:8000/" "Mozilla/5.0 (Linux; Android 8.1.0; CPH1901) AppleWebKit/537.36 (KHTML, like Gecko) Chrome/98.0.4758.87 Mobile Safari/537.36"
::ffff:49.42.64.55 - - [18/Mar/2022:05:58:45 +0000] "GET /users/delete-notifs/623419414e092f5d78993ce9/post_liked/623362214e092f5d78993bc2 HTTP/1.1" 304 - "http://50.19.145.241.nip.io:8000/" "Mozilla/5.0 (Linux; Android 8.1.0; CPH1901) AppleWebKit/537.36 (KHTML, like Gecko) Chrome/98.0.4758.87 Mobile Safari/537.36"
::ffff:49.42.64.55 - - [18/Mar/2022:05:58:46 +0000] "GET /users/delete-notifs/623419414e092f5d78993ce9/reqAccepted/null HTTP/1.1" 304 - "http://50.19.145.241.nip.io:8000/" "Mozilla/5.0 (Linux; Android 8.1.0; CPH1901) AppleWebKit/537.36 (KHTML, like Gecko) Chrome/98.0.4758.87 Mobile Safari/537.36"
::ffff:49.42.64.55 - - [18/Mar/2022:05:58:46 +0000] "GET /users/delete-notifs/623419414e092f5d78993ce9/post_liked/623362214e092f5d78993bc2 HTTP/1.1" 304 - "http://50.19.145.241.nip.io:8000/" "Mozilla/5.0 (Linux; Android 8.1.0; CPH1901) AppleWebKit/537.36 (KHTML, like Gecko) Chrome/98.0.4758.87 Mobile Safari/537.36"
::ffff:49.42.64.55 - - [18/Mar/2022:05:58:46 +0000] "GET /users/delete-notifs/623419414e092f5d78993ce9/post_liked/623362214e092f5d78993bc2 HTTP/1.1" 304 - "http://50.19.145.241.nip.io:8000/" "Mozilla/5.0 (Linux; Android 8.1.0; CPH1901) AppleWebKit/537.36 (KHTML, like Gecko) Chrome/98.0.4758.87 Mobile Safari/537.36"
::ffff:49.42.64.55 - - [18/Mar/2022:05:58:47 +0000] "GET /users/delete-notifs/623419414e092f5d78993ce9/post_liked/623362214e092f5d78993bc2 HTTP/1.1" 304 - "http://50.19.145.241.nip.io:8000/" "Mozilla/5.0 (Linux; Android 8.1.0; CPH1901) AppleWebKit/537.36 (KHTML, like Gecko) Chrome/98.0.4758.87 Mobile Safari/537.36"
::ffff:49.42.64.55 - - [18/Mar/2022:05:58:48 +0000] "GET / HTTP/1.1" 200 58071 "http://50.19.145.241.nip.io:8000/users/profile/622e5afbedb5900a4dea10d4" "Mozilla/5.0 (Linux; Android 8.1.0; CPH1901) AppleWebKit/537.36 (KHTML, like Gecko) Chrome/98.0.4758.87 Mobile Safari/537.36"
::ffff:157.36.202.207 - - [18/Mar/2022:05:58:48 +0000] "GET /users/sessionCheck HTTP/1.1" 304 - "http://50.19.145.241.nip.io:8000/" "Mozilla/5.0 (Linux; Android 11; SM-A305F) AppleWebKit/537.36 (KHTML, like Gecko) Chrome/87.0.4280.141 Mobile Safari/537.36"
::ffff:49.42.64.55 - - [18/Mar/2022:05:58:53 +0000] "GET /users/sessionCheck HTTP/1.1" 304 - "http://50.19.145.241.nip.io:8000/" "Mozilla/5.0 (Linux; Android 8.1.0; CPH1901) AppleWebKit/537.36 (KHTML, like Gecko) Chrome/98.0.4758.87 Mobile Safari/537.36"
::ffff:157.36.202.207 - - [18/Mar/2022:05:59:06 +0000] "GET /users/sessionCheck HTTP/1.1" 304 - "http://50.19.145.241.nip.io:8000/" "Mozilla/5.0 (Linux; Android 11; SM-A305F) AppleWebKit/537.36 (KHTML, like Gecko) Chrome/87.0.4280.141 Mobile Safari/537.36"
::ffff:157.36.202.207 - - [18/Mar/2022:05:59:06 +0000] "GET /users/sessionCheck HTTP/1.1" 304 - "http://50.19.145.241.nip.io:8000/" "Mozilla/5.0 (Linux; Android 11; SM-A305F) AppleWebKit/537.36 (KHTML, like Gecko) Chrome/87.0.4280.141 Mobile Safari/537.36"
::ffff:157.36.202.207 - - [18/Mar/2022:05:59:17 +0000] "GET /posts/upload/1 HTTP/1.1" 200 21 "http://50.19.145.241.nip.io:8000/" "Mozilla/5.0 (Linux; Android 11; SM-A305F) AppleWebKit/537.36 (KHTML, like Gecko) Chrome/87.0.4280.141 Mobile Safari/537.36"
::ffff:157.36.202.207 - - [18/Mar/2022:05:59:28 +0000] "POST /posts/create HTTP/1.1" 302 110 "http://50.19.145.241.nip.io:8000/" "Mozilla/5.0 (Linux; Android 11; SM-A305F) AppleWebKit/537.36 (KHTML, like Gecko) Chrome/87.0.4280.141 Mobile Safari/537.36"
::ffff:49.42.68.245 - - [18/Mar/2022:05:59:44 +0000] "POST /comment/create HTTP/1.1" 200 414 "http://50.19.145.241.nip.io:8000/" "Mozilla/5.0 (Linux; Android 9; Redmi Note 5 Pro) AppleWebKit/537.36 (KHTML, like Gecko) Chrome/98.0.4758.87 Mobile Safari/537.36"
::ffff:49.42.64.55 - - [18/Mar/2022:05:59:51 +0000] "GET / HTTP/1.1" 200 64276 "http://50.19.145.241.nip.io:8000/users/profile/622e5afbedb5900a4dea10d4" "Mozilla/5.0 (Linux; Android 8.1.0; CPH1901) AppleWebKit/537.36 (KHTML, like Gecko) Chrome/98.0.4758.87 Mobile Safari/537.36"
::ffff:49.42.64.55 - - [18/Mar/2022:06:00:16 +0000] "GET /likes/toggle/?likeableId=62335d5d4e092f5d78993b0a&type=Comment&reaction=haha HTTP/1.1" 500 35 "http://50.19.145.241.nip.io:8000/" "Mozilla/5.0 (Linux; Android 8.1.0; CPH1901) AppleWebKit/537.36 (KHTML, like Gecko) Chrome/98.0.4758.87 Mobile Safari/537.36"
::ffff:49.42.64.55 - - [18/Mar/2022:06:00:16 +0000] "GET /likes/toggle/?likeableId=62335d5d4e092f5d78993b0a&type=Comment&reaction=haha HTTP/1.1" 500 35 "http://50.19.145.241.nip.io:8000/" "Mozilla/5.0 (Linux; Android 8.1.0; CPH1901) AppleWebKit/537.36 (KHTML, like Gecko) Chrome/98.0.4758.87 Mobile Safari/537.36"
::ffff:49.42.64.55 - - [18/Mar/2022:06:00:16 +0000] "GET /likes/toggle/?likeableId=62335d5d4e092f5d78993b0a&type=Comment&reaction=haha HTTP/1.1" 500 35 "http://50.19.145.241.nip.io:8000/" "Mozilla/5.0 (Linux; Android 8.1.0; CPH1901) AppleWebKit/537.36 (KHTML, like Gecko) Chrome/98.0.4758.87 Mobile Safari/537.36"
::ffff:49.42.64.55 - - [18/Mar/2022:06:00:17 +0000] "GET /likes/toggle/?likeableId=62335d5d4e092f5d78993b0a&type=Comment&reaction=haha HTTP/1.1" 500 35 "http://50.19.145.241.nip.io:8000/" "Mozilla/5.0 (Linux; Android 8.1.0; CPH1901) AppleWebKit/537.36 (KHTML, like Gecko) Chrome/98.0.4758.87 Mobile Safari/537.36"
::ffff:49.42.68.245 - - [18/Mar/2022:06:00:30 +0000] "GET /likes/toggle/?likeableId=62341fd04e092f5d78993f97&type=Comment&reaction=like HTTP/1.1" 200 113 "http://50.19.145.241.nip.io:8000/" "Mozilla/5.0 (Linux; Android 9; Redmi Note 5 Pro) AppleWebKit/537.36 (KHTML, like Gecko) Chrome/98.0.4758.87 Mobile Safari/537.36"
::ffff:49.42.68.245 - - [18/Mar/2022:06:00:30 +0000] "GET /likes/toggle/?likeableId=62341fd04e092f5d78993f97&type=Comment&reaction=like HTTP/1.1" 304 - "http://50.19.145.241.nip.io:8000/" "Mozilla/5.0 (Linux; Android 9; Redmi Note 5 Pro) AppleWebKit/537.36 (KHTML, like Gecko) Chrome/98.0.4758.87 Mobile Safari/537.36"
::ffff:49.42.68.245 - - [18/Mar/2022:06:00:31 +0000] "GET /likes/toggle/?likeableId=62341fd04e092f5d78993f97&type=Comment&reaction=like HTTP/1.1" 304 - "http://50.19.145.241.nip.io:8000/" "Mozilla/5.0 (Linux; Android 9; Redmi Note 5 Pro) AppleWebKit/537.36 (KHTML, like Gecko) Chrome/98.0.4758.87 Mobile Safari/537.36"
::ffff:49.42.68.245 - - [18/Mar/2022:06:00:32 +0000] "GET /likes/toggle/?likeableId=62341fd04e092f5d78993f97&type=Comment&reaction=like HTTP/1.1" 304 - "http://50.19.145.241.nip.io:8000/" "Mozilla/5.0 (Linux; Android 9; Redmi Note 5 Pro) AppleWebKit/537.36 (KHTML, like Gecko) Chrome/98.0.4758.87 Mobile Safari/537.36"
::ffff:49.42.68.245 - - [18/Mar/2022:06:00:32 +0000] "GET /likes/toggle/?likeableId=62341fd04e092f5d78993f97&type=Comment&reaction=like HTTP/1.1" 304 - "http://50.19.145.241.nip.io:8000/" "Mozilla/5.0 (Linux; Android 9; Redmi Note 5 Pro) AppleWebKit/537.36 (KHTML, like Gecko) Chrome/98.0.4758.87 Mobile Safari/537.36"
::ffff:49.42.64.55 - - [18/Mar/2022:06:00:35 +0000] "GET / HTTP/1.1" 200 65031 "http://50.19.145.241.nip.io:8000/users/profile/622e5afbedb5900a4dea10d4" "Mozilla/5.0 (Linux; Android 8.1.0; CPH1901) AppleWebKit/537.36 (KHTML, like Gecko) Chrome/98.0.4758.87 Mobile Safari/537.36"
::ffff:49.42.64.55 - - [18/Mar/2022:06:00:50 +0000] "GET /likes/toggle/?likeableId=62335d5d4e092f5d78993b0a&type=Comment&reaction=namaste HTTP/1.1" 500 35 "http://50.19.145.241.nip.io:8000/" "Mozilla/5.0 (Linux; Android 8.1.0; CPH1901) AppleWebKit/537.36 (KHTML, like Gecko) Chrome/98.0.4758.87 Mobile Safari/537.36"
::ffff:49.42.64.55 - - [18/Mar/2022:06:00:50 +0000] "GET /likes/toggle/?likeableId=62335d5d4e092f5d78993b0a&type=Comment&reaction=namaste HTTP/1.1" 500 35 "http://50.19.145.241.nip.io:8000/" "Mozilla/5.0 (Linux; Android 8.1.0; CPH1901) AppleWebKit/537.36 (KHTML, like Gecko) Chrome/98.0.4758.87 Mobile Safari/537.36"
::ffff:49.42.64.55 - - [18/Mar/2022:06:00:57 +0000] "GET / HTTP/1.1" 304 - "http://50.19.145.241.nip.io:8000/users/profile/622e5afbedb5900a4dea10d4" "Mozilla/5.0 (Linux; Android 8.1.0; CPH1901) AppleWebKit/537.36 (KHTML, like Gecko) Chrome/98.0.4758.87 Mobile Safari/537.36"
::ffff:49.42.64.55 - - [18/Mar/2022:06:01:10 +0000] "GET /users/delete-notifs/623419414e092f5d78993ce9/reqAccepted/null HTTP/1.1" 304 - "http://50.19.145.241.nip.io:8000/" "Mozilla/5.0 (Linux; Android 8.1.0; CPH1901) AppleWebKit/537.36 (KHTML, like Gecko) Chrome/98.0.4758.87 Mobile Safari/537.36"
::ffff:49.42.64.55 - - [18/Mar/2022:06:01:10 +0000] "GET /users/delete-notifs/623419414e092f5d78993ce9/post_liked/623362214e092f5d78993bc2 HTTP/1.1" 304 - "http://50.19.145.241.nip.io:8000/" "Mozilla/5.0 (Linux; Android 8.1.0; CPH1901) AppleWebKit/537.36 (KHTML, like Gecko) Chrome/98.0.4758.87 Mobile Safari/537.36"
::ffff:49.42.64.55 - - [18/Mar/2022:06:01:13 +0000] "GET / HTTP/1.1" 200 64276 "http://50.19.145.241.nip.io:8000/" "Mozilla/5.0 (Linux; Android 8.1.0; CPH1901) AppleWebKit/537.36 (KHTML, like Gecko) Chrome/98.0.4758.87 Mobile Safari/537.36"
::ffff:49.42.64.55 - - [18/Mar/2022:06:01:17 +0000] "GET / HTTP/1.1" 304 - "-" "Mozilla/5.0 (X11; Linux x86_64) AppleWebKit/537.36 (KHTML, like Gecko) Chrome/98.0.4758.87 Safari/537.36"
::ffff:49.42.68.245 - - [18/Mar/2022:06:01:31 +0000] "GET / HTTP/1.1" 200 62437 "-" "Mozilla/5.0 (X11; Linux x86_64) AppleWebKit/537.36 (KHTML, like Gecko) Chrome/98.0.4758.87 Safari/537.36"
::ffff:49.42.68.245 - - [18/Mar/2022:06:01:45 +0000] "GET / HTTP/1.1" 304 - "-" "Mozilla/5.0 (X11; Linux x86_64) AppleWebKit/537.36 (KHTML, like Gecko) Chrome/98.0.4758.87 Safari/537.36"
::ffff:49.42.64.55 - - [18/Mar/2022:06:02:24 +0000] "GET / HTTP/1.1" 304 - "-" "Mozilla/5.0 (Linux; Android 8.1.0; CPH1901) AppleWebKit/537.36 (KHTML, like Gecko) Chrome/98.0.4758.87 Mobile Safari/537.36"
::ffff:49.42.64.55 - - [18/Mar/2022:08:10:42 +0000] "GET /users/sessionCheck HTTP/1.1" 304 - "http://50.19.145.241.nip.io:8000/" "Mozilla/5.0 (Linux; Android 8.1.0; CPH1901) AppleWebKit/537.36 (KHTML, like Gecko) Chrome/98.0.4758.87 Mobile Safari/537.36"
::ffff:49.42.64.55 - - [18/Mar/2022:08:10:48 +0000] "GET /users/sessionCheck HTTP/1.1" 304 - "http://50.19.145.241.nip.io:8000/" "Mozilla/5.0 (Linux; Android 8.1.0; CPH1901) AppleWebKit/537.36 (KHTML, like Gecko) Chrome/98.0.4758.87 Mobile Safari/537.36"
::ffff:49.42.64.55 - - [18/Mar/2022:08:10:55 +0000] "GET /users/sessionCheck HTTP/1.1" 304 - "http://50.19.145.241.nip.io:8000/" "Mozilla/5.0 (Linux; Android 8.1.0; CPH1901) AppleWebKit/537.36 (KHTML, like Gecko) Chrome/98.0.4758.87 Mobile Safari/537.36"
::ffff:49.42.64.55 - - [18/Mar/2022:08:11:41 +0000] "GET /users/friendAndGroups HTTP/1.1" 200 3152 "http://50.19.145.241.nip.io:8000/" "Mozilla/5.0 (Linux; Android 8.1.0; CPH1901) AppleWebKit/537.36 (KHTML, like Gecko) Chrome/98.0.4758.87 Mobile Safari/537.36"
::ffff:49.42.64.55 - - [18/Mar/2022:08:11:47 +0000] "GET /users/findFriends HTTP/1.1" 200 4488 "http://50.19.145.241.nip.io:8000/" "Mozilla/5.0 (Linux; Android 8.1.0; CPH1901) AppleWebKit/537.36 (KHTML, like Gecko) Chrome/98.0.4758.87 Mobile Safari/537.36"
::ffff:49.42.64.55 - - [18/Mar/2022:08:11:51 +0000] "GET /users/profile/623419414e092f5d78993ce9 HTTP/1.1" 200 15321 "http://50.19.145.241.nip.io:8000/users/findFriends" "Mozilla/5.0 (Linux; Android 8.1.0; CPH1901) AppleWebKit/537.36 (KHTML, like Gecko) Chrome/98.0.4758.87 Mobile Safari/537.36"
::ffff:49.42.64.55 - - [18/Mar/2022:08:12:22 +0000] "GET / HTTP/1.1" 304 - "http://50.19.145.241.nip.io:8000/users/profile/623419414e092f5d78993ce9" "Mozilla/5.0 (Linux; Android 8.1.0; CPH1901) AppleWebKit/537.36 (KHTML, like Gecko) Chrome/98.0.4758.87 Mobile Safari/537.36"
::ffff:49.42.64.55 - - [18/Mar/2022:08:12:25 +0000] "GET /users/sessionCheck HTTP/1.1" 304 - "http://50.19.145.241.nip.io:8000/" "Mozilla/5.0 (Linux; Android 8.1.0; CPH1901) AppleWebKit/537.36 (KHTML, like Gecko) Chrome/98.0.4758.87 Mobile Safari/537.36"
::ffff:49.42.64.55 - - [18/Mar/2022:08:13:02 +0000] "GET / HTTP/1.1" 304 - "http://50.19.145.241.nip.io:8000/users/profile/623419414e092f5d78993ce9" "Mozilla/5.0 (Linux; Android 8.1.0; CPH1901) AppleWebKit/537.36 (KHTML, like Gecko) Chrome/98.0.4758.87 Mobile Safari/537.36"
::ffff:64.62.197.32 - - [18/Mar/2022:09:17:43 +0000] "GET / HTTP/1.1" 302 35 "-" "-"
::ffff:49.42.64.55 - - [18/Mar/2022:09:32:20 +0000] "GET /favicon.ico HTTP/1.1" 404 150 "http://50.19.145.241.nip.io:8000/" "Mozilla/5.0 (Linux; Android 8.1.0; CPH1901) AppleWebKit/537.36 (KHTML, like Gecko) Chrome/98.0.4758.87 Mobile Safari/537.36"
::ffff:64.227.161.163 - - [18/Mar/2022:10:14:23 +0000] "GET / HTTP/1.1" 302 35 "-" "Mozilla/5.0 (Windows NT 10.0; Win64; x64) AppleWebKit/537.36 (KHTML, like Gecko) Chrome/70.0.3538.77 Safari/537.36"
::ffff:64.227.161.163 - - [18/Mar/2022:10:14:23 +0000] "GET /users/signin HTTP/1.1" 200 2817 "-" "Mozilla/5.0 (Windows NT 10.0; Win64; x64) AppleWebKit/537.36 (KHTML, like Gecko) Chrome/70.0.3538.77 Safari/537.36"
::ffff:49.42.64.55 - - [18/Mar/2022:10:23:51 +0000] "GET / HTTP/1.1" 200 64690 "-" "Mozilla/5.0 (Windows NT 10.0; Win64; x64) AppleWebKit/537.36 (KHTML, like Gecko) Chrome/99.0.4844.51 Safari/537.36"
::ffff:49.42.64.55 - - [18/Mar/2022:10:24:06 +0000] "GET /favicon.ico HTTP/1.1" 404 150 "http://50.19.145.241.nip.io:8000/" "Mozilla/5.0 (Windows NT 10.0; Win64; x64) AppleWebKit/537.36 (KHTML, like Gecko) Chrome/99.0.4844.51 Safari/537.36"
::ffff:49.42.64.55 - - [18/Mar/2022:10:24:24 +0000] "GET /users/sessionCheck HTTP/1.1" 304 - "http://50.19.145.241.nip.io:8000/" "Mozilla/5.0 (Windows NT 10.0; Win64; x64) AppleWebKit/537.36 (KHTML, like Gecko) Chrome/99.0.4844.51 Safari/537.36"
::ffff:49.42.64.55 - - [18/Mar/2022:10:31:29 +0000] "GET / HTTP/1.1" 500 2241 "-" "Mozilla/5.0 (Windows NT 10.0; Win64; x64) AppleWebKit/537.36 (KHTML, like Gecko) Chrome/99.0.4844.51 Safari/537.36"
::ffff:49.42.64.55 - - [18/Mar/2022:10:34:09 +0000] "GET / HTTP/1.1" 200 55930 "-" "Mozilla/5.0 (Windows NT 10.0; Win64; x64) AppleWebKit/537.36 (KHTML, like Gecko) Chrome/99.0.4844.51 Safari/537.36"
::ffff:49.42.64.55 - - [18/Mar/2022:10:34:14 +0000] "GET / HTTP/1.1" 304 - "-" "Mozilla/5.0 (Windows NT 10.0; Win64; x64) AppleWebKit/537.36 (KHTML, like Gecko) Chrome/99.0.4844.51 Safari/537.36"
::ffff:49.42.64.55 - - [18/Mar/2022:10:34:24 +0000] "GET /users/profile/623419414e092f5d78993ce9 HTTP/1.1" 200 15322 "http://50.19.145.241.nip.io:8000/" "Mozilla/5.0 (Windows NT 10.0; Win64; x64) AppleWebKit/537.36 (KHTML, like Gecko) Chrome/99.0.4844.51 Safari/537.36"
::ffff:49.42.64.55 - - [18/Mar/2022:10:34:32 +0000] "GET / HTTP/1.1" 304 - "http://50.19.145.241.nip.io:8000/users/profile/623419414e092f5d78993ce9" "Mozilla/5.0 (Windows NT 10.0; Win64; x64) AppleWebKit/537.36 (KHTML, like Gecko) Chrome/99.0.4844.51 Safari/537.36"
::ffff:49.42.64.55 - - [18/Mar/2022:10:34:41 +0000] "GET /groups/loadMessage/623366334e092f5d78993c5a HTTP/1.1" 200 508 "http://50.19.145.241.nip.io:8000/" "Mozilla/5.0 (Windows NT 10.0; Win64; x64) AppleWebKit/537.36 (KHTML, like Gecko) Chrome/99.0.4844.51 Safari/537.36"
::ffff:49.42.64.55 - - [18/Mar/2022:10:35:02 +0000] "GET /posts/destroy/62335faa4e092f5d78993b84 HTTP/1.1" 200 95 "http://50.19.145.241.nip.io:8000/" "Mozilla/5.0 (Windows NT 10.0; Win64; x64) AppleWebKit/537.36 (KHTML, like Gecko) Chrome/99.0.4844.51 Safari/537.36"
::ffff:49.42.64.55 - - [18/Mar/2022:10:35:11 +0000] "GET /posts/destroy/62335d5d4e092f5d78993b0a HTTP/1.1" 200 95 "http://50.19.145.241.nip.io:8000/" "Mozilla/5.0 (Windows NT 10.0; Win64; x64) AppleWebKit/537.36 (KHTML, like Gecko) Chrome/99.0.4844.51 Safari/537.36"
