::ffff:223.187.101.167 - - [19/Mar/2022:06:54:44 +0000] "GET /users/signin HTTP/1.1" 200 2817 "-" "Mozilla/5.0 (Linux; Android 10; RMX1825) AppleWebKit/537.36 (KHTML, like Gecko) Chrome/99.0.4844.58 Mobile Safari/537.36"
::ffff:223.187.101.167 - - [19/Mar/2022:06:54:50 +0000] "GET /favicon.ico HTTP/1.1" 404 150 "http://50.19.145.241.nip.io:8000/users/signin" "Mozilla/5.0 (Linux; Android 10; RMX1825) AppleWebKit/537.36 (KHTML, like Gecko) Chrome/99.0.4844.58 Mobile Safari/537.36"
::ffff:47.9.121.196 - - [19/Mar/2022:06:54:51 +0000] "GET / HTTP/1.1" 302 70 "-" "Mozilla/5.0 (Linux; Android 11; HD1901) AppleWebKit/537.36 (KHTML, like Gecko) Chrome/99.0.4844.58 Mobile Safari/537.36"
::ffff:47.9.121.196 - - [19/Mar/2022:06:54:51 +0000] "GET /users/signin HTTP/1.1" 304 - "-" "Mozilla/5.0 (Linux; Android 11; HD1901) AppleWebKit/537.36 (KHTML, like Gecko) Chrome/99.0.4844.58 Mobile Safari/537.36"
::ffff:47.9.121.196 - - [19/Mar/2022:06:54:53 +0000] "GET /favicon.ico HTTP/1.1" 404 150 "http://50.19.145.241.nip.io:8000/users/signin" "Mozilla/5.0 (Linux; Android 11; HD1901) AppleWebKit/537.36 (KHTML, like Gecko) Chrome/99.0.4844.58 Mobile Safari/537.36"
::ffff:157.48.67.207 - - [19/Mar/2022:06:54:57 +0000] "GET / HTTP/1.1" 302 70 "-" "Mozilla/5.0 (Linux; Android 11; LE2101) AppleWebKit/537.36 (KHTML, like Gecko) Chrome/99.0.4844.58 Mobile Safari/537.36"
::ffff:157.48.67.207 - - [19/Mar/2022:06:54:57 +0000] "GET /users/signin HTTP/1.1" 200 2817 "-" "Mozilla/5.0 (Linux; Android 11; LE2101) AppleWebKit/537.36 (KHTML, like Gecko) Chrome/99.0.4844.58 Mobile Safari/537.36"
::ffff:157.48.67.207 - - [19/Mar/2022:06:54:58 +0000] "GET /favicon.ico HTTP/1.1" 404 150 "http://50.19.145.241.nip.io:8000/users/signin" "Mozilla/5.0 (Linux; Android 11; LE2101) AppleWebKit/537.36 (KHTML, like Gecko) Chrome/99.0.4844.58 Mobile Safari/537.36"
::ffff:47.9.121.196 - - [19/Mar/2022:06:55:02 +0000] "GET /users/auth/google HTTP/1.1" 302 0 "http://50.19.145.241.nip.io:8000/users/signin" "Mozilla/5.0 (Linux; Android 11; HD1901) AppleWebKit/537.36 (KHTML, like Gecko) Chrome/99.0.4844.58 Mobile Safari/537.36"
::ffff:223.187.101.167 - - [19/Mar/2022:06:55:06 +0000] "GET /users/auth/google HTTP/1.1" 302 0 "http://50.19.145.241.nip.io:8000/users/signin" "Mozilla/5.0 (Linux; Android 10; RMX1825) AppleWebKit/537.36 (KHTML, like Gecko) Chrome/99.0.4844.58 Mobile Safari/537.36"
::ffff:157.48.67.207 - - [19/Mar/2022:06:55:07 +0000] "GET /users/auth/google HTTP/1.1" 302 0 "http://50.19.145.241.nip.io:8000/users/signin" "Mozilla/5.0 (Linux; Android 11; LE2101) AppleWebKit/537.36 (KHTML, like Gecko) Chrome/99.0.4844.58 Mobile Safari/537.36"
::ffff:157.48.67.207 - - [19/Mar/2022:06:55:11 +0000] "GET /users/auth/google/callback?code=4%2F0AX4XfWgK9kOz8p8JuyGus8SzfS6CI6NvUfo0qntG3F6bxyoajTNsHi5k3xSBwWo-FYiYZw&scope=email+profile+https%3A%2F%2Fwww.googleapis.com%2Fauth%2Fuserinfo.profile+https%3A%2F%2Fwww.googleapis.com%2Fauth%2Fuserinfo.email+openid&authuser=0&prompt=consent HTTP/1.1" 302 46 "-" "Mozilla/5.0 (Linux; Android 11; LE2101) AppleWebKit/537.36 (KHTML, like Gecko) Chrome/99.0.4844.58 Mobile Safari/537.36"
::ffff:157.48.67.207 - - [19/Mar/2022:06:55:12 +0000] "GET / HTTP/1.1" 200 120742 "-" "Mozilla/5.0 (Linux; Android 11; LE2101) AppleWebKit/537.36 (KHTML, like Gecko) Chrome/99.0.4844.58 Mobile Safari/537.36"
::ffff:157.40.229.180 - - [19/Mar/2022:06:55:13 +0000] "GET / HTTP/1.1" 302 70 "-" "Mozilla/5.0 (Linux; Android 11; SM-M315F) AppleWebKit/537.36 (KHTML, like Gecko) Chrome/99.0.4844.58 Mobile Safari/537.36"
::ffff:157.40.229.180 - - [19/Mar/2022:06:55:14 +0000] "GET /users/signin HTTP/1.1" 200 2817 "-" "Mozilla/5.0 (Linux; Android 11; SM-M315F) AppleWebKit/537.36 (KHTML, like Gecko) Chrome/99.0.4844.58 Mobile Safari/537.36"
::ffff:157.40.229.180 - - [19/Mar/2022:06:55:15 +0000] "GET /favicon.ico HTTP/1.1" 404 150 "http://50.19.145.241.nip.io:8000/users/signin" "Mozilla/5.0 (Linux; Android 11; SM-M315F) AppleWebKit/537.36 (KHTML, like Gecko) Chrome/99.0.4844.58 Mobile Safari/537.36"
::ffff:157.40.92.27 - - [19/Mar/2022:06:55:23 +0000] "GET / HTTP/1.1" 302 70 "-" "Mozilla/5.0 (Linux; Android 11; Redmi Note 8 Pro) AppleWebKit/537.36 (KHTML, like Gecko) Chrome/97.0.4692.87 Mobile Safari/537.36"
::ffff:223.187.101.167 - - [19/Mar/2022:06:55:23 +0000] "GET /users/auth/google/callback?code=4%2F0AX4XfWijIwhoZ_DdUrpgJ9P_bA1VxF2ZKwPOIFUT3P-mfrr5Sp4cDiJwAr5WyUsfjznukA&scope=email+profile+https%3A%2F%2Fwww.googleapis.com%2Fauth%2Fuserinfo.profile+https%3A%2F%2Fwww.googleapis.com%2Fauth%2Fuserinfo.email+openid&authuser=3&prompt=consent HTTP/1.1" 302 46 "-" "Mozilla/5.0 (Linux; Android 10; RMX1825) AppleWebKit/537.36 (KHTML, like Gecko) Chrome/99.0.4844.58 Mobile Safari/537.36"
::ffff:157.40.92.27 - - [19/Mar/2022:06:55:23 +0000] "GET /users/signin HTTP/1.1" 200 2817 "-" "Mozilla/5.0 (Linux; Android 11; Redmi Note 8 Pro) AppleWebKit/537.36 (KHTML, like Gecko) Chrome/97.0.4692.87 Mobile Safari/537.36"
::ffff:223.187.101.167 - - [19/Mar/2022:06:55:24 +0000] "GET / HTTP/1.1" 200 122068 "-" "Mozilla/5.0 (Linux; Android 10; RMX1825) AppleWebKit/537.36 (KHTML, like Gecko) Chrome/99.0.4844.58 Mobile Safari/537.36"
::ffff:157.40.92.27 - - [19/Mar/2022:06:55:26 +0000] "GET /favicon.ico HTTP/1.1" 404 150 "http://50.19.145.241.nip.io:8000/users/signin" "Mozilla/5.0 (Linux; Android 11; Redmi Note 8 Pro) AppleWebKit/537.36 (KHTML, like Gecko) Chrome/97.0.4692.87 Mobile Safari/537.36"
::ffff:47.9.121.196 - - [19/Mar/2022:06:55:28 +0000] "GET /users/signup HTTP/1.1" 200 3355 "http://50.19.145.241.nip.io:8000/users/signin" "Mozilla/5.0 (Linux; Android 11; HD1901) AppleWebKit/537.36 (KHTML, like Gecko) Chrome/99.0.4844.58 Mobile Safari/537.36"
::ffff:47.9.121.196 - - [19/Mar/2022:06:56:00 +0000] "POST /users/create HTTP/1.1" 302 70 "http://50.19.145.241.nip.io:8000/users/signup" "Mozilla/5.0 (Linux; Android 11; HD1901) AppleWebKit/537.36 (KHTML, like Gecko) Chrome/99.0.4844.58 Mobile Safari/537.36"
::ffff:47.9.121.196 - - [19/Mar/2022:06:56:01 +0000] "GET /users/signin HTTP/1.1" 304 - "http://50.19.145.241.nip.io:8000/users/signup" "Mozilla/5.0 (Linux; Android 11; HD1901) AppleWebKit/537.36 (KHTML, like Gecko) Chrome/99.0.4844.58 Mobile Safari/537.36"
::ffff:49.42.64.172 - - [19/Mar/2022:06:56:03 +0000] "GET / HTTP/1.1" 200 124176 "http://50.19.145.241.nip.io:8000/users/profile/6234e53b4e092f5d78994713" "Mozilla/5.0 (Linux; Android 8.1.0; CPH1901) AppleWebKit/537.36 (KHTML, like Gecko) Chrome/98.0.4758.87 Mobile Safari/537.36"
::ffff:47.9.121.196 - - [19/Mar/2022:06:56:14 +0000] "POST /users/create-session HTTP/1.1" 302 46 "http://50.19.145.241.nip.io:8000/users/signin" "Mozilla/5.0 (Linux; Android 11; HD1901) AppleWebKit/537.36 (KHTML, like Gecko) Chrome/99.0.4844.58 Mobile Safari/537.36"
::ffff:223.187.96.231 - - [19/Mar/2022:06:56:14 +0000] "GET /users/findFriends HTTP/1.1" 200 20090 "http://50.19.145.241.nip.io:8000/" "Mozilla/5.0 (Linux; Android 10; RMX1825) AppleWebKit/537.36 (KHTML, like Gecko) Chrome/99.0.4844.58 Mobile Safari/537.36"
::ffff:47.9.121.196 - - [19/Mar/2022:06:56:16 +0000] "GET / HTTP/1.1" 200 123385 "http://50.19.145.241.nip.io:8000/users/signin" "Mozilla/5.0 (Linux; Android 11; HD1901) AppleWebKit/537.36 (KHTML, like Gecko) Chrome/99.0.4844.58 Mobile Safari/537.36"
::ffff:49.42.64.172 - - [19/Mar/2022:06:56:34 +0000] "GET /users/findFriends HTTP/1.1" 200 19307 "http://50.19.145.241.nip.io:8000/" "Mozilla/5.0 (Linux; Android 8.1.0; CPH1901) AppleWebKit/537.36 (KHTML, like Gecko) Chrome/98.0.4758.87 Mobile Safari/537.36"
::ffff:47.9.121.196 - - [19/Mar/2022:06:57:10 +0000] "GET /users/sessionCheck HTTP/1.1" 200 26 "http://50.19.145.241.nip.io:8000/" "Mozilla/5.0 (Linux; Android 11; HD1901) AppleWebKit/537.36 (KHTML, like Gecko) Chrome/99.0.4844.58 Mobile Safari/537.36"
::ffff:103.127.60.86 - - [19/Mar/2022:06:57:51 +0000] "GET / HTTP/1.1" 302 70 "-" "Mozilla/5.0 (Linux; Android 11; M2007J17I) AppleWebKit/537.36 (KHTML, like Gecko) Chrome/99.0.4844.58 Mobile Safari/537.36"
::ffff:103.127.60.86 - - [19/Mar/2022:06:57:52 +0000] "GET /users/signin HTTP/1.1" 200 2817 "-" "Mozilla/5.0 (Linux; Android 11; M2007J17I) AppleWebKit/537.36 (KHTML, like Gecko) Chrome/99.0.4844.58 Mobile Safari/537.36"
::ffff:103.127.60.86 - - [19/Mar/2022:06:57:54 +0000] "GET /favicon.ico HTTP/1.1" 404 150 "http://50.19.145.241.nip.io:8000/users/signin" "Mozilla/5.0 (Linux; Android 11; M2007J17I) AppleWebKit/537.36 (KHTML, like Gecko) Chrome/99.0.4844.58 Mobile Safari/537.36"
::ffff:103.127.60.86 - - [19/Mar/2022:06:58:07 +0000] "GET /users/auth/google HTTP/1.1" 302 0 "http://50.19.145.241.nip.io:8000/users/signin" "Mozilla/5.0 (Linux; Android 11; M2007J17I) AppleWebKit/537.36 (KHTML, like Gecko) Chrome/99.0.4844.58 Mobile Safari/537.36"
::ffff:103.127.60.86 - - [19/Mar/2022:06:58:13 +0000] "GET /users/auth/google/callback?code=4%2F0AX4XfWikx_WsL7KpV7ej5_3v5QydU4LRSZg8rpnMgAQDKBPbznKIEsqJGMGDND95w6Q8BQ&scope=email+profile+https%3A%2F%2Fwww.googleapis.com%2Fauth%2Fuserinfo.profile+https%3A%2F%2Fwww.googleapis.com%2Fauth%2Fuserinfo.email+openid&authuser=3&prompt=consent HTTP/1.1" 302 46 "-" "Mozilla/5.0 (Linux; Android 11; M2007J17I) AppleWebKit/537.36 (KHTML, like Gecko) Chrome/99.0.4844.58 Mobile Safari/537.36"
::ffff:103.127.60.86 - - [19/Mar/2022:06:58:14 +0000] "GET / HTTP/1.1" 200 124727 "-" "Mozilla/5.0 (Linux; Android 11; M2007J17I) AppleWebKit/537.36 (KHTML, like Gecko) Chrome/99.0.4844.58 Mobile Safari/537.36"
::ffff:49.42.64.172 - - [19/Mar/2022:06:58:22 +0000] "GET /users/sessionCheck HTTP/1.1" 304 - "http://50.19.145.241.nip.io:8000/" "Mozilla/5.0 (Linux; Android 8.1.0; CPH1901) AppleWebKit/537.36 (KHTML, like Gecko) Chrome/98.0.4758.87 Mobile Safari/537.36"
::ffff:47.11.193.121 - - [19/Mar/2022:06:58:28 +0000] "GET / HTTP/1.1" 302 70 "-" "Mozilla/5.0 (Linux; Android 8.1.0; Redmi Note 5) AppleWebKit/537.36 (KHTML, like Gecko) Chrome/98.0.4758.87 Mobile Safari/537.36"
::ffff:47.11.193.121 - - [19/Mar/2022:06:58:28 +0000] "GET /users/signin HTTP/1.1" 200 2817 "-" "Mozilla/5.0 (Linux; Android 8.1.0; Redmi Note 5) AppleWebKit/537.36 (KHTML, like Gecko) Chrome/98.0.4758.87 Mobile Safari/537.36"
::ffff:103.127.60.86 - - [19/Mar/2022:06:58:28 +0000] "GET /likes/toggle/?likeableId=62357c584e092f5d78997602&type=Post&reaction=namaste HTTP/1.1" 200 110 "http://50.19.145.241.nip.io:8000/" "Mozilla/5.0 (Linux; Android 11; M2007J17I) AppleWebKit/537.36 (KHTML, like Gecko) Chrome/99.0.4844.58 Mobile Safari/537.36"
::ffff:47.11.193.121 - - [19/Mar/2022:06:58:31 +0000] "GET /favicon.ico HTTP/1.1" 404 150 "http://50.19.145.241.nip.io:8000/users/signin" "Mozilla/5.0 (Linux; Android 8.1.0; Redmi Note 5) AppleWebKit/537.36 (KHTML, like Gecko) Chrome/98.0.4758.87 Mobile Safari/537.36"
::ffff:49.36.221.184 - - [19/Mar/2022:06:58:34 +0000] "GET / HTTP/1.1" 302 70 "-" "Mozilla/5.0 (Linux; Android 11; SM-A217F) AppleWebKit/537.36 (KHTML, like Gecko) Chrome/99.0.4844.73 Mobile Safari/537.36"
::ffff:49.36.221.184 - - [19/Mar/2022:06:58:34 +0000] "GET /users/signin HTTP/1.1" 200 2817 "-" "Mozilla/5.0 (Linux; Android 11; SM-A217F) AppleWebKit/537.36 (KHTML, like Gecko) Chrome/99.0.4844.73 Mobile Safari/537.36"
::ffff:49.36.221.184 - - [19/Mar/2022:06:58:35 +0000] "GET /favicon.ico HTTP/1.1" 404 150 "http://50.19.145.241.nip.io:8000/users/signin" "Mozilla/5.0 (Linux; Android 11; SM-A217F) AppleWebKit/537.36 (KHTML, like Gecko) Chrome/99.0.4844.73 Mobile Safari/537.36"
::ffff:49.42.64.172 - - [19/Mar/2022:06:58:36 +0000] "GET / HTTP/1.1" 200 125568 "-" "Mozilla/5.0 (X11; Linux x86_64) AppleWebKit/537.36 (KHTML, like Gecko) Chrome/98.0.4758.87 Safari/537.36"
::ffff:106.208.146.70 - - [19/Mar/2022:06:59:07 +0000] "GET / HTTP/1.1" 302 70 "-" "Mozilla/5.0 (Linux; Android 11; moto g(60)) AppleWebKit/537.36 (KHTML, like Gecko) Chrome/99.0.4844.73 Mobile Safari/537.36"
::ffff:106.208.146.70 - - [19/Mar/2022:06:59:07 +0000] "GET /users/signin HTTP/1.1" 200 2817 "-" "Mozilla/5.0 (Linux; Android 11; moto g(60)) AppleWebKit/537.36 (KHTML, like Gecko) Chrome/99.0.4844.73 Mobile Safari/537.36"
::ffff:106.208.146.70 - - [19/Mar/2022:06:59:18 +0000] "GET /favicon.ico HTTP/1.1" 404 150 "http://50.19.145.241.nip.io:8000/users/signin" "Mozilla/5.0 (Linux; Android 11; moto g(60)) AppleWebKit/537.36 (KHTML, like Gecko) Chrome/99.0.4844.73 Mobile Safari/537.36"
::ffff:49.42.64.172 - - [19/Mar/2022:06:59:19 +0000] "GET /users/sessionCheck HTTP/1.1" 304 - "http://50.19.145.241.nip.io:8000/" "Mozilla/5.0 (X11; Linux x86_64) AppleWebKit/537.36 (KHTML, like Gecko) Chrome/98.0.4758.87 Safari/537.36"
::ffff:14.139.196.12 - - [19/Mar/2022:06:59:24 +0000] "GET / HTTP/1.1" 302 70 "-" "Mozilla/5.0 (Linux; Android 11; SM-A715F) AppleWebKit/537.36 (KHTML, like Gecko) Chrome/99.0.4844.51 Mobile Safari/537.36 EdgA/99.0.1150.39"
::ffff:49.42.64.172 - - [19/Mar/2022:06:59:24 +0000] "GET /users/sessionCheck HTTP/1.1" 304 - "http://50.19.145.241.nip.io:8000/" "Mozilla/5.0 (X11; Linux x86_64) AppleWebKit/537.36 (KHTML, like Gecko) Chrome/98.0.4758.87 Safari/537.36"
::ffff:14.139.196.12 - - [19/Mar/2022:06:59:25 +0000] "GET /users/signin HTTP/1.1" 200 2817 "-" "Mozilla/5.0 (Linux; Android 11; SM-A715F) AppleWebKit/537.36 (KHTML, like Gecko) Chrome/99.0.4844.51 Mobile Safari/537.36 EdgA/99.0.1150.39"
::ffff:14.139.196.12 - - [19/Mar/2022:06:59:28 +0000] "GET /favicon.ico HTTP/1.1" 404 150 "http://50.19.145.241.nip.io:8000/users/signin" "Mozilla/5.0 (Linux; Android 11; SM-A715F) AppleWebKit/537.36 (KHTML, like Gecko) Chrome/99.0.4844.51 Mobile Safari/537.36 EdgA/99.0.1150.39"
::ffff:106.208.146.70 - - [19/Mar/2022:06:59:28 +0000] "GET /users/auth/google HTTP/1.1" 302 0 "http://50.19.145.241.nip.io:8000/users/signin" "Mozilla/5.0 (Linux; Android 11; moto g(60)) AppleWebKit/537.36 (KHTML, like Gecko) Chrome/99.0.4844.73 Mobile Safari/537.36"
::ffff:106.208.146.70 - - [19/Mar/2022:06:59:38 +0000] "GET /users/auth/google/callback?code=4%2F0AX4XfWju3o8QQ1aAAeetzsS-pLp-F4k10SwtEQw0wsvgiZd-gpZE4tTA_vNG-Jp2jE4QmA&scope=email+profile+https%3A%2F%2Fwww.googleapis.com%2Fauth%2Fuserinfo.profile+https%3A%2F%2Fwww.googleapis.com%2Fauth%2Fuserinfo.email+openid&authuser=2&prompt=consent HTTP/1.1" 302 46 "-" "Mozilla/5.0 (Linux; Android 11; moto g(60)) AppleWebKit/537.36 (KHTML, like Gecko) Chrome/99.0.4844.73 Mobile Safari/537.36"
::ffff:106.208.146.70 - - [19/Mar/2022:06:59:39 +0000] "GET / HTTP/1.1" 200 126137 "-" "Mozilla/5.0 (Linux; Android 11; moto g(60)) AppleWebKit/537.36 (KHTML, like Gecko) Chrome/99.0.4844.73 Mobile Safari/537.36"
::ffff:14.139.196.12 - - [19/Mar/2022:06:59:40 +0000] "POST /users/create-session HTTP/1.1" 302 70 "http://50.19.145.241.nip.io:8000/users/signin" "Mozilla/5.0 (Linux; Android 11; SM-A715F) AppleWebKit/537.36 (KHTML, like Gecko) Chrome/99.0.4844.51 Mobile Safari/537.36 EdgA/99.0.1150.39"
::ffff:14.139.196.12 - - [19/Mar/2022:06:59:40 +0000] "GET /users/signin HTTP/1.1" 304 - "http://50.19.145.241.nip.io:8000/users/signin" "Mozilla/5.0 (Linux; Android 11; SM-A715F) AppleWebKit/537.36 (KHTML, like Gecko) Chrome/99.0.4844.51 Mobile Safari/537.36 EdgA/99.0.1150.39"
::ffff:49.42.64.172 - - [19/Mar/2022:06:59:41 +0000] "GET / HTTP/1.1" 200 126918 "-" "Mozilla/5.0 (Linux; Android 8.1.0; CPH1901) AppleWebKit/537.36 (KHTML, like Gecko) Chrome/98.0.4758.87 Mobile Safari/537.36"
::ffff:14.139.196.12 - - [19/Mar/2022:06:59:43 +0000] "GET /users/auth/google HTTP/1.1" 302 0 "http://50.19.145.241.nip.io:8000/users/signin" "Mozilla/5.0 (Linux; Android 11; SM-A715F) AppleWebKit/537.36 (KHTML, like Gecko) Chrome/99.0.4844.51 Mobile Safari/537.36 EdgA/99.0.1150.39"
::ffff:157.40.117.40 - - [19/Mar/2022:06:59:44 +0000] "GET / HTTP/1.1" 302 70 "-" "Mozilla/5.0 (Linux; Android 11; M2101K7BI) AppleWebKit/537.36 (KHTML, like Gecko) Chrome/98.0.4758.101 Mobile Safari/537.36"
::ffff:157.40.117.40 - - [19/Mar/2022:06:59:44 +0000] "GET /users/signin HTTP/1.1" 200 2817 "-" "Mozilla/5.0 (Linux; Android 11; M2101K7BI) AppleWebKit/537.36 (KHTML, like Gecko) Chrome/98.0.4758.101 Mobile Safari/537.36"
::ffff:157.40.117.40 - - [19/Mar/2022:06:59:46 +0000] "GET /favicon.ico HTTP/1.1" 404 150 "http://50.19.145.241.nip.io:8000/users/signin" "Mozilla/5.0 (Linux; Android 11; M2101K7BI) AppleWebKit/537.36 (KHTML, like Gecko) Chrome/98.0.4758.101 Mobile Safari/537.36"
::ffff:49.42.64.172 - - [19/Mar/2022:06:59:59 +0000] "GET /users/findFriends HTTP/1.1" 200 20794 "http://50.19.145.241.nip.io:8000/" "Mozilla/5.0 (Linux; Android 8.1.0; CPH1901) AppleWebKit/537.36 (KHTML, like Gecko) Chrome/98.0.4758.87 Mobile Safari/537.36"
::ffff:157.40.117.40 - - [19/Mar/2022:07:00:05 +0000] "GET / HTTP/1.1" 302 70 "-" "Mozilla/5.0 (Linux; Android 11; M2101K7BI) AppleWebKit/537.36 (KHTML, like Gecko) Chrome/98.0.4758.101 Mobile Safari/537.36"
::ffff:157.40.117.40 - - [19/Mar/2022:07:00:05 +0000] "GET /users/signin HTTP/1.1" 304 - "-" "Mozilla/5.0 (Linux; Android 11; M2101K7BI) AppleWebKit/537.36 (KHTML, like Gecko) Chrome/98.0.4758.101 Mobile Safari/537.36"
::ffff:49.42.64.172 - - [19/Mar/2022:07:00:05 +0000] "GET /users/profile/62357f594e092f5d78997bc6 HTTP/1.1" 200 44979 "http://50.19.145.241.nip.io:8000/users/findFriends" "Mozilla/5.0 (Linux; Android 8.1.0; CPH1901) AppleWebKit/537.36 (KHTML, like Gecko) Chrome/98.0.4758.87 Mobile Safari/537.36"
::ffff:157.40.117.40 - - [19/Mar/2022:07:00:22 +0000] "GET /users/signup HTTP/1.1" 200 3355 "http://50.19.145.241.nip.io:8000/users/signin" "Mozilla/5.0 (Linux; Android 11; M2101K7BI) AppleWebKit/537.36 (KHTML, like Gecko) Chrome/98.0.4758.101 Mobile Safari/537.36"
::ffff:223.238.235.122 - - [19/Mar/2022:07:00:43 +0000] "GET / HTTP/1.1" 302 70 "-" "Mozilla/5.0 (Linux; Android 9; Netra) AppleWebKit/537.36 (KHTML, like Gecko) Chrome/91.0.4472.164 Mobile Safari/537.36"
::ffff:223.238.235.122 - - [19/Mar/2022:07:00:43 +0000] "GET /users/signin HTTP/1.1" 200 2817 "-" "Mozilla/5.0 (Linux; Android 9; Netra) AppleWebKit/537.36 (KHTML, like Gecko) Chrome/91.0.4472.164 Mobile Safari/537.36"
::ffff:223.238.235.122 - - [19/Mar/2022:07:00:45 +0000] "GET /favicon.ico HTTP/1.1" 404 150 "http://50.19.145.241.nip.io:8000/users/signin" "Mozilla/5.0 (Linux; Android 9; Netra) AppleWebKit/537.36 (KHTML, like Gecko) Chrome/91.0.4472.164 Mobile Safari/537.36"
::ffff:223.238.235.122 - - [19/Mar/2022:07:00:52 +0000] "GET /users/auth/google HTTP/1.1" 302 0 "http://50.19.145.241.nip.io:8000/users/signin" "Mozilla/5.0 (Linux; Android 9; Netra) AppleWebKit/537.36 (KHTML, like Gecko) Chrome/91.0.4472.164 Mobile Safari/537.36"
::ffff:223.238.235.122 - - [19/Mar/2022:07:00:59 +0000] "GET /users/signup HTTP/1.1" 200 3355 "http://50.19.145.241.nip.io:8000/users/signin" "Mozilla/5.0 (Linux; Android 9; Netra) AppleWebKit/537.36 (KHTML, like Gecko) Chrome/91.0.4472.164 Mobile Safari/537.36"
::ffff:157.40.117.40 - - [19/Mar/2022:07:01:17 +0000] "POST /users/create HTTP/1.1" 302 70 "http://50.19.145.241.nip.io:8000/users/signup" "Mozilla/5.0 (Linux; Android 11; M2101K7BI) AppleWebKit/537.36 (KHTML, like Gecko) Chrome/98.0.4758.101 Mobile Safari/537.36"
::ffff:157.40.117.40 - - [19/Mar/2022:07:01:17 +0000] "GET /users/signin HTTP/1.1" 304 - "http://50.19.145.241.nip.io:8000/users/signup" "Mozilla/5.0 (Linux; Android 11; M2101K7BI) AppleWebKit/537.36 (KHTML, like Gecko) Chrome/98.0.4758.101 Mobile Safari/537.36"
::ffff:122.168.175.156 - - [19/Mar/2022:07:01:26 +0000] "GET / HTTP/1.1" 302 70 "-" "Mozilla/5.0 (Windows NT 10.0; Win64; x64) AppleWebKit/537.36 (KHTML, like Gecko) Chrome/99.0.4844.74 Safari/537.36"
::ffff:122.168.175.156 - - [19/Mar/2022:07:01:27 +0000] "GET /users/signin HTTP/1.1" 200 2817 "-" "Mozilla/5.0 (Windows NT 10.0; Win64; x64) AppleWebKit/537.36 (KHTML, like Gecko) Chrome/99.0.4844.74 Safari/537.36"
::ffff:122.168.175.156 - - [19/Mar/2022:07:01:29 +0000] "GET /favicon.ico HTTP/1.1" 404 150 "http://50.19.145.241.nip.io:8000/users/signin" "Mozilla/5.0 (Windows NT 10.0; Win64; x64) AppleWebKit/537.36 (KHTML, like Gecko) Chrome/99.0.4844.74 Safari/537.36"
::ffff:157.40.117.40 - - [19/Mar/2022:07:01:34 +0000] "POST /users/create-session HTTP/1.1" 302 46 "http://50.19.145.241.nip.io:8000/users/signin" "Mozilla/5.0 (Linux; Android 11; M2101K7BI) AppleWebKit/537.36 (KHTML, like Gecko) Chrome/98.0.4758.101 Mobile Safari/537.36"
::ffff:157.40.117.40 - - [19/Mar/2022:07:01:35 +0000] "GET / HTTP/1.1" 200 127432 "http://50.19.145.241.nip.io:8000/users/signin" "Mozilla/5.0 (Linux; Android 11; M2101K7BI) AppleWebKit/537.36 (KHTML, like Gecko) Chrome/98.0.4758.101 Mobile Safari/537.36"
::ffff:157.45.84.174 - - [19/Mar/2022:07:02:14 +0000] "GET / HTTP/1.1" 302 70 "-" "Mozilla/5.0 (Linux; Android 8.1.0; SM-G610F) AppleWebKit/537.36 (KHTML, like Gecko) Chrome/91.0.4472.101 Mobile Safari/537.36"
::ffff:157.45.84.174 - - [19/Mar/2022:07:02:14 +0000] "GET /users/signin HTTP/1.1" 200 2817 "-" "Mozilla/5.0 (Linux; Android 8.1.0; SM-G610F) AppleWebKit/537.36 (KHTML, like Gecko) Chrome/91.0.4472.101 Mobile Safari/537.36"
::ffff:157.45.84.174 - - [19/Mar/2022:07:02:16 +0000] "GET /favicon.ico HTTP/1.1" 404 150 "http://50.19.145.241.nip.io:8000/users/signin" "Mozilla/5.0 (Linux; Android 8.1.0; SM-G610F) AppleWebKit/537.36 (KHTML, like Gecko) Chrome/91.0.4472.101 Mobile Safari/537.36"
::ffff:157.40.117.40 - - [19/Mar/2022:07:02:18 +0000] "GET /users/sessionCheck HTTP/1.1" 200 26 "http://50.19.145.241.nip.io:8000/" "Mozilla/5.0 (Linux; Android 11; M2101K7BI) AppleWebKit/537.36 (KHTML, like Gecko) Chrome/98.0.4758.101 Mobile Safari/537.36"
::ffff:47.9.114.13 - - [19/Mar/2022:07:02:32 +0000] "GET / HTTP/1.1" 302 70 "-" "Mozilla/5.0 (Linux; Android 11; RMX3430) AppleWebKit/537.36 (KHTML, like Gecko) Chrome/99.0.4844.58 Mobile Safari/537.36"
::ffff:47.9.114.13 - - [19/Mar/2022:07:02:33 +0000] "GET /users/signin HTTP/1.1" 200 2817 "-" "Mozilla/5.0 (Linux; Android 11; RMX3430) AppleWebKit/537.36 (KHTML, like Gecko) Chrome/99.0.4844.58 Mobile Safari/537.36"
::ffff:47.9.114.13 - - [19/Mar/2022:07:02:35 +0000] "GET /favicon.ico HTTP/1.1" 404 150 "http://50.19.145.241.nip.io:8000/users/signin" "Mozilla/5.0 (Linux; Android 11; RMX3430) AppleWebKit/537.36 (KHTML, like Gecko) Chrome/99.0.4844.58 Mobile Safari/537.36"
::ffff:47.9.4.12 - - [19/Mar/2022:07:02:37 +0000] "GET / HTTP/1.1" 302 70 "-" "Mozilla/5.0 (Linux; U; Android 6.0.1; en-in; Redmi 3S Build/MMB29M) AppleWebKit/537.36 (KHTML, like Gecko) Version/4.0 Chrome/71.0.3578.141 Mobile Safari/537.36 XiaoMi/MiuiBrowser/12.4.3-g"
::ffff:47.9.4.12 - - [19/Mar/2022:07:02:37 +0000] "GET /users/signin HTTP/1.1" 200 2817 "-" "Mozilla/5.0 (Linux; U; Android 6.0.1; en-in; Redmi 3S Build/MMB29M) AppleWebKit/537.36 (KHTML, like Gecko) Version/4.0 Chrome/71.0.3578.141 Mobile Safari/537.36 XiaoMi/MiuiBrowser/12.4.3-g"
::ffff:47.9.4.12 - - [19/Mar/2022:07:02:39 +0000] "GET /favicon.ico HTTP/1.1" 404 150 "http://50.19.145.241.nip.io:8000/users/signin" "Mozilla/5.0 (Linux; U; Android 6.0.1; en-in; Redmi 3S Build/MMB29M) AppleWebKit/537.36 (KHTML, like Gecko) Version/4.0 Chrome/71.0.3578.141 Mobile Safari/537.36 XiaoMi/MiuiBrowser/12.4.3-g"
::ffff:157.45.84.174 - - [19/Mar/2022:07:02:46 +0000] "POST /users/create-session HTTP/1.1" 302 70 "http://50.19.145.241.nip.io:8000/users/signin" "Mozilla/5.0 (Linux; Android 8.1.0; SM-G610F) AppleWebKit/537.36 (KHTML, like Gecko) Chrome/91.0.4472.101 Mobile Safari/537.36"
::ffff:157.45.84.174 - - [19/Mar/2022:07:02:46 +0000] "GET /users/signin HTTP/1.1" 304 - "http://50.19.145.241.nip.io:8000/users/signin" "Mozilla/5.0 (Linux; Android 8.1.0; SM-G610F) AppleWebKit/537.36 (KHTML, like Gecko) Chrome/91.0.4472.101 Mobile Safari/537.36"
::ffff:157.119.168.250 - - [19/Mar/2022:07:03:00 +0000] "GET / HTTP/1.1" 302 70 "-" "Mozilla/5.0 (Linux; Android 11; POCO M2 Pro) AppleWebKit/537.36 (KHTML, like Gecko) Chrome/99.0.4844.73 Mobile Safari/537.36"
::ffff:157.45.84.174 - - [19/Mar/2022:07:03:00 +0000] "GET /users/signup HTTP/1.1" 200 3355 "http://50.19.145.241.nip.io:8000/users/signin" "Mozilla/5.0 (Linux; Android 8.1.0; SM-G610F) AppleWebKit/537.36 (KHTML, like Gecko) Chrome/91.0.4472.101 Mobile Safari/537.36"
::ffff:157.119.168.250 - - [19/Mar/2022:07:03:00 +0000] "GET /users/signin HTTP/1.1" 200 2817 "-" "Mozilla/5.0 (Linux; Android 11; POCO M2 Pro) AppleWebKit/537.36 (KHTML, like Gecko) Chrome/99.0.4844.73 Mobile Safari/537.36"
::ffff:47.9.114.13 - - [19/Mar/2022:07:03:01 +0000] "GET /users/forgot-password/enter-mail HTTP/1.1" 200 1868 "http://50.19.145.241.nip.io:8000/users/signin" "Mozilla/5.0 (Linux; Android 11; RMX3430) AppleWebKit/537.36 (KHTML, like Gecko) Chrome/99.0.4844.58 Mobile Safari/537.36"
::ffff:157.119.168.250 - - [19/Mar/2022:07:03:02 +0000] "GET /favicon.ico HTTP/1.1" 404 150 "http://50.19.145.241.nip.io:8000/users/signin" "Mozilla/5.0 (Linux; Android 11; POCO M2 Pro) AppleWebKit/537.36 (KHTML, like Gecko) Chrome/99.0.4844.73 Mobile Safari/537.36"
::ffff:47.9.189.208 - - [19/Mar/2022:07:03:02 +0000] "GET / HTTP/1.1" 302 70 "-" "Mozilla/5.0 (Linux; Android 12; V2036) AppleWebKit/537.36 (KHTML, like Gecko) Chrome/99.0.4844.73 Mobile Safari/537.36"
::ffff:47.9.189.208 - - [19/Mar/2022:07:03:02 +0000] "GET /users/signin HTTP/1.1" 200 2817 "-" "Mozilla/5.0 (Linux; Android 12; V2036) AppleWebKit/537.36 (KHTML, like Gecko) Chrome/99.0.4844.73 Mobile Safari/537.36"
::ffff:47.9.114.13 - - [19/Mar/2022:07:03:04 +0000] "POST /users/forgot-password/verify-mail HTTP/1.1" 302 174 "http://50.19.145.241.nip.io:8000/users/forgot-password/enter-mail" "Mozilla/5.0 (Linux; Android 11; RMX3430) AppleWebKit/537.36 (KHTML, like Gecko) Chrome/99.0.4844.58 Mobile Safari/537.36"
::ffff:47.9.114.13 - - [19/Mar/2022:07:03:04 +0000] "GET /users/forgot-password/enter-mail HTTP/1.1" 304 - "http://50.19.145.241.nip.io:8000/users/forgot-password/enter-mail" "Mozilla/5.0 (Linux; Android 11; RMX3430) AppleWebKit/537.36 (KHTML, like Gecko) Chrome/99.0.4844.58 Mobile Safari/537.36"
::ffff:47.9.189.208 - - [19/Mar/2022:07:03:04 +0000] "GET /favicon.ico HTTP/1.1" 404 150 "http://50.19.145.241.nip.io:8000/users/signin" "Mozilla/5.0 (Linux; Android 12; V2036) AppleWebKit/537.36 (KHTML, like Gecko) Chrome/99.0.4844.73 Mobile Safari/537.36"
::ffff:157.119.168.250 - - [19/Mar/2022:07:03:14 +0000] "POST /users/create-session HTTP/1.1" 302 70 "http://50.19.145.241.nip.io:8000/users/signin" "Mozilla/5.0 (Linux; Android 11; POCO M2 Pro) AppleWebKit/537.36 (KHTML, like Gecko) Chrome/99.0.4844.73 Mobile Safari/537.36"
::ffff:47.9.114.13 - - [19/Mar/2022:07:03:14 +0000] "POST /users/forgot-password/verify-mail HTTP/1.1" 302 174 "http://50.19.145.241.nip.io:8000/users/forgot-password/enter-mail" "Mozilla/5.0 (Linux; Android 11; RMX3430) AppleWebKit/537.36 (KHTML, like Gecko) Chrome/99.0.4844.58 Mobile Safari/537.36"
::ffff:157.119.168.250 - - [19/Mar/2022:07:03:14 +0000] "GET /users/signin HTTP/1.1" 304 - "http://50.19.145.241.nip.io:8000/users/signin" "Mozilla/5.0 (Linux; Android 11; POCO M2 Pro) AppleWebKit/537.36 (KHTML, like Gecko) Chrome/99.0.4844.73 Mobile Safari/537.36"
::ffff:47.9.114.13 - - [19/Mar/2022:07:03:14 +0000] "GET /users/forgot-password/enter-mail HTTP/1.1" 304 - "http://50.19.145.241.nip.io:8000/users/forgot-password/enter-mail" "Mozilla/5.0 (Linux; Android 11; RMX3430) AppleWebKit/537.36 (KHTML, like Gecko) Chrome/99.0.4844.58 Mobile Safari/537.36"
::ffff:47.9.114.13 - - [19/Mar/2022:07:03:21 +0000] "POST /users/forgot-password/verify-mail HTTP/1.1" 302 174 "http://50.19.145.241.nip.io:8000/users/forgot-password/enter-mail" "Mozilla/5.0 (Linux; Android 11; RMX3430) AppleWebKit/537.36 (KHTML, like Gecko) Chrome/99.0.4844.58 Mobile Safari/537.36"
::ffff:47.9.114.13 - - [19/Mar/2022:07:03:21 +0000] "GET /users/forgot-password/enter-mail HTTP/1.1" 304 - "http://50.19.145.241.nip.io:8000/users/forgot-password/enter-mail" "Mozilla/5.0 (Linux; Android 11; RMX3430) AppleWebKit/537.36 (KHTML, like Gecko) Chrome/99.0.4844.58 Mobile Safari/537.36"
::ffff:157.119.168.250 - - [19/Mar/2022:07:03:21 +0000] "GET /users/signup HTTP/1.1" 200 3355 "http://50.19.145.241.nip.io:8000/users/signin" "Mozilla/5.0 (Linux; Android 11; POCO M2 Pro) AppleWebKit/537.36 (KHTML, like Gecko) Chrome/99.0.4844.73 Mobile Safari/537.36"
::ffff:47.9.114.13 - - [19/Mar/2022:07:03:30 +0000] "POST /users/forgot-password/verify-mail HTTP/1.1" 302 174 "http://50.19.145.241.nip.io:8000/users/forgot-password/enter-mail" "Mozilla/5.0 (Linux; Android 11; RMX3430) AppleWebKit/537.36 (KHTML, like Gecko) Chrome/99.0.4844.58 Mobile Safari/537.36"
::ffff:47.9.114.13 - - [19/Mar/2022:07:03:30 +0000] "GET /users/forgot-password/enter-mail HTTP/1.1" 304 - "http://50.19.145.241.nip.io:8000/users/forgot-password/enter-mail" "Mozilla/5.0 (Linux; Android 11; RMX3430) AppleWebKit/537.36 (KHTML, like Gecko) Chrome/99.0.4844.58 Mobile Safari/537.36"
::ffff:47.9.114.13 - - [19/Mar/2022:07:03:32 +0000] "GET /users/auth/google HTTP/1.1" 302 0 "http://50.19.145.241.nip.io:8000/users/forgot-password/enter-mail" "Mozilla/5.0 (Linux; Android 11; RMX3430) AppleWebKit/537.36 (KHTML, like Gecko) Chrome/99.0.4844.58 Mobile Safari/537.36"
::ffff:47.9.114.13 - - [19/Mar/2022:07:03:37 +0000] "GET /users/auth/google/callback?code=4%2F0AX4XfWiq3LjqCFy1Zeul_13fvVYT6gQQdUbF7gGVhQIJv4WYClxz6xolQIdVv4vxZjcdTw&scope=email+profile+https%3A%2F%2Fwww.googleapis.com%2Fauth%2Fuserinfo.profile+https%3A%2F%2Fwww.googleapis.com%2Fauth%2Fuserinfo.email+openid&authuser=1&prompt=consent HTTP/1.1" 302 46 "-" "Mozilla/5.0 (Linux; Android 11; RMX3430) AppleWebKit/537.36 (KHTML, like Gecko) Chrome/99.0.4844.58 Mobile Safari/537.36"
::ffff:47.9.114.13 - - [19/Mar/2022:07:03:38 +0000] "GET / HTTP/1.1" 200 128786 "-" "Mozilla/5.0 (Linux; Android 11; RMX3430) AppleWebKit/537.36 (KHTML, like Gecko) Chrome/99.0.4844.58 Mobile Safari/537.36"
::ffff:157.119.168.250 - - [19/Mar/2022:07:03:40 +0000] "POST /users/create HTTP/1.1" 302 70 "http://50.19.145.241.nip.io:8000/users/signup" "Mozilla/5.0 (Linux; Android 11; POCO M2 Pro) AppleWebKit/537.36 (KHTML, like Gecko) Chrome/99.0.4844.73 Mobile Safari/537.36"
::ffff:157.119.168.250 - - [19/Mar/2022:07:03:41 +0000] "GET /users/signin HTTP/1.1" 304 - "http://50.19.145.241.nip.io:8000/users/signup" "Mozilla/5.0 (Linux; Android 11; POCO M2 Pro) AppleWebKit/537.36 (KHTML, like Gecko) Chrome/99.0.4844.73 Mobile Safari/537.36"
::ffff:47.9.114.13 - - [19/Mar/2022:07:03:49 +0000] "GET /users/profile/623580494e092f5d78997df9 HTTP/1.1" 200 48483 "http://50.19.145.241.nip.io:8000/" "Mozilla/5.0 (Linux; Android 11; RMX3430) AppleWebKit/537.36 (KHTML, like Gecko) Chrome/99.0.4844.58 Mobile Safari/537.36"
::ffff:49.42.64.172 - - [19/Mar/2022:07:03:49 +0000] "GET / HTTP/1.1" 200 130890 "-" "Mozilla/5.0 (Linux; Android 8.1.0; CPH1901) AppleWebKit/537.36 (KHTML, like Gecko) Chrome/98.0.4758.87 Mobile Safari/537.36"
::ffff:157.119.168.250 - - [19/Mar/2022:07:03:54 +0000] "POST /users/create-session HTTP/1.1" 302 46 "http://50.19.145.241.nip.io:8000/users/signin" "Mozilla/5.0 (Linux; Android 11; POCO M2 Pro) AppleWebKit/537.36 (KHTML, like Gecko) Chrome/99.0.4844.73 Mobile Safari/537.36"
::ffff:157.119.168.250 - - [19/Mar/2022:07:03:55 +0000] "GET / HTTP/1.1" 200 130103 "http://50.19.145.241.nip.io:8000/users/signin" "Mozilla/5.0 (Linux; Android 11; POCO M2 Pro) AppleWebKit/537.36 (KHTML, like Gecko) Chrome/99.0.4844.73 Mobile Safari/537.36"
::ffff:49.42.64.172 - - [19/Mar/2022:07:03:58 +0000] "GET /users/friendAndGroups HTTP/1.1" 304 - "http://50.19.145.241.nip.io:8000/" "Mozilla/5.0 (Linux; Android 8.1.0; CPH1901) AppleWebKit/537.36 (KHTML, like Gecko) Chrome/98.0.4758.87 Mobile Safari/537.36"
::ffff:47.9.114.13 - - [19/Mar/2022:07:03:59 +0000] "GET /users/findFriends HTTP/1.1" 200 23781 "http://50.19.145.241.nip.io:8000/users/profile/623580494e092f5d78997df9" "Mozilla/5.0 (Linux; Android 11; RMX3430) AppleWebKit/537.36 (KHTML, like Gecko) Chrome/99.0.4844.58 Mobile Safari/537.36"
::ffff:49.42.64.172 - - [19/Mar/2022:07:04:02 +0000] "GET /users/findFriends HTTP/1.1" 200 22996 "http://50.19.145.241.nip.io:8000/" "Mozilla/5.0 (Linux; Android 8.1.0; CPH1901) AppleWebKit/537.36 (KHTML, like Gecko) Chrome/98.0.4758.87 Mobile Safari/537.36"
::ffff:157.119.168.250 - - [19/Mar/2022:07:04:05 +0000] "GET /users/create-session HTTP/1.1" 404 159 "-" "Mozilla/5.0 (X11; Linux x86_64) AppleWebKit/537.36 (KHTML, like Gecko) Chrome/99.0.4844.73 Safari/537.36"
::ffff:47.9.114.13 - - [19/Mar/2022:07:04:06 +0000] "GET /users/profile/622e5afbedb5900a4dea10d4 HTTP/1.1" 200 63345 "http://50.19.145.241.nip.io:8000/users/findFriends" "Mozilla/5.0 (Linux; Android 11; RMX3430) AppleWebKit/537.36 (KHTML, like Gecko) Chrome/99.0.4844.58 Mobile Safari/537.36"
::ffff:157.119.168.250 - - [19/Mar/2022:07:04:08 +0000] "GET /users/create-session HTTP/1.1" 404 159 "-" "Mozilla/5.0 (X11; Linux x86_64) AppleWebKit/537.36 (KHTML, like Gecko) Chrome/99.0.4844.73 Safari/537.36"
::ffff:49.42.64.172 - - [19/Mar/2022:07:04:13 +0000] "POST /users/friends/toggle/623580494e092f5d78997df9 HTTP/1.1" 200 95 "http://50.19.145.241.nip.io:8000/users/findFriends" "Mozilla/5.0 (Linux; Android 8.1.0; CPH1901) AppleWebKit/537.36 (KHTML, like Gecko) Chrome/98.0.4758.87 Mobile Safari/537.36"
::ffff:157.119.168.250 - - [19/Mar/2022:07:04:13 +0000] "GET /users/create HTTP/1.1" 404 151 "-" "Mozilla/5.0 (X11; Linux x86_64) AppleWebKit/537.36 (KHTML, like Gecko) Chrome/99.0.4844.73 Safari/537.36"
::ffff:157.119.168.250 - - [19/Mar/2022:07:04:17 +0000] "POST /users/create HTTP/1.1" 302 134 "http://50.19.145.241.nip.io:8000/users/signup" "Mozilla/5.0 (Linux; Android 11; POCO M2 Pro) AppleWebKit/537.36 (KHTML, like Gecko) Chrome/99.0.4844.73 Mobile Safari/537.36"
::ffff:157.119.168.250 - - [19/Mar/2022:07:04:17 +0000] "GET /users/signup HTTP/1.1" 302 72 "http://50.19.145.241.nip.io:8000/users/signup" "Mozilla/5.0 (Linux; Android 11; POCO M2 Pro) AppleWebKit/537.36 (KHTML, like Gecko) Chrome/99.0.4844.73 Mobile Safari/537.36"
::ffff:157.119.168.250 - - [19/Mar/2022:07:04:17 +0000] "GET /users/profile HTTP/1.1" 404 152 "http://50.19.145.241.nip.io:8000/users/signup" "Mozilla/5.0 (Linux; Android 11; POCO M2 Pro) AppleWebKit/537.36 (KHTML, like Gecko) Chrome/99.0.4844.73 Mobile Safari/537.36"
::ffff:47.9.114.13 - - [19/Mar/2022:07:04:20 +0000] "GET /users/profile/622e5afbedb5900a4dea10d4 HTTP/1.1" 200 63655 "http://50.19.145.241.nip.io:8000/users/findFriends" "Mozilla/5.0 (Linux; Android 11; RMX3430) AppleWebKit/537.36 (KHTML, like Gecko) Chrome/99.0.4844.58 Mobile Safari/537.36"
::ffff:47.9.114.13 - - [19/Mar/2022:07:04:24 +0000] "GET /message/messagepage/622e5afbedb5900a4dea10d4 HTTP/1.1" 200 2206 "http://50.19.145.241.nip.io:8000/users/profile/622e5afbedb5900a4dea10d4" "Mozilla/5.0 (Linux; Android 11; RMX3430) AppleWebKit/537.36 (KHTML, like Gecko) Chrome/99.0.4844.58 Mobile Safari/537.36"
::ffff:157.119.168.250 - - [19/Mar/2022:07:04:28 +0000] "POST /users/create-session HTTP/1.1" 302 46 "http://50.19.145.241.nip.io:8000/users/signin" "Mozilla/5.0 (Linux; Android 11; POCO M2 Pro) AppleWebKit/537.36 (KHTML, like Gecko) Chrome/99.0.4844.73 Mobile Safari/537.36"
::ffff:157.119.168.250 - - [19/Mar/2022:07:04:28 +0000] "GET / HTTP/1.1" 304 - "http://50.19.145.241.nip.io:8000/users/signin" "Mozilla/5.0 (Linux; Android 11; POCO M2 Pro) AppleWebKit/537.36 (KHTML, like Gecko) Chrome/99.0.4844.73 Mobile Safari/537.36"
::ffff:47.9.114.13 - - [19/Mar/2022:07:04:29 +0000] "POST /message/create HTTP/1.1" 200 150 "http://50.19.145.241.nip.io:8000/message/messagepage/622e5afbedb5900a4dea10d4" "Mozilla/5.0 (Linux; Android 11; RMX3430) AppleWebKit/537.36 (KHTML, like Gecko) Chrome/99.0.4844.58 Mobile Safari/537.36"
::ffff:49.36.21.243 - - [19/Mar/2022:07:04:41 +0000] "GET / HTTP/1.1" 302 70 "-" "Mozilla/5.0 (Windows NT 10.0; Win64; x64) AppleWebKit/537.36 (KHTML, like Gecko) Chrome/99.0.4844.74 Safari/537.36"
::ffff:49.36.21.243 - - [19/Mar/2022:07:04:41 +0000] "GET /users/signin HTTP/1.1" 200 2817 "-" "Mozilla/5.0 (Windows NT 10.0; Win64; x64) AppleWebKit/537.36 (KHTML, like Gecko) Chrome/99.0.4844.74 Safari/537.36"
::ffff:49.36.21.243 - - [19/Mar/2022:07:04:42 +0000] "GET /favicon.ico HTTP/1.1" 404 150 "http://50.19.145.241.nip.io:8000/users/signin" "Mozilla/5.0 (Windows NT 10.0; Win64; x64) AppleWebKit/537.36 (KHTML, like Gecko) Chrome/99.0.4844.74 Safari/537.36"
::ffff:47.9.114.13 - - [19/Mar/2022:07:04:44 +0000] "GET /users/profile/623419414e092f5d78993ce9 HTTP/1.1" 200 48750 "http://50.19.145.241.nip.io:8000/users/findFriends" "Mozilla/5.0 (Linux; Android 11; RMX3430) AppleWebKit/537.36 (KHTML, like Gecko) Chrome/99.0.4844.58 Mobile Safari/537.36"
::ffff:157.119.168.250 - - [19/Mar/2022:07:05:00 +0000] "GET /users/findFriends HTTP/1.1" 200 23785 "http://50.19.145.241.nip.io:8000/" "Mozilla/5.0 (Linux; Android 11; POCO M2 Pro) AppleWebKit/537.36 (KHTML, like Gecko) Chrome/99.0.4844.73 Mobile Safari/537.36"
::ffff:47.9.114.13 - - [19/Mar/2022:07:05:03 +0000] "GET /users/signout HTTP/1.1" 302 46 "http://50.19.145.241.nip.io:8000/users/profile/623580494e092f5d78997df9" "Mozilla/5.0 (Linux; Android 11; RMX3430) AppleWebKit/537.36 (KHTML, like Gecko) Chrome/99.0.4844.58 Mobile Safari/537.36"
::ffff:47.9.114.13 - - [19/Mar/2022:07:05:04 +0000] "GET / HTTP/1.1" 302 70 "http://50.19.145.241.nip.io:8000/users/profile/623580494e092f5d78997df9" "Mozilla/5.0 (Linux; Android 11; RMX3430) AppleWebKit/537.36 (KHTML, like Gecko) Chrome/99.0.4844.58 Mobile Safari/537.36"
::ffff:47.9.114.13 - - [19/Mar/2022:07:05:04 +0000] "GET /users/signin HTTP/1.1" 304 - "http://50.19.145.241.nip.io:8000/users/profile/623580494e092f5d78997df9" "Mozilla/5.0 (Linux; Android 11; RMX3430) AppleWebKit/537.36 (KHTML, like Gecko) Chrome/99.0.4844.58 Mobile Safari/537.36"
::ffff:49.42.64.172 - - [19/Mar/2022:07:05:07 +0000] "GET /users/friendAndGroups HTTP/1.1" 200 4943 "http://50.19.145.241.nip.io:8000/" "Mozilla/5.0 (Linux; Android 8.1.0; CPH1901) AppleWebKit/537.36 (KHTML, like Gecko) Chrome/98.0.4758.87 Mobile Safari/537.36"
::ffff:49.42.64.172 - - [19/Mar/2022:07:05:09 +0000] "GET /message/messagepage/623580494e092f5d78997df9 HTTP/1.1" 200 2459 "http://50.19.145.241.nip.io:8000/users/friendAndGroups" "Mozilla/5.0 (Linux; Android 8.1.0; CPH1901) AppleWebKit/537.36 (KHTML, like Gecko) Chrome/98.0.4758.87 Mobile Safari/537.36"
::ffff:49.42.64.172 - - [19/Mar/2022:07:05:15 +0000] "POST /message/create HTTP/1.1" 200 156 "http://50.19.145.241.nip.io:8000/message/messagepage/623580494e092f5d78997df9" "Mozilla/5.0 (Linux; Android 8.1.0; CPH1901) AppleWebKit/537.36 (KHTML, like Gecko) Chrome/98.0.4758.87 Mobile Safari/537.36"
::ffff:1.187.119.233 - - [19/Mar/2022:07:05:32 +0000] "GET / HTTP/1.1" 302 70 "-" "Mozilla/5.0 (Linux; Android 10; SM-A715F) AppleWebKit/537.36 (KHTML, like Gecko) Chrome/81.0.4044.138 Mobile Safari/537.36"
::ffff:1.187.119.233 - - [19/Mar/2022:07:05:32 +0000] "GET /users/signin HTTP/1.1" 200 2817 "-" "Mozilla/5.0 (Linux; Android 10; SM-A715F) AppleWebKit/537.36 (KHTML, like Gecko) Chrome/81.0.4044.138 Mobile Safari/537.36"
::ffff:1.187.119.233 - - [19/Mar/2022:07:05:34 +0000] "GET /favicon.ico HTTP/1.1" 404 150 "http://50.19.145.241.nip.io:8000/users/signin" "Mozilla/5.0 (Linux; Android 10; SM-A715F) AppleWebKit/537.36 (KHTML, like Gecko) Chrome/81.0.4044.138 Mobile Safari/537.36"
::ffff:47.31.182.25 - - [19/Mar/2022:07:06:22 +0000] "GET / HTTP/1.1" 302 70 "-" "Mozilla/5.0 (Linux; Android 11; RMX3085) AppleWebKit/537.36 (KHTML, like Gecko) Chrome/98.0.4758.101 Mobile Safari/537.36"
::ffff:47.31.182.25 - - [19/Mar/2022:07:06:22 +0000] "GET /users/signin HTTP/1.1" 200 2817 "-" "Mozilla/5.0 (Linux; Android 11; RMX3085) AppleWebKit/537.36 (KHTML, like Gecko) Chrome/98.0.4758.101 Mobile Safari/537.36"
::ffff:47.31.182.25 - - [19/Mar/2022:07:06:23 +0000] "GET /favicon.ico HTTP/1.1" 404 150 "http://50.19.145.241.nip.io:8000/users/signin" "Mozilla/5.0 (Linux; Android 11; RMX3085) AppleWebKit/537.36 (KHTML, like Gecko) Chrome/98.0.4758.101 Mobile Safari/537.36"
::ffff:49.42.64.172 - - [19/Mar/2022:07:06:34 +0000] "GET /users/friendAndGroups HTTP/1.1" 200 4717 "http://50.19.145.241.nip.io:8000/" "Mozilla/5.0 (Linux; Android 8.1.0; CPH1901) AppleWebKit/537.36 (KHTML, like Gecko) Chrome/98.0.4758.87 Mobile Safari/537.36"
::ffff:47.31.182.25 - - [19/Mar/2022:07:06:49 +0000] "GET /users/signup HTTP/1.1" 200 3355 "http://50.19.145.241.nip.io:8000/users/signin" "Mozilla/5.0 (Linux; Android 11; RMX3085) AppleWebKit/537.36 (KHTML, like Gecko) Chrome/98.0.4758.101 Mobile Safari/537.36"
::ffff:47.31.182.25 - - [19/Mar/2022:07:07:02 +0000] "POST /users/create HTTP/1.1" 302 70 "http://50.19.145.241.nip.io:8000/users/signup" "Mozilla/5.0 (Linux; Android 11; RMX3085) AppleWebKit/537.36 (KHTML, like Gecko) Chrome/98.0.4758.101 Mobile Safari/537.36"
::ffff:47.31.182.25 - - [19/Mar/2022:07:07:02 +0000] "GET /users/signin HTTP/1.1" 304 - "http://50.19.145.241.nip.io:8000/users/signup" "Mozilla/5.0 (Linux; Android 11; RMX3085) AppleWebKit/537.36 (KHTML, like Gecko) Chrome/98.0.4758.101 Mobile Safari/537.36"
::ffff:49.42.64.172 - - [19/Mar/2022:07:07:19 +0000] "GET /users/friendAndGroups HTTP/1.1" 304 - "http://50.19.145.241.nip.io:8000/" "Mozilla/5.0 (Linux; Android 8.1.0; CPH1901) AppleWebKit/537.36 (KHTML, like Gecko) Chrome/98.0.4758.87 Mobile Safari/537.36"
::ffff:49.42.64.172 - - [19/Mar/2022:07:07:21 +0000] "GET /message/messagepage/623580494e092f5d78997df9 HTTP/1.1" 200 2696 "http://50.19.145.241.nip.io:8000/users/friendAndGroups" "Mozilla/5.0 (Linux; Android 8.1.0; CPH1901) AppleWebKit/537.36 (KHTML, like Gecko) Chrome/98.0.4758.87 Mobile Safari/537.36"
::ffff:157.34.70.255 - - [19/Mar/2022:07:10:28 +0000] "GET / HTTP/1.1" 302 70 "-" "Mozilla/5.0 (Linux; Android 11; vivo 1920) AppleWebKit/537.36 (KHTML, like Gecko) Chrome/89.0.4389.105 Mobile Safari/537.36"
::ffff:157.34.70.255 - - [19/Mar/2022:07:10:29 +0000] "GET /users/signin HTTP/1.1" 200 2817 "-" "Mozilla/5.0 (Linux; Android 11; vivo 1920) AppleWebKit/537.36 (KHTML, like Gecko) Chrome/89.0.4389.105 Mobile Safari/537.36"
::ffff:157.34.70.255 - - [19/Mar/2022:07:10:30 +0000] "GET /favicon.ico HTTP/1.1" 404 150 "http://50.19.145.241.nip.io:8000/users/signin" "Mozilla/5.0 (Linux; Android 11; vivo 1920) AppleWebKit/537.36 (KHTML, like Gecko) Chrome/89.0.4389.105 Mobile Safari/537.36"
::ffff:47.9.157.105 - - [19/Mar/2022:07:11:13 +0000] "GET / HTTP/1.1" 302 70 "-" "Mozilla/5.0 (Linux; Android 10; Redmi 8) AppleWebKit/537.36 (KHTML, like Gecko) Chrome/99.0.4844.73 Mobile Safari/537.36"
::ffff:47.9.157.105 - - [19/Mar/2022:07:11:13 +0000] "GET /users/signin HTTP/1.1" 200 2817 "-" "Mozilla/5.0 (Linux; Android 10; Redmi 8) AppleWebKit/537.36 (KHTML, like Gecko) Chrome/99.0.4844.73 Mobile Safari/537.36"
::ffff:47.9.157.105 - - [19/Mar/2022:07:11:15 +0000] "GET /favicon.ico HTTP/1.1" 404 150 "http://50.19.145.241.nip.io:8000/users/signin" "Mozilla/5.0 (Linux; Android 10; Redmi 8) AppleWebKit/537.36 (KHTML, like Gecko) Chrome/99.0.4844.73 Mobile Safari/537.36"
::ffff:157.34.70.255 - - [19/Mar/2022:07:11:23 +0000] "GET / HTTP/1.1" 302 70 "-" "Mozilla/5.0 (Linux; Android 11; vivo 1920) AppleWebKit/537.36 (KHTML, like Gecko) Chrome/89.0.4389.105 Mobile Safari/537.36"
::ffff:157.34.70.255 - - [19/Mar/2022:07:11:24 +0000] "GET /users/signin HTTP/1.1" 304 - "-" "Mozilla/5.0 (Linux; Android 11; vivo 1920) AppleWebKit/537.36 (KHTML, like Gecko) Chrome/89.0.4389.105 Mobile Safari/537.36"
::ffff:157.34.70.255 - - [19/Mar/2022:07:11:55 +0000] "GET / HTTP/1.1" 302 70 "-" "Mozilla/5.0 (Linux; Android 11; vivo 1920) AppleWebKit/537.36 (KHTML, like Gecko) Chrome/89.0.4389.105 Mobile Safari/537.36"
::ffff:157.34.70.255 - - [19/Mar/2022:07:11:56 +0000] "GET /users/signin HTTP/1.1" 304 - "-" "Mozilla/5.0 (Linux; Android 11; vivo 1920) AppleWebKit/537.36 (KHTML, like Gecko) Chrome/89.0.4389.105 Mobile Safari/537.36"
::ffff:157.34.70.255 - - [19/Mar/2022:07:12:17 +0000] "POST /users/create-session HTTP/1.1" 302 70 "http://50.19.145.241.nip.io:8000/users/signin" "Mozilla/5.0 (Linux; Android 11; vivo 1920) AppleWebKit/537.36 (KHTML, like Gecko) Chrome/89.0.4389.105 Mobile Safari/537.36"
::ffff:157.34.70.255 - - [19/Mar/2022:07:12:17 +0000] "GET /users/signin HTTP/1.1" 304 - "http://50.19.145.241.nip.io:8000/users/signin" "Mozilla/5.0 (Linux; Android 11; vivo 1920) AppleWebKit/537.36 (KHTML, like Gecko) Chrome/89.0.4389.105 Mobile Safari/537.36"
::ffff:157.34.70.255 - - [19/Mar/2022:07:12:34 +0000] "POST /users/create-session HTTP/1.1" 302 70 "http://50.19.145.241.nip.io:8000/users/signin" "Mozilla/5.0 (Linux; Android 11; vivo 1920) AppleWebKit/537.36 (KHTML, like Gecko) Chrome/89.0.4389.105 Mobile Safari/537.36"
::ffff:157.34.70.255 - - [19/Mar/2022:07:12:35 +0000] "GET /users/signin HTTP/1.1" 304 - "http://50.19.145.241.nip.io:8000/users/signin" "Mozilla/5.0 (Linux; Android 11; vivo 1920) AppleWebKit/537.36 (KHTML, like Gecko) Chrome/89.0.4389.105 Mobile Safari/537.36"
::ffff:49.42.64.172 - - [19/Mar/2022:07:12:36 +0000] "GET /users/friendAndGroups HTTP/1.1" 304 - "http://50.19.145.241.nip.io:8000/" "Mozilla/5.0 (Linux; Android 8.1.0; CPH1901) AppleWebKit/537.36 (KHTML, like Gecko) Chrome/98.0.4758.87 Mobile Safari/537.36"
::ffff:49.42.64.172 - - [19/Mar/2022:07:12:42 +0000] "GET /users/findFriends HTTP/1.1" 200 22985 "http://50.19.145.241.nip.io:8000/" "Mozilla/5.0 (Linux; Android 8.1.0; CPH1901) AppleWebKit/537.36 (KHTML, like Gecko) Chrome/98.0.4758.87 Mobile Safari/537.36"
::ffff:110.225.123.36 - - [19/Mar/2022:07:12:44 +0000] "GET / HTTP/1.1" 302 70 "-" "Mozilla/5.0 (Macintosh; Intel Mac OS X 10_15_7) AppleWebKit/537.36 (KHTML, like Gecko) Chrome/99.0.4844.74 Safari/537.36"
::ffff:110.225.123.36 - - [19/Mar/2022:07:12:44 +0000] "GET /users/signin HTTP/1.1" 200 2817 "-" "Mozilla/5.0 (Macintosh; Intel Mac OS X 10_15_7) AppleWebKit/537.36 (KHTML, like Gecko) Chrome/99.0.4844.74 Safari/537.36"
::ffff:110.225.123.36 - - [19/Mar/2022:07:12:46 +0000] "GET /favicon.ico HTTP/1.1" 404 150 "http://50.19.145.241.nip.io:8000/users/signin" "Mozilla/5.0 (Macintosh; Intel Mac OS X 10_15_7) AppleWebKit/537.36 (KHTML, like Gecko) Chrome/99.0.4844.74 Safari/537.36"
::ffff:157.34.70.255 - - [19/Mar/2022:07:12:53 +0000] "POST /users/create-session HTTP/1.1" 302 70 "http://50.19.145.241.nip.io:8000/users/signin" "Mozilla/5.0 (Linux; Android 11; vivo 1920) AppleWebKit/537.36 (KHTML, like Gecko) Chrome/89.0.4389.105 Mobile Safari/537.36"
::ffff:157.34.70.255 - - [19/Mar/2022:07:12:53 +0000] "GET /users/signin HTTP/1.1" 304 - "http://50.19.145.241.nip.io:8000/users/signin" "Mozilla/5.0 (Linux; Android 11; vivo 1920) AppleWebKit/537.36 (KHTML, like Gecko) Chrome/89.0.4389.105 Mobile Safari/537.36"
::ffff:110.225.123.36 - - [19/Mar/2022:07:13:02 +0000] "GET /users/signup HTTP/1.1" 200 3355 "http://50.19.145.241.nip.io:8000/users/signin" "Mozilla/5.0 (Macintosh; Intel Mac OS X 10_15_7) AppleWebKit/537.36 (KHTML, like Gecko) Chrome/99.0.4844.74 Safari/537.36"
::ffff:157.35.48.127 - - [19/Mar/2022:07:13:20 +0000] "GET / HTTP/1.1" 302 70 "-" "Mozilla/5.0 (Linux; Android 11; POCO M2 Pro) AppleWebKit/537.36 (KHTML, like Gecko) Chrome/94.0.4606.85 Mobile Safari/537.36"
::ffff:157.35.48.127 - - [19/Mar/2022:07:13:20 +0000] "GET /users/signin HTTP/1.1" 200 2817 "-" "Mozilla/5.0 (Linux; Android 11; POCO M2 Pro) AppleWebKit/537.36 (KHTML, like Gecko) Chrome/94.0.4606.85 Mobile Safari/537.36"
::ffff:157.35.48.127 - - [19/Mar/2022:07:13:22 +0000] "GET /favicon.ico HTTP/1.1" 404 150 "http://50.19.145.241.nip.io:8000/users/signin" "Mozilla/5.0 (Linux; Android 11; POCO M2 Pro) AppleWebKit/537.36 (KHTML, like Gecko) Chrome/94.0.4606.85 Mobile Safari/537.36"
::ffff:157.35.48.127 - - [19/Mar/2022:07:13:36 +0000] "POST /users/create-session HTTP/1.1" 302 70 "http://50.19.145.241.nip.io:8000/users/signin" "Mozilla/5.0 (Linux; Android 11; POCO M2 Pro) AppleWebKit/537.36 (KHTML, like Gecko) Chrome/94.0.4606.85 Mobile Safari/537.36"
::ffff:157.35.48.127 - - [19/Mar/2022:07:13:36 +0000] "GET /users/signin HTTP/1.1" 304 - "http://50.19.145.241.nip.io:8000/users/signin" "Mozilla/5.0 (Linux; Android 11; POCO M2 Pro) AppleWebKit/537.36 (KHTML, like Gecko) Chrome/94.0.4606.85 Mobile Safari/537.36"
::ffff:110.225.123.36 - - [19/Mar/2022:07:13:42 +0000] "POST /users/create HTTP/1.1" 302 70 "http://50.19.145.241.nip.io:8000/users/signup" "Mozilla/5.0 (Macintosh; Intel Mac OS X 10_15_7) AppleWebKit/537.36 (KHTML, like Gecko) Chrome/99.0.4844.74 Safari/537.36"
::ffff:110.225.123.36 - - [19/Mar/2022:07:13:42 +0000] "GET /users/signin HTTP/1.1" 304 - "http://50.19.145.241.nip.io:8000/users/signup" "Mozilla/5.0 (Macintosh; Intel Mac OS X 10_15_7) AppleWebKit/537.36 (KHTML, like Gecko) Chrome/99.0.4844.74 Safari/537.36"
::ffff:110.225.123.36 - - [19/Mar/2022:07:13:51 +0000] "POST /users/create-session HTTP/1.1" 302 46 "http://50.19.145.241.nip.io:8000/users/signin" "Mozilla/5.0 (Macintosh; Intel Mac OS X 10_15_7) AppleWebKit/537.36 (KHTML, like Gecko) Chrome/99.0.4844.74 Safari/537.36"
::ffff:110.225.123.36 - - [19/Mar/2022:07:13:52 +0000] "GET / HTTP/1.1" 200 132727 "http://50.19.145.241.nip.io:8000/users/signin" "Mozilla/5.0 (Macintosh; Intel Mac OS X 10_15_7) AppleWebKit/537.36 (KHTML, like Gecko) Chrome/99.0.4844.74 Safari/537.36"
::ffff:223.29.199.31 - - [19/Mar/2022:07:14:01 +0000] "GET / HTTP/1.1" 302 70 "-" "Mozilla/5.0 (Linux; Android 8.1.0; SAMSUNG SM-G615FU) AppleWebKit/537.36 (KHTML, like Gecko) SamsungBrowser/16.2 Chrome/92.0.4515.166 Mobile Safari/537.36"
::ffff:223.29.199.31 - - [19/Mar/2022:07:14:01 +0000] "GET /users/signin HTTP/1.1" 200 2817 "-" "Mozilla/5.0 (Linux; Android 8.1.0; SAMSUNG SM-G615FU) AppleWebKit/537.36 (KHTML, like Gecko) SamsungBrowser/16.2 Chrome/92.0.4515.166 Mobile Safari/537.36"
::ffff:223.29.199.31 - - [19/Mar/2022:07:14:03 +0000] "GET /favicon.ico HTTP/1.1" 404 150 "http://50.19.145.241.nip.io:8000/users/signin" "Mozilla/5.0 (Linux; Android 8.1.0; SAMSUNG SM-G615FU) AppleWebKit/537.36 (KHTML, like Gecko) SamsungBrowser/16.2 Chrome/92.0.4515.166 Mobile Safari/537.36"
::ffff:223.29.199.31 - - [19/Mar/2022:07:14:07 +0000] "GET /users/signin HTTP/1.1" 304 - "-" "Mozilla/5.0 (Linux; Android 8.1.0; SAMSUNG SM-G615FU) AppleWebKit/537.36 (KHTML, like Gecko) SamsungBrowser/16.2 Chrome/92.0.4515.166 Mobile Safari/537.36"
