::ffff:110.225.123.36 - - [19/Mar/2022:07:14:54 +0000] "GET /likes/toggle/?likeableId=62356c574e092f5d78995068&type=Post&reaction=like HTTP/1.1" 200 110 "http://50.19.145.241.nip.io:8000/" "Mozilla/5.0 (Macintosh; Intel Mac OS X 10_15_7) AppleWebKit/537.36 (KHTML, like Gecko) Chrome/99.0.4844.74 Safari/537.36"
::ffff:110.225.123.36 - - [19/Mar/2022:07:14:56 +0000] "GET /likes/toggle/?likeableId=62356c574e092f5d78995068&type=Post&reaction=like HTTP/1.1" 304 - "http://50.19.145.241.nip.io:8000/" "Mozilla/5.0 (Macintosh; Intel Mac OS X 10_15_7) AppleWebKit/537.36 (KHTML, like Gecko) Chrome/99.0.4844.74 Safari/537.36"
::ffff:110.225.123.36 - - [19/Mar/2022:07:14:56 +0000] "GET /likes/toggle/?likeableId=62356c574e092f5d78995068&type=Post&reaction=like HTTP/1.1" 304 - "http://50.19.145.241.nip.io:8000/" "Mozilla/5.0 (Macintosh; Intel Mac OS X 10_15_7) AppleWebKit/537.36 (KHTML, like Gecko) Chrome/99.0.4844.74 Safari/537.36"
::ffff:110.225.123.36 - - [19/Mar/2022:07:15:09 +0000] "GET /favicon.ico HTTP/1.1" 404 150 "http://50.19.145.241.nip.io:8000/" "Mozilla/5.0 (Macintosh; Intel Mac OS X 10_15_7) AppleWebKit/537.36 (KHTML, like Gecko) Chrome/99.0.4844.74 Safari/537.36"
::ffff:110.225.123.36 - - [19/Mar/2022:07:15:21 +0000] "GET /users/profile/622e5afbedb5900a4dea10d4 HTTP/1.1" 200 65933 "http://50.19.145.241.nip.io:8000/" "Mozilla/5.0 (Macintosh; Intel Mac OS X 10_15_7) AppleWebKit/537.36 (KHTML, like Gecko) Chrome/99.0.4844.74 Safari/537.36"
::ffff:49.42.64.172 - - [19/Mar/2022:07:15:22 +0000] "GET / HTTP/1.1" 200 132980 "-" "Mozilla/5.0 (Linux; Android 8.1.0; CPH1901) AppleWebKit/537.36 (KHTML, like Gecko) Chrome/98.0.4758.87 Mobile Safari/537.36"
::ffff:49.42.64.172 - - [19/Mar/2022:07:15:29 +0000] "GET /users/findFriends HTTP/1.1" 200 23716 "http://50.19.145.241.nip.io:8000/" "Mozilla/5.0 (Linux; Android 8.1.0; CPH1901) AppleWebKit/537.36 (KHTML, like Gecko) Chrome/98.0.4758.87 Mobile Safari/537.36"
::ffff:110.225.123.36 - - [19/Mar/2022:07:15:34 +0000] "GET /users/profile/623582a64e092f5d789982e3 HTTP/1.1" 200 51115 "http://50.19.145.241.nip.io:8000/users/profile/622e5afbedb5900a4dea10d4" "Mozilla/5.0 (Macintosh; Intel Mac OS X 10_15_7) AppleWebKit/537.36 (KHTML, like Gecko) Chrome/99.0.4844.74 Safari/537.36"
::ffff:110.225.123.36 - - [19/Mar/2022:07:15:44 +0000] "GET /users/profile/623419414e092f5d78993ce9 HTTP/1.1" 200 51236 "http://50.19.145.241.nip.io:8000/users/profile/623582a64e092f5d789982e3" "Mozilla/5.0 (Macintosh; Intel Mac OS X 10_15_7) AppleWebKit/537.36 (KHTML, like Gecko) Chrome/99.0.4844.74 Safari/537.36"
::ffff:27.63.158.38 - - [19/Mar/2022:07:15:45 +0000] "GET / HTTP/1.1" 302 70 "-" "Mozilla/5.0 (Linux; Android 11; RMX2151) AppleWebKit/537.36 (KHTML, like Gecko) Chrome/91.0.4472.101 Mobile Safari/537.36"
::ffff:27.63.158.38 - - [19/Mar/2022:07:15:45 +0000] "GET /users/signin HTTP/1.1" 200 2817 "-" "Mozilla/5.0 (Linux; Android 11; RMX2151) AppleWebKit/537.36 (KHTML, like Gecko) Chrome/91.0.4472.101 Mobile Safari/537.36"
::ffff:27.63.158.38 - - [19/Mar/2022:07:15:46 +0000] "GET /favicon.ico HTTP/1.1" 404 150 "http://50.19.145.241.nip.io:8000/users/signin" "Mozilla/5.0 (Linux; Android 11; RMX2151) AppleWebKit/537.36 (KHTML, like Gecko) Chrome/91.0.4472.101 Mobile Safari/537.36"
::ffff:110.225.123.36 - - [19/Mar/2022:07:15:56 +0000] "GET /users/profile/623582a64e092f5d789982e3 HTTP/1.1" 304 - "http://50.19.145.241.nip.io:8000/users/profile/623419414e092f5d78993ce9" "Mozilla/5.0 (Macintosh; Intel Mac OS X 10_15_7) AppleWebKit/537.36 (KHTML, like Gecko) Chrome/99.0.4844.74 Safari/537.36"
::ffff:47.9.114.13 - - [19/Mar/2022:07:16:15 +0000] "GET /favicon.ico HTTP/1.1" 404 150 "http://50.19.145.241.nip.io:8000/users/signin" "Mozilla/5.0 (Linux; Android 11; RMX3430) AppleWebKit/537.36 (KHTML, like Gecko) Chrome/99.0.4844.58 Mobile Safari/537.36"
::ffff:103.15.255.20 - - [19/Mar/2022:07:16:30 +0000] "GET / HTTP/1.1" 302 70 "-" "Mozilla/5.0 (Linux; Android 10; M2010J19CI) AppleWebKit/537.36 (KHTML, like Gecko) Chrome/99.0.4844.73 Mobile Safari/537.36"
::ffff:103.15.255.20 - - [19/Mar/2022:07:16:30 +0000] "GET /users/signin HTTP/1.1" 200 2817 "-" "Mozilla/5.0 (Linux; Android 10; M2010J19CI) AppleWebKit/537.36 (KHTML, like Gecko) Chrome/99.0.4844.73 Mobile Safari/537.36"
::ffff:103.15.255.20 - - [19/Mar/2022:07:16:32 +0000] "GET /favicon.ico HTTP/1.1" 404 150 "http://50.19.145.241.nip.io:8000/users/signin" "Mozilla/5.0 (Linux; Android 10; M2010J19CI) AppleWebKit/537.36 (KHTML, like Gecko) Chrome/99.0.4844.73 Mobile Safari/537.36"
::ffff:122.161.50.73 - - [19/Mar/2022:07:17:06 +0000] "GET / HTTP/1.1" 302 70 "-" "Mozilla/5.0 (Linux; Android 10; RMX1801) AppleWebKit/537.36 (KHTML, like Gecko) Chrome/99.0.4844.58 Mobile Safari/537.36"
::ffff:122.161.50.73 - - [19/Mar/2022:07:17:06 +0000] "GET /users/signin HTTP/1.1" 304 - "-" "Mozilla/5.0 (Linux; Android 10; RMX1801) AppleWebKit/537.36 (KHTML, like Gecko) Chrome/99.0.4844.58 Mobile Safari/537.36"
::ffff:122.161.50.73 - - [19/Mar/2022:07:17:08 +0000] "GET /favicon.ico HTTP/1.1" 404 150 "http://50.19.145.241.nip.io:8000/users/signin" "Mozilla/5.0 (Linux; Android 10; RMX1801) AppleWebKit/537.36 (KHTML, like Gecko) Chrome/99.0.4844.58 Mobile Safari/537.36"
::ffff:122.161.50.73 - - [19/Mar/2022:07:17:14 +0000] "GET /users/signup HTTP/1.1" 200 3355 "http://50.19.145.241.nip.io:8000/users/signin" "Mozilla/5.0 (Linux; Android 10; RMX1801) AppleWebKit/537.36 (KHTML, like Gecko) Chrome/99.0.4844.58 Mobile Safari/537.36"
::ffff:47.31.146.244 - - [19/Mar/2022:07:17:40 +0000] "GET / HTTP/1.1" 302 70 "-" "Mozilla/5.0 (Linux; Android 11; Redmi Note 9 Pro) AppleWebKit/537.36 (KHTML, like Gecko) Chrome/98.0.4758.101 Mobile Safari/537.36"
::ffff:47.31.146.244 - - [19/Mar/2022:07:17:40 +0000] "GET /users/signin HTTP/1.1" 200 2817 "-" "Mozilla/5.0 (Linux; Android 11; Redmi Note 9 Pro) AppleWebKit/537.36 (KHTML, like Gecko) Chrome/98.0.4758.101 Mobile Safari/537.36"
::ffff:47.31.146.244 - - [19/Mar/2022:07:17:41 +0000] "GET /favicon.ico HTTP/1.1" 404 150 "http://50.19.145.241.nip.io:8000/users/signin" "Mozilla/5.0 (Linux; Android 11; Redmi Note 9 Pro) AppleWebKit/537.36 (KHTML, like Gecko) Chrome/98.0.4758.101 Mobile Safari/537.36"
::ffff:47.9.114.13 - - [19/Mar/2022:07:17:54 +0000] "GET /users/auth/google HTTP/1.1" 302 0 "http://50.19.145.241.nip.io:8000/users/signin" "Mozilla/5.0 (Linux; Android 11; RMX3430) AppleWebKit/537.36 (KHTML, like Gecko) Chrome/99.0.4844.58 Mobile Safari/537.36"
::ffff:47.9.114.13 - - [19/Mar/2022:07:17:59 +0000] "GET /users/auth/google/callback?code=4%2F0AX4XfWg92BSARkhmv1IY_Qn6hDsEwCVWs-kgLU9gdF4LXwu6jmXgiuMz_huLrReg9HcbeQ&scope=email+profile+https%3A%2F%2Fwww.googleapis.com%2Fauth%2Fuserinfo.email+openid+https%3A%2F%2Fwww.googleapis.com%2Fauth%2Fuserinfo.profile&authuser=1&prompt=none HTTP/1.1" 302 46 "-" "Mozilla/5.0 (Linux; Android 11; RMX3430) AppleWebKit/537.36 (KHTML, like Gecko) Chrome/99.0.4844.58 Mobile Safari/537.36"
::ffff:47.9.114.13 - - [19/Mar/2022:07:18:00 +0000] "GET / HTTP/1.1" 200 132938 "-" "Mozilla/5.0 (Linux; Android 11; RMX3430) AppleWebKit/537.36 (KHTML, like Gecko) Chrome/99.0.4844.58 Mobile Safari/537.36"
::ffff:47.9.114.13 - - [19/Mar/2022:07:18:04 +0000] "GET /users/profile/623580494e092f5d78997df9 HTTP/1.1" 200 51256 "http://50.19.145.241.nip.io:8000/" "Mozilla/5.0 (Linux; Android 11; RMX3430) AppleWebKit/537.36 (KHTML, like Gecko) Chrome/99.0.4844.58 Mobile Safari/537.36"
::ffff:47.9.114.13 - - [19/Mar/2022:07:18:18 +0000] "GET /users/profile/622e5afbedb5900a4dea10d4 HTTP/1.1" 200 66285 "http://50.19.145.241.nip.io:8000/users/profile/623580494e092f5d78997df9" "Mozilla/5.0 (Linux; Android 11; RMX3430) AppleWebKit/537.36 (KHTML, like Gecko) Chrome/99.0.4844.58 Mobile Safari/537.36"
::ffff:223.29.199.31 - - [19/Mar/2022:07:18:19 +0000] "GET / HTTP/1.1" 302 70 "-" "Mozilla/5.0 (Linux; Android 8.1.0; SAMSUNG SM-G615FU) AppleWebKit/537.36 (KHTML, like Gecko) SamsungBrowser/16.2 Chrome/92.0.4515.166 Mobile Safari/537.36"
::ffff:223.29.199.31 - - [19/Mar/2022:07:18:19 +0000] "GET /users/signin HTTP/1.1" 304 - "-" "Mozilla/5.0 (Linux; Android 8.1.0; SAMSUNG SM-G615FU) AppleWebKit/537.36 (KHTML, like Gecko) SamsungBrowser/16.2 Chrome/92.0.4515.166 Mobile Safari/537.36"
::ffff:47.9.114.13 - - [19/Mar/2022:07:18:21 +0000] "GET /message/messagepage/622e5afbedb5900a4dea10d4 HTTP/1.1" 200 2676 "http://50.19.145.241.nip.io:8000/users/profile/622e5afbedb5900a4dea10d4" "Mozilla/5.0 (Linux; Android 11; RMX3430) AppleWebKit/537.36 (KHTML, like Gecko) Chrome/99.0.4844.58 Mobile Safari/537.36"
::ffff:49.42.64.172 - - [19/Mar/2022:07:18:22 +0000] "GET / HTTP/1.1" 304 - "-" "Mozilla/5.0 (Linux; Android 8.1.0; CPH1901) AppleWebKit/537.36 (KHTML, like Gecko) Chrome/98.0.4758.87 Mobile Safari/537.36"
::ffff:47.9.114.13 - - [19/Mar/2022:07:18:31 +0000] "POST /message/create HTTP/1.1" 200 160 "http://50.19.145.241.nip.io:8000/message/messagepage/622e5afbedb5900a4dea10d4" "Mozilla/5.0 (Linux; Android 11; RMX3430) AppleWebKit/537.36 (KHTML, like Gecko) Chrome/99.0.4844.58 Mobile Safari/537.36"
::ffff:47.9.114.13 - - [19/Mar/2022:07:18:34 +0000] "GET /message/messagepage/622e5afbedb5900a4dea10d4 HTTP/1.1" 200 2917 "http://50.19.145.241.nip.io:8000/users/profile/622e5afbedb5900a4dea10d4" "Mozilla/5.0 (Linux; Android 11; RMX3430) AppleWebKit/537.36 (KHTML, like Gecko) Chrome/99.0.4844.58 Mobile Safari/537.36"
::ffff:223.29.199.31 - - [19/Mar/2022:07:18:36 +0000] "POST /users/create-session HTTP/1.1" 302 70 "http://50.19.145.241.nip.io:8000/users/signin" "Mozilla/5.0 (Linux; Android 8.1.0; SAMSUNG SM-G615FU) AppleWebKit/537.36 (KHTML, like Gecko) SamsungBrowser/16.2 Chrome/92.0.4515.166 Mobile Safari/537.36"
::ffff:223.29.199.31 - - [19/Mar/2022:07:18:37 +0000] "GET /users/signin HTTP/1.1" 304 - "http://50.19.145.241.nip.io:8000/users/signin" "Mozilla/5.0 (Linux; Android 8.1.0; SAMSUNG SM-G615FU) AppleWebKit/537.36 (KHTML, like Gecko) SamsungBrowser/16.2 Chrome/92.0.4515.166 Mobile Safari/537.36"
::ffff:223.29.199.31 - - [19/Mar/2022:07:18:43 +0000] "GET /users/auth/google HTTP/1.1" 302 0 "http://50.19.145.241.nip.io:8000/users/signin" "Mozilla/5.0 (Linux; Android 8.1.0; SAMSUNG SM-G615FU) AppleWebKit/537.36 (KHTML, like Gecko) SamsungBrowser/16.2 Chrome/92.0.4515.166 Mobile Safari/537.36"
::ffff:47.9.114.13 - - [19/Mar/2022:07:18:47 +0000] "GET / HTTP/1.1" 304 - "http://50.19.145.241.nip.io:8000/users/profile/622e5afbedb5900a4dea10d4" "Mozilla/5.0 (Linux; Android 11; RMX3430) AppleWebKit/537.36 (KHTML, like Gecko) Chrome/99.0.4844.58 Mobile Safari/537.36"
::ffff:47.9.114.13 - - [19/Mar/2022:07:18:50 +0000] "GET /users/sessionCheck HTTP/1.1" 200 26 "http://50.19.145.241.nip.io:8000/" "Mozilla/5.0 (Linux; Android 11; RMX3430) AppleWebKit/537.36 (KHTML, like Gecko) Chrome/99.0.4844.58 Mobile Safari/537.36"
::ffff:223.29.199.31 - - [19/Mar/2022:07:18:52 +0000] "GET /users/auth/google/callback?code=4%2F0AX4XfWiylkUSijnG4fOejRUSHZD-ieGdwOU50fSnJJnf7wAXECoamUFzKMRgNLheOa3bug&scope=email+profile+https%3A%2F%2Fwww.googleapis.com%2Fauth%2Fuserinfo.profile+https%3A%2F%2Fwww.googleapis.com%2Fauth%2Fuserinfo.email+openid&authuser=1&prompt=consent HTTP/1.1" 302 46 "-" "Mozilla/5.0 (Linux; Android 8.1.0; SAMSUNG SM-G615FU) AppleWebKit/537.36 (KHTML, like Gecko) SamsungBrowser/16.2 Chrome/92.0.4515.166 Mobile Safari/537.36"
::ffff:223.29.199.31 - - [19/Mar/2022:07:18:53 +0000] "GET / HTTP/1.1" 200 134116 "-" "Mozilla/5.0 (Linux; Android 8.1.0; SAMSUNG SM-G615FU) AppleWebKit/537.36 (KHTML, like Gecko) SamsungBrowser/16.2 Chrome/92.0.4515.166 Mobile Safari/537.36"
::ffff:47.9.114.13 - - [19/Mar/2022:07:19:12 +0000] "GET /posts/upload/1 HTTP/1.1" 200 21 "http://50.19.145.241.nip.io:8000/" "Mozilla/5.0 (Linux; Android 11; RMX3430) AppleWebKit/537.36 (KHTML, like Gecko) Chrome/99.0.4844.58 Mobile Safari/537.36"
::ffff:47.9.114.13 - - [19/Mar/2022:07:19:12 +0000] "POST /posts/create HTTP/1.1" 302 110 "http://50.19.145.241.nip.io:8000/" "Mozilla/5.0 (Linux; Android 11; RMX3430) AppleWebKit/537.36 (KHTML, like Gecko) Chrome/99.0.4844.58 Mobile Safari/537.36"
::ffff:47.9.114.13 - - [19/Mar/2022:07:19:13 +0000] "GET / HTTP/1.1" 200 134296 "http://50.19.145.241.nip.io:8000/" "Mozilla/5.0 (Linux; Android 11; RMX3430) AppleWebKit/537.36 (KHTML, like Gecko) Chrome/99.0.4844.58 Mobile Safari/537.36"
::ffff:47.9.114.13 - - [19/Mar/2022:07:19:16 +0000] "GET /users/sessionCheck HTTP/1.1" 304 - "http://50.19.145.241.nip.io:8000/" "Mozilla/5.0 (Linux; Android 11; RMX3430) AppleWebKit/537.36 (KHTML, like Gecko) Chrome/99.0.4844.58 Mobile Safari/537.36"
::ffff:106.219.68.124 - - [19/Mar/2022:07:19:23 +0000] "GET / HTTP/1.1" 302 70 "-" "Mozilla/5.0 (iPhone; CPU iPhone OS 15_2_1 like Mac OS X) AppleWebKit/605.1.15 (KHTML, like Gecko) Version/15.2 Mobile/15E148 Safari/604.1"
::ffff:106.219.68.124 - - [19/Mar/2022:07:19:23 +0000] "GET /users/signin HTTP/1.1" 200 2817 "-" "Mozilla/5.0 (iPhone; CPU iPhone OS 15_2_1 like Mac OS X) AppleWebKit/605.1.15 (KHTML, like Gecko) Version/15.2 Mobile/15E148 Safari/604.1"
::ffff:106.219.68.124 - - [19/Mar/2022:07:19:25 +0000] "GET /favicon.ico HTTP/1.1" 404 150 "http://50.19.145.241.nip.io:8000/users/signin" "Mozilla/5.0 (iPhone; CPU iPhone OS 15_2_1 like Mac OS X) AppleWebKit/605.1.15 (KHTML, like Gecko) Version/15.2 Mobile/15E148 Safari/604.1"
::ffff:49.37.145.253 - - [19/Mar/2022:07:20:22 +0000] "GET / HTTP/1.1" 302 70 "-" "Mozilla/5.0 (Linux; Android 11; RMX1901) AppleWebKit/537.36 (KHTML, like Gecko) Chrome/99.0.4844.73 Mobile Safari/537.36"
::ffff:49.37.145.253 - - [19/Mar/2022:07:20:22 +0000] "GET /users/signin HTTP/1.1" 200 2817 "-" "Mozilla/5.0 (Linux; Android 11; RMX1901) AppleWebKit/537.36 (KHTML, like Gecko) Chrome/99.0.4844.73 Mobile Safari/537.36"
::ffff:49.37.145.253 - - [19/Mar/2022:07:20:24 +0000] "GET /favicon.ico HTTP/1.1" 404 150 "http://50.19.145.241.nip.io:8000/users/signin" "Mozilla/5.0 (Linux; Android 11; RMX1901) AppleWebKit/537.36 (KHTML, like Gecko) Chrome/99.0.4844.73 Mobile Safari/537.36"
::ffff:223.29.199.31 - - [19/Mar/2022:07:20:28 +0000] "GET / HTTP/1.1" 302 70 "-" "Mozilla/5.0 (Windows NT 10.0; Win64; x64) AppleWebKit/537.36 (KHTML, like Gecko) Chrome/99.0.4844.74 Safari/537.36"
::ffff:223.29.199.31 - - [19/Mar/2022:07:20:28 +0000] "GET /users/signin HTTP/1.1" 200 2817 "-" "Mozilla/5.0 (Windows NT 10.0; Win64; x64) AppleWebKit/537.36 (KHTML, like Gecko) Chrome/99.0.4844.74 Safari/537.36"
::ffff:223.29.199.31 - - [19/Mar/2022:07:20:30 +0000] "GET /favicon.ico HTTP/1.1" 404 150 "http://50.19.145.241.nip.io:8000/users/signin" "Mozilla/5.0 (Windows NT 10.0; Win64; x64) AppleWebKit/537.36 (KHTML, like Gecko) Chrome/99.0.4844.74 Safari/537.36"
::ffff:157.34.70.255 - - [19/Mar/2022:07:20:30 +0000] "GET / HTTP/1.1" 302 70 "-" "Mozilla/5.0 (Linux; Android 11; vivo 1920) AppleWebKit/537.36 (KHTML, like Gecko) Chrome/89.0.4389.105 Mobile Safari/537.36"
::ffff:157.34.70.255 - - [19/Mar/2022:07:20:30 +0000] "GET /users/signin HTTP/1.1" 304 - "-" "Mozilla/5.0 (Linux; Android 11; vivo 1920) AppleWebKit/537.36 (KHTML, like Gecko) Chrome/89.0.4389.105 Mobile Safari/537.36"
::ffff:223.29.199.31 - - [19/Mar/2022:07:20:31 +0000] "GET /users/auth/google HTTP/1.1" 302 0 "http://50.19.145.241.nip.io:8000/users/signin" "Mozilla/5.0 (Windows NT 10.0; Win64; x64) AppleWebKit/537.36 (KHTML, like Gecko) Chrome/99.0.4844.74 Safari/537.36"
::ffff:47.9.114.13 - - [19/Mar/2022:07:20:31 +0000] "GET /posts/upload/1 HTTP/1.1" 304 - "http://50.19.145.241.nip.io:8000/" "Mozilla/5.0 (Linux; Android 11; RMX3430) AppleWebKit/537.36 (KHTML, like Gecko) Chrome/99.0.4844.58 Mobile Safari/537.36"
::ffff:47.9.114.13 - - [19/Mar/2022:07:20:32 +0000] "POST /posts/create HTTP/1.1" 302 110 "http://50.19.145.241.nip.io:8000/" "Mozilla/5.0 (Linux; Android 11; RMX3430) AppleWebKit/537.36 (KHTML, like Gecko) Chrome/99.0.4844.58 Mobile Safari/537.36"
::ffff:223.29.199.31 - - [19/Mar/2022:07:20:34 +0000] "GET /users/auth/google/callback?code=4%2F0AX4XfWiH0AiIhQ-RqF83qXS2H6Ruy7ctBKna1N55njqRjiWWB1g4aUUVAmDH-ome_k06-Q&scope=email+profile+https%3A%2F%2Fwww.googleapis.com%2Fauth%2Fuserinfo.profile+https%3A%2F%2Fwww.googleapis.com%2Fauth%2Fuserinfo.email+openid&authuser=0&prompt=none HTTP/1.1" 302 46 "-" "Mozilla/5.0 (Windows NT 10.0; Win64; x64) AppleWebKit/537.36 (KHTML, like Gecko) Chrome/99.0.4844.74 Safari/537.36"
::ffff:223.29.199.31 - - [19/Mar/2022:07:20:35 +0000] "GET / HTTP/1.1" 200 134172 "-" "Mozilla/5.0 (Windows NT 10.0; Win64; x64) AppleWebKit/537.36 (KHTML, like Gecko) Chrome/99.0.4844.74 Safari/537.36"
::ffff:223.29.199.31 - - [19/Mar/2022:07:20:39 +0000] "GET / HTTP/1.1" 304 - "http://50.19.145.241.nip.io:8000/" "Mozilla/5.0 (Windows NT 10.0; Win64; x64) AppleWebKit/537.36 (KHTML, like Gecko) Chrome/99.0.4844.74 Safari/537.36"
::ffff:47.9.114.13 - - [19/Mar/2022:07:20:42 +0000] "GET / HTTP/1.1" 200 139206 "http://50.19.145.241.nip.io:8000/" "Mozilla/5.0 (Linux; Android 11; RMX3430) AppleWebKit/537.36 (KHTML, like Gecko) Chrome/99.0.4844.58 Mobile Safari/537.36"
::ffff:157.34.70.255 - - [19/Mar/2022:07:20:48 +0000] "GET /users/forgot-password/enter-mail HTTP/1.1" 200 1868 "http://50.19.145.241.nip.io:8000/users/signin" "Mozilla/5.0 (Linux; Android 11; vivo 1920) AppleWebKit/537.36 (KHTML, like Gecko) Chrome/89.0.4389.105 Mobile Safari/537.36"
::ffff:47.9.114.13 - - [19/Mar/2022:07:20:51 +0000] "GET /users/profile/622e5afbedb5900a4dea10d4 HTTP/1.1" 200 67615 "http://50.19.145.241.nip.io:8000/" "Mozilla/5.0 (Linux; Android 11; RMX3430) AppleWebKit/537.36 (KHTML, like Gecko) Chrome/99.0.4844.58 Mobile Safari/537.36"
::ffff:157.34.70.255 - - [19/Mar/2022:07:20:56 +0000] "POST /users/forgot-password/verify-mail HTTP/1.1" 302 174 "http://50.19.145.241.nip.io:8000/users/forgot-password/enter-mail" "Mozilla/5.0 (Linux; Android 11; vivo 1920) AppleWebKit/537.36 (KHTML, like Gecko) Chrome/89.0.4389.105 Mobile Safari/537.36"
::ffff:157.34.70.255 - - [19/Mar/2022:07:20:57 +0000] "GET /users/forgot-password/enter-mail HTTP/1.1" 304 - "http://50.19.145.241.nip.io:8000/users/forgot-password/enter-mail" "Mozilla/5.0 (Linux; Android 11; vivo 1920) AppleWebKit/537.36 (KHTML, like Gecko) Chrome/89.0.4389.105 Mobile Safari/537.36"
::ffff:223.29.199.31 - - [19/Mar/2022:07:20:59 +0000] "GET /users/sessionCheck HTTP/1.1" 200 26 "http://50.19.145.241.nip.io:8000/" "Mozilla/5.0 (Windows NT 10.0; Win64; x64) AppleWebKit/537.36 (KHTML, like Gecko) Chrome/99.0.4844.74 Safari/537.36"
::ffff:47.9.114.13 - - [19/Mar/2022:07:21:00 +0000] "GET /likes/toggle/?likeableId=62335d7f4e092f5d78993b26&type=Post&reaction=like HTTP/1.1" 200 110 "http://50.19.145.241.nip.io:8000/users/profile/622e5afbedb5900a4dea10d4" "Mozilla/5.0 (Linux; Android 11; RMX3430) AppleWebKit/537.36 (KHTML, like Gecko) Chrome/99.0.4844.58 Mobile Safari/537.36"
::ffff:157.34.70.255 - - [19/Mar/2022:07:21:01 +0000] "GET /users/auth/google HTTP/1.1" 302 0 "http://50.19.145.241.nip.io:8000/users/forgot-password/enter-mail" "Mozilla/5.0 (Linux; Android 11; vivo 1920) AppleWebKit/537.36 (KHTML, like Gecko) Chrome/89.0.4389.105 Mobile Safari/537.36"
::ffff:157.34.70.255 - - [19/Mar/2022:07:21:02 +0000] "GET /users/auth/google HTTP/1.1" 302 0 "http://50.19.145.241.nip.io:8000/users/forgot-password/enter-mail" "Mozilla/5.0 (Linux; Android 11; vivo 1920) AppleWebKit/537.36 (KHTML, like Gecko) Chrome/89.0.4389.105 Mobile Safari/537.36"
::ffff:47.9.114.13 - - [19/Mar/2022:07:21:04 +0000] "GET /likes/toggle/?likeableId=623362214e092f5d78993bc2&type=Post&reaction=like HTTP/1.1" 200 110 "http://50.19.145.241.nip.io:8000/users/profile/622e5afbedb5900a4dea10d4" "Mozilla/5.0 (Linux; Android 11; RMX3430) AppleWebKit/537.36 (KHTML, like Gecko) Chrome/99.0.4844.58 Mobile Safari/537.36"
::ffff:47.9.114.13 - - [19/Mar/2022:07:21:04 +0000] "GET /likes/toggle/?likeableId=623362214e092f5d78993bc2&type=Post&reaction=like HTTP/1.1" 304 - "http://50.19.145.241.nip.io:8000/users/profile/622e5afbedb5900a4dea10d4" "Mozilla/5.0 (Linux; Android 11; RMX3430) AppleWebKit/537.36 (KHTML, like Gecko) Chrome/99.0.4844.58 Mobile Safari/537.36"
::ffff:157.34.70.255 - - [19/Mar/2022:07:21:10 +0000] "GET /users/auth/google HTTP/1.1" 302 0 "http://50.19.145.241.nip.io:8000/users/signin" "Mozilla/5.0 (Linux; Android 11; vivo 1920) AppleWebKit/537.36 (KHTML, like Gecko) Chrome/89.0.4389.105 Mobile Safari/537.36"
::ffff:223.29.199.31 - - [19/Mar/2022:07:21:12 +0000] "GET /users/sessionCheck HTTP/1.1" 304 - "http://50.19.145.241.nip.io:8000/" "Mozilla/5.0 (Windows NT 10.0; Win64; x64) AppleWebKit/537.36 (KHTML, like Gecko) Chrome/99.0.4844.74 Safari/537.36"
::ffff:157.34.70.255 - - [19/Mar/2022:07:21:15 +0000] "GET /users/auth/google/callback?code=4%2F0AX4XfWiaO3n_kWfo2HlEiu4LSN5HG3ViAsXFkVFCthVRjHiAsSRQJmBCwiL1D8faL9HNag&scope=email+profile+https%3A%2F%2Fwww.googleapis.com%2Fauth%2Fuserinfo.profile+https%3A%2F%2Fwww.googleapis.com%2Fauth%2Fuserinfo.email+openid&authuser=0&prompt=consent HTTP/1.1" 302 46 "-" "Mozilla/5.0 (Linux; Android 11; vivo 1920) AppleWebKit/537.36 (KHTML, like Gecko) Chrome/89.0.4389.105 Mobile Safari/537.36"
::ffff:157.34.70.255 - - [19/Mar/2022:07:21:16 +0000] "GET / HTTP/1.1" 200 140047 "-" "Mozilla/5.0 (Linux; Android 11; vivo 1920) AppleWebKit/537.36 (KHTML, like Gecko) Chrome/89.0.4389.105 Mobile Safari/537.36"
::ffff:223.29.199.31 - - [19/Mar/2022:07:21:22 +0000] "GET /favicon.ico HTTP/1.1" 404 150 "http://50.19.145.241.nip.io:8000/" "Mozilla/5.0 (Windows NT 10.0; Win64; x64) AppleWebKit/537.36 (KHTML, like Gecko) Chrome/99.0.4844.74 Safari/537.36"
::ffff:47.9.114.13 - - [19/Mar/2022:07:21:26 +0000] "POST /comment/create HTTP/1.1" 200 423 "http://50.19.145.241.nip.io:8000/users/profile/622e5afbedb5900a4dea10d4" "Mozilla/5.0 (Linux; Android 11; RMX3430) AppleWebKit/537.36 (KHTML, like Gecko) Chrome/99.0.4844.58 Mobile Safari/537.36"
::ffff:47.9.114.13 - - [19/Mar/2022:07:21:34 +0000] "GET / HTTP/1.1" 200 142574 "http://50.19.145.241.nip.io:8000/users/profile/622e5afbedb5900a4dea10d4" "Mozilla/5.0 (Linux; Android 11; RMX3430) AppleWebKit/537.36 (KHTML, like Gecko) Chrome/99.0.4844.58 Mobile Safari/537.36"
::ffff:223.29.199.31 - - [19/Mar/2022:07:21:35 +0000] "GET /users/profile/622e5afbedb5900a4dea10d4 HTTP/1.1" 200 70526 "http://50.19.145.241.nip.io:8000/" "Mozilla/5.0 (Windows NT 10.0; Win64; x64) AppleWebKit/537.36 (KHTML, like Gecko) Chrome/99.0.4844.74 Safari/537.36"
::ffff:47.9.114.13 - - [19/Mar/2022:07:21:36 +0000] "GET / HTTP/1.1" 304 - "http://50.19.145.241.nip.io:8000/users/profile/622e5afbedb5900a4dea10d4" "Mozilla/5.0 (Linux; Android 11; RMX3430) AppleWebKit/537.36 (KHTML, like Gecko) Chrome/99.0.4844.58 Mobile Safari/537.36"
::ffff:47.9.114.13 - - [19/Mar/2022:07:21:39 +0000] "GET / HTTP/1.1" 304 - "http://50.19.145.241.nip.io:8000/users/profile/622e5afbedb5900a4dea10d4" "Mozilla/5.0 (Linux; Android 11; RMX3430) AppleWebKit/537.36 (KHTML, like Gecko) Chrome/99.0.4844.58 Mobile Safari/537.36"
::ffff:223.29.199.31 - - [19/Mar/2022:07:21:43 +0000] "GET /users/profile/623583dc4e092f5d789987eb HTTP/1.1" 200 53771 "http://50.19.145.241.nip.io:8000/users/profile/622e5afbedb5900a4dea10d4" "Mozilla/5.0 (Windows NT 10.0; Win64; x64) AppleWebKit/537.36 (KHTML, like Gecko) Chrome/99.0.4844.74 Safari/537.36"
::ffff:47.9.114.13 - - [19/Mar/2022:07:21:44 +0000] "GET /users/profile/623580494e092f5d78997df9 HTTP/1.1" 200 58875 "http://50.19.145.241.nip.io:8000/" "Mozilla/5.0 (Linux; Android 11; RMX3430) AppleWebKit/537.36 (KHTML, like Gecko) Chrome/99.0.4844.58 Mobile Safari/537.36"
::ffff:157.34.70.255 - - [19/Mar/2022:07:21:50 +0000] "GET / HTTP/1.1" 200 141867 "http://50.19.145.241.nip.io:8000/" "Mozilla/5.0 (Linux; Android 11; vivo 1920) AppleWebKit/537.36 (KHTML, like Gecko) Chrome/89.0.4389.105 Mobile Safari/537.36"
::ffff:47.9.114.13 - - [19/Mar/2022:07:22:04 +0000] "GET /users/friendAndGroups HTTP/1.1" 200 3134 "http://50.19.145.241.nip.io:8000/users/profile/623580494e092f5d78997df9" "Mozilla/5.0 (Linux; Android 11; RMX3430) AppleWebKit/537.36 (KHTML, like Gecko) Chrome/99.0.4844.58 Mobile Safari/537.36"
::ffff:157.34.70.255 - - [19/Mar/2022:07:22:05 +0000] "GET / HTTP/1.1" 304 - "http://50.19.145.241.nip.io:8000/" "Mozilla/5.0 (Linux; Android 11; vivo 1920) AppleWebKit/537.36 (KHTML, like Gecko) Chrome/89.0.4389.105 Mobile Safari/537.36"
::ffff:47.9.114.13 - - [19/Mar/2022:07:22:07 +0000] "GET /users/profile/622e5afbedb5900a4dea10d4 HTTP/1.1" 200 70983 "http://50.19.145.241.nip.io:8000/users/friendAndGroups" "Mozilla/5.0 (Linux; Android 11; RMX3430) AppleWebKit/537.36 (KHTML, like Gecko) Chrome/99.0.4844.58 Mobile Safari/537.36"
::ffff:47.9.114.13 - - [19/Mar/2022:07:22:10 +0000] "GET /message/messagepage/622e5afbedb5900a4dea10d4 HTTP/1.1" 304 - "http://50.19.145.241.nip.io:8000/users/profile/622e5afbedb5900a4dea10d4" "Mozilla/5.0 (Linux; Android 11; RMX3430) AppleWebKit/537.36 (KHTML, like Gecko) Chrome/99.0.4844.58 Mobile Safari/537.36"
::ffff:49.42.64.172 - - [19/Mar/2022:07:22:26 +0000] "GET /users/delete-notifs/623580494e092f5d78997df9/reqAccepted/null HTTP/1.1" 200 21 "http://50.19.145.241.nip.io:8000/" "Mozilla/5.0 (Linux; Android 8.1.0; CPH1901) AppleWebKit/537.36 (KHTML, like Gecko) Chrome/98.0.4758.87 Mobile Safari/537.36"
::ffff:49.42.64.172 - - [19/Mar/2022:07:22:26 +0000] "GET /users/delete-notifs/623580494e092f5d78997df9/post_liked/623362214e092f5d78993bc2 HTTP/1.1" 200 21 "http://50.19.145.241.nip.io:8000/" "Mozilla/5.0 (Linux; Android 8.1.0; CPH1901) AppleWebKit/537.36 (KHTML, like Gecko) Chrome/98.0.4758.87 Mobile Safari/537.36"
::ffff:49.42.64.172 - - [19/Mar/2022:07:22:26 +0000] "GET /users/delete-notifs/623580494e092f5d78997df9/post_liked/623362214e092f5d78993bc2 HTTP/1.1" 304 - "http://50.19.145.241.nip.io:8000/" "Mozilla/5.0 (Linux; Android 8.1.0; CPH1901) AppleWebKit/537.36 (KHTML, like Gecko) Chrome/98.0.4758.87 Mobile Safari/537.36"
::ffff:49.42.64.172 - - [19/Mar/2022:07:22:26 +0000] "GET /users/delete-notifs/623580494e092f5d78997df9/reqAccepted/null HTTP/1.1" 304 - "http://50.19.145.241.nip.io:8000/" "Mozilla/5.0 (Linux; Android 8.1.0; CPH1901) AppleWebKit/537.36 (KHTML, like Gecko) Chrome/98.0.4758.87 Mobile Safari/537.36"
::ffff:49.42.64.172 - - [19/Mar/2022:07:22:27 +0000] "GET /users/delete-notifs/623580494e092f5d78997df9/post_liked/623362214e092f5d78993bc2 HTTP/1.1" 304 - "http://50.19.145.241.nip.io:8000/" "Mozilla/5.0 (Linux; Android 8.1.0; CPH1901) AppleWebKit/537.36 (KHTML, like Gecko) Chrome/98.0.4758.87 Mobile Safari/537.36"
::ffff:49.42.64.172 - - [19/Mar/2022:07:22:27 +0000] "GET /users/delete-notifs/623580494e092f5d78997df9/post_liked/623362214e092f5d78993bc2 HTTP/1.1" 304 - "http://50.19.145.241.nip.io:8000/" "Mozilla/5.0 (Linux; Android 8.1.0; CPH1901) AppleWebKit/537.36 (KHTML, like Gecko) Chrome/98.0.4758.87 Mobile Safari/537.36"
::ffff:49.42.64.172 - - [19/Mar/2022:07:22:27 +0000] "GET /users/delete-notifs/623580494e092f5d78997df9/post_liked/623362214e092f5d78993bc2 HTTP/1.1" 304 - "http://50.19.145.241.nip.io:8000/" "Mozilla/5.0 (Linux; Android 8.1.0; CPH1901) AppleWebKit/537.36 (KHTML, like Gecko) Chrome/98.0.4758.87 Mobile Safari/537.36"
::ffff:49.42.64.172 - - [19/Mar/2022:07:22:27 +0000] "GET /users/delete-notifs/623580494e092f5d78997df9/reqAccepted/null HTTP/1.1" 304 - "http://50.19.145.241.nip.io:8000/" "Mozilla/5.0 (Linux; Android 8.1.0; CPH1901) AppleWebKit/537.36 (KHTML, like Gecko) Chrome/98.0.4758.87 Mobile Safari/537.36"
::ffff:49.42.64.172 - - [19/Mar/2022:07:22:28 +0000] "GET /users/delete-notifs/623580494e092f5d78997df9/post_liked/623362214e092f5d78993bc2 HTTP/1.1" 304 - "http://50.19.145.241.nip.io:8000/" "Mozilla/5.0 (Linux; Android 8.1.0; CPH1901) AppleWebKit/537.36 (KHTML, like Gecko) Chrome/98.0.4758.87 Mobile Safari/537.36"
::ffff:49.42.64.172 - - [19/Mar/2022:07:22:28 +0000] "GET /users/delete-notifs/623580494e092f5d78997df9/post_liked/623362214e092f5d78993bc2 HTTP/1.1" 304 - "http://50.19.145.241.nip.io:8000/" "Mozilla/5.0 (Linux; Android 8.1.0; CPH1901) AppleWebKit/537.36 (KHTML, like Gecko) Chrome/98.0.4758.87 Mobile Safari/537.36"
::ffff:49.42.64.172 - - [19/Mar/2022:07:22:28 +0000] "GET /users/delete-notifs/623580494e092f5d78997df9/post_liked/623362214e092f5d78993bc2 HTTP/1.1" 304 - "http://50.19.145.241.nip.io:8000/" "Mozilla/5.0 (Linux; Android 8.1.0; CPH1901) AppleWebKit/537.36 (KHTML, like Gecko) Chrome/98.0.4758.87 Mobile Safari/537.36"
::ffff:49.42.64.172 - - [19/Mar/2022:07:22:28 +0000] "GET /users/delete-notifs/623580494e092f5d78997df9/reqAccepted/null HTTP/1.1" 304 - "http://50.19.145.241.nip.io:8000/" "Mozilla/5.0 (Linux; Android 8.1.0; CPH1901) AppleWebKit/537.36 (KHTML, like Gecko) Chrome/98.0.4758.87 Mobile Safari/537.36"
::ffff:49.42.64.172 - - [19/Mar/2022:07:22:29 +0000] "GET /users/delete-notifs/623580494e092f5d78997df9/post_liked/623362214e092f5d78993bc2 HTTP/1.1" 304 - "http://50.19.145.241.nip.io:8000/" "Mozilla/5.0 (Linux; Android 8.1.0; CPH1901) AppleWebKit/537.36 (KHTML, like Gecko) Chrome/98.0.4758.87 Mobile Safari/537.36"
::ffff:49.42.64.172 - - [19/Mar/2022:07:22:29 +0000] "GET /users/delete-notifs/623580494e092f5d78997df9/post_liked/623362214e092f5d78993bc2 HTTP/1.1" 304 - "http://50.19.145.241.nip.io:8000/" "Mozilla/5.0 (Linux; Android 8.1.0; CPH1901) AppleWebKit/537.36 (KHTML, like Gecko) Chrome/98.0.4758.87 Mobile Safari/537.36"
::ffff:49.42.64.172 - - [19/Mar/2022:07:22:29 +0000] "GET /users/delete-notifs/623580494e092f5d78997df9/post_liked/623362214e092f5d78993bc2 HTTP/1.1" 304 - "http://50.19.145.241.nip.io:8000/" "Mozilla/5.0 (Linux; Android 8.1.0; CPH1901) AppleWebKit/537.36 (KHTML, like Gecko) Chrome/98.0.4758.87 Mobile Safari/537.36"
::ffff:47.9.114.13 - - [19/Mar/2022:07:22:29 +0000] "POST /message/create HTTP/1.1" 200 195 "http://50.19.145.241.nip.io:8000/message/messagepage/622e5afbedb5900a4dea10d4" "Mozilla/5.0 (Linux; Android 11; RMX3430) AppleWebKit/537.36 (KHTML, like Gecko) Chrome/99.0.4844.58 Mobile Safari/537.36"
::ffff:49.42.64.172 - - [19/Mar/2022:07:22:30 +0000] "GET /users/delete-notifs/623580494e092f5d78997df9/post_liked/623362214e092f5d78993bc2 HTTP/1.1" 304 - "http://50.19.145.241.nip.io:8000/" "Mozilla/5.0 (Linux; Android 8.1.0; CPH1901) AppleWebKit/537.36 (KHTML, like Gecko) Chrome/98.0.4758.87 Mobile Safari/537.36"
::ffff:49.42.64.172 - - [19/Mar/2022:07:22:30 +0000] "GET /users/delete-notifs/623580494e092f5d78997df9/post_liked/623362214e092f5d78993bc2 HTTP/1.1" 304 - "http://50.19.145.241.nip.io:8000/" "Mozilla/5.0 (Linux; Android 8.1.0; CPH1901) AppleWebKit/537.36 (KHTML, like Gecko) Chrome/98.0.4758.87 Mobile Safari/537.36"
::ffff:49.42.64.172 - - [19/Mar/2022:07:22:30 +0000] "GET /users/delete-notifs/623580494e092f5d78997df9/post_liked/623362214e092f5d78993bc2 HTTP/1.1" - - "http://50.19.145.241.nip.io:8000/" "Mozilla/5.0 (Linux; Android 8.1.0; CPH1901) AppleWebKit/537.36 (KHTML, like Gecko) Chrome/98.0.4758.87 Mobile Safari/537.36"
::ffff:49.42.64.172 - - [19/Mar/2022:07:22:31 +0000] "GET / HTTP/1.1" 200 142279 "-" "Mozilla/5.0 (Linux; Android 8.1.0; CPH1901) AppleWebKit/537.36 (KHTML, like Gecko) Chrome/98.0.4758.87 Mobile Safari/537.36"
::ffff:47.9.114.13 - - [19/Mar/2022:07:22:33 +0000] "GET / HTTP/1.1" 304 - "http://50.19.145.241.nip.io:8000/users/profile/622e5afbedb5900a4dea10d4" "Mozilla/5.0 (Linux; Android 11; RMX3430) AppleWebKit/537.36 (KHTML, like Gecko) Chrome/99.0.4844.58 Mobile Safari/537.36"
::ffff:49.42.64.172 - - [19/Mar/2022:07:22:39 +0000] "GET /likes/toggle/?likeableId=623584404e092f5d7899890c&type=Post&reaction=haha HTTP/1.1" 200 110 "http://50.19.145.241.nip.io:8000/" "Mozilla/5.0 (Linux; Android 8.1.0; CPH1901) AppleWebKit/537.36 (KHTML, like Gecko) Chrome/98.0.4758.87 Mobile Safari/537.36"
::ffff:47.9.114.13 - - [19/Mar/2022:07:22:41 +0000] "GET /likes/toggle/?likeableId=623584404e092f5d7899890c&type=Post&reaction=like HTTP/1.1" 200 110 "http://50.19.145.241.nip.io:8000/" "Mozilla/5.0 (Linux; Android 11; RMX3430) AppleWebKit/537.36 (KHTML, like Gecko) Chrome/99.0.4844.58 Mobile Safari/537.36"
::ffff:47.9.114.13 - - [19/Mar/2022:07:22:45 +0000] "GET /posts/destroy/623584404e092f5d7899890c HTTP/1.1" 200 95 "http://50.19.145.241.nip.io:8000/" "Mozilla/5.0 (Linux; Android 11; RMX3430) AppleWebKit/537.36 (KHTML, like Gecko) Chrome/99.0.4844.58 Mobile Safari/537.36"
::ffff:47.9.114.13 - - [19/Mar/2022:07:22:49 +0000] "GET / HTTP/1.1" 200 136579 "http://50.19.145.241.nip.io:8000/" "Mozilla/5.0 (Linux; Android 11; RMX3430) AppleWebKit/537.36 (KHTML, like Gecko) Chrome/99.0.4844.58 Mobile Safari/537.36"
::ffff:47.9.114.13 - - [19/Mar/2022:07:22:50 +0000] "GET /users/sessionCheck HTTP/1.1" 304 - "http://50.19.145.241.nip.io:8000/" "Mozilla/5.0 (Linux; Android 11; RMX3430) AppleWebKit/537.36 (KHTML, like Gecko) Chrome/99.0.4844.58 Mobile Safari/537.36"
::ffff:47.9.114.13 - - [19/Mar/2022:07:23:43 +0000] "GET /posts/upload/1 HTTP/1.1" 304 - "http://50.19.145.241.nip.io:8000/" "Mozilla/5.0 (Linux; Android 11; RMX3430) AppleWebKit/537.36 (KHTML, like Gecko) Chrome/99.0.4844.58 Mobile Safari/537.36"
::ffff:47.9.114.13 - - [19/Mar/2022:07:23:44 +0000] "POST /posts/create HTTP/1.1" 302 110 "http://50.19.145.241.nip.io:8000/" "Mozilla/5.0 (Linux; Android 11; RMX3430) AppleWebKit/537.36 (KHTML, like Gecko) Chrome/99.0.4844.58 Mobile Safari/537.36"
::ffff:47.9.114.13 - - [19/Mar/2022:07:23:46 +0000] "GET / HTTP/1.1" 200 141493 "http://50.19.145.241.nip.io:8000/" "Mozilla/5.0 (Linux; Android 11; RMX3430) AppleWebKit/537.36 (KHTML, like Gecko) Chrome/99.0.4844.58 Mobile Safari/537.36"
::ffff:47.9.114.13 - - [19/Mar/2022:07:23:56 +0000] "GET /users/profile/623580494e092f5d78997df9 HTTP/1.1" 200 59968 "http://50.19.145.241.nip.io:8000/" "Mozilla/5.0 (Linux; Android 11; RMX3430) AppleWebKit/537.36 (KHTML, like Gecko) Chrome/99.0.4844.58 Mobile Safari/537.36"
::ffff:47.9.114.13 - - [19/Mar/2022:07:23:58 +0000] "GET /users/profile/623580494e092f5d78997df9 HTTP/1.1" 304 - "http://50.19.145.241.nip.io:8000/" "Mozilla/5.0 (Linux; Android 11; RMX3430) AppleWebKit/537.36 (KHTML, like Gecko) Chrome/99.0.4844.58 Mobile Safari/537.36"
::ffff:47.9.114.13 - - [19/Mar/2022:07:24:14 +0000] "GET /users/update-page HTTP/1.1" 200 2898 "http://50.19.145.241.nip.io:8000/users/profile/623580494e092f5d78997df9" "Mozilla/5.0 (Linux; Android 11; RMX3430) AppleWebKit/537.36 (KHTML, like Gecko) Chrome/99.0.4844.58 Mobile Safari/537.36"
::ffff:47.9.114.13 - - [19/Mar/2022:07:25:35 +0000] "POST /users/update HTTP/1.1" 302 122 "http://50.19.145.241.nip.io:8000/users/update-page" "Mozilla/5.0 (Linux; Android 11; RMX3430) AppleWebKit/537.36 (KHTML, like Gecko) Chrome/99.0.4844.58 Mobile Safari/537.36"
::ffff:47.9.114.13 - - [19/Mar/2022:07:25:36 +0000] "GET /users/profile/623580494e092f5d78997df9 HTTP/1.1" 200 60132 "http://50.19.145.241.nip.io:8000/users/update-page" "Mozilla/5.0 (Linux; Android 11; RMX3430) AppleWebKit/537.36 (KHTML, like Gecko) Chrome/99.0.4844.58 Mobile Safari/537.36"
::ffff:47.9.114.13 - - [19/Mar/2022:07:25:49 +0000] "GET /users/profile/622e5afbedb5900a4dea10d4 HTTP/1.1" 200 71625 "http://50.19.145.241.nip.io:8000/users/profile/623580494e092f5d78997df9" "Mozilla/5.0 (Linux; Android 11; RMX3430) AppleWebKit/537.36 (KHTML, like Gecko) Chrome/99.0.4844.58 Mobile Safari/537.36"
::ffff:47.9.114.13 - - [19/Mar/2022:07:25:53 +0000] "GET /message/messagepage/622e5afbedb5900a4dea10d4 HTTP/1.1" 200 3193 "http://50.19.145.241.nip.io:8000/users/profile/622e5afbedb5900a4dea10d4" "Mozilla/5.0 (Linux; Android 11; RMX3430) AppleWebKit/537.36 (KHTML, like Gecko) Chrome/99.0.4844.58 Mobile Safari/537.36"
::ffff:49.36.221.125 - - [19/Mar/2022:07:26:12 +0000] "GET / HTTP/1.1" 302 70 "-" "Mozilla/5.0 (Linux; Android 11; AC2001) AppleWebKit/537.36 (KHTML, like Gecko) Chrome/99.0.4844.73 Mobile Safari/537.36"
::ffff:49.36.221.125 - - [19/Mar/2022:07:26:12 +0000] "GET /users/signin HTTP/1.1" 200 2817 "-" "Mozilla/5.0 (Linux; Android 11; AC2001) AppleWebKit/537.36 (KHTML, like Gecko) Chrome/99.0.4844.73 Mobile Safari/537.36"
::ffff:49.36.221.125 - - [19/Mar/2022:07:26:13 +0000] "GET /favicon.ico HTTP/1.1" 404 150 "http://50.19.145.241.nip.io:8000/users/signin" "Mozilla/5.0 (Linux; Android 11; AC2001) AppleWebKit/537.36 (KHTML, like Gecko) Chrome/99.0.4844.73 Mobile Safari/537.36"
::ffff:47.9.114.13 - - [19/Mar/2022:07:26:17 +0000] "POST /message/create HTTP/1.1" 200 188 "http://50.19.145.241.nip.io:8000/message/messagepage/622e5afbedb5900a4dea10d4" "Mozilla/5.0 (Linux; Android 11; RMX3430) AppleWebKit/537.36 (KHTML, like Gecko) Chrome/99.0.4844.58 Mobile Safari/537.36"
::ffff:47.9.114.13 - - [19/Mar/2022:07:26:39 +0000] "GET /likes/toggle/?likeableId=623585004e092f5d789991fb&type=Post&reaction=like HTTP/1.1" 200 110 "http://50.19.145.241.nip.io:8000/users/profile/623580494e092f5d78997df9" "Mozilla/5.0 (Linux; Android 11; RMX3430) AppleWebKit/537.36 (KHTML, like Gecko) Chrome/99.0.4844.58 Mobile Safari/537.36"
::ffff:47.9.114.13 - - [19/Mar/2022:07:26:46 +0000] "GET /users/profile/623580494e092f5d78997df9 HTTP/1.1" 200 60788 "http://50.19.145.241.nip.io:8000/users/update-page" "Mozilla/5.0 (Linux; Android 11; RMX3430) AppleWebKit/537.36 (KHTML, like Gecko) Chrome/99.0.4844.58 Mobile Safari/537.36"
::ffff:47.9.114.13 - - [19/Mar/2022:07:26:48 +0000] "GET /users/profile/623580494e092f5d78997df9 HTTP/1.1" 304 - "http://50.19.145.241.nip.io:8000/users/update-page" "Mozilla/5.0 (Linux; Android 11; RMX3430) AppleWebKit/537.36 (KHTML, like Gecko) Chrome/99.0.4844.58 Mobile Safari/537.36"
::ffff:49.36.221.125 - - [19/Mar/2022:07:26:50 +0000] "GET / HTTP/1.1" 302 70 "-" "Mozilla/5.0 (Linux; Android 11; AC2001) AppleWebKit/537.36 (KHTML, like Gecko) Chrome/99.0.4844.73 Mobile Safari/537.36"
::ffff:49.36.221.125 - - [19/Mar/2022:07:26:50 +0000] "GET /users/signin HTTP/1.1" 304 - "-" "Mozilla/5.0 (Linux; Android 11; AC2001) AppleWebKit/537.36 (KHTML, like Gecko) Chrome/99.0.4844.73 Mobile Safari/537.36"
::ffff:47.9.114.13 - - [19/Mar/2022:07:26:53 +0000] "GET /users/signout HTTP/1.1" 302 46 "http://50.19.145.241.nip.io:8000/users/profile/623580494e092f5d78997df9" "Mozilla/5.0 (Linux; Android 11; RMX3430) AppleWebKit/537.36 (KHTML, like Gecko) Chrome/99.0.4844.58 Mobile Safari/537.36"
::ffff:47.9.114.13 - - [19/Mar/2022:07:26:54 +0000] "GET / HTTP/1.1" 302 70 "http://50.19.145.241.nip.io:8000/users/profile/623580494e092f5d78997df9" "Mozilla/5.0 (Linux; Android 11; RMX3430) AppleWebKit/537.36 (KHTML, like Gecko) Chrome/99.0.4844.58 Mobile Safari/537.36"
::ffff:47.9.114.13 - - [19/Mar/2022:07:26:54 +0000] "GET /users/signin HTTP/1.1" 304 - "http://50.19.145.241.nip.io:8000/users/profile/623580494e092f5d78997df9" "Mozilla/5.0 (Linux; Android 11; RMX3430) AppleWebKit/537.36 (KHTML, like Gecko) Chrome/99.0.4844.58 Mobile Safari/537.36"
::ffff:47.9.114.13 - - [19/Mar/2022:07:26:57 +0000] "GET /users/auth/google HTTP/1.1" 302 0 "http://50.19.145.241.nip.io:8000/users/signin" "Mozilla/5.0 (Linux; Android 11; RMX3430) AppleWebKit/537.36 (KHTML, like Gecko) Chrome/99.0.4844.58 Mobile Safari/537.36"
::ffff:49.36.221.125 - - [19/Mar/2022:07:27:00 +0000] "GET /users/forgot-password/enter-mail HTTP/1.1" 200 1868 "http://50.19.145.241.nip.io:8000/users/signin" "Mozilla/5.0 (Linux; Android 11; AC2001) AppleWebKit/537.36 (KHTML, like Gecko) Chrome/99.0.4844.73 Mobile Safari/537.36"
::ffff:47.9.114.13 - - [19/Mar/2022:07:27:03 +0000] "GET /users/auth/google/callback?code=4%2F0AX4XfWgWlnikxbQfgpQR2QOp3_-12L6f9d7cw7eMeock53JIxrjanEu6Flqq5SfpMYj7Hg&scope=email+profile+openid+https%3A%2F%2Fwww.googleapis.com%2Fauth%2Fuserinfo.profile+https%3A%2F%2Fwww.googleapis.com%2Fauth%2Fuserinfo.email&authuser=1&prompt=none HTTP/1.1" 302 46 "-" "Mozilla/5.0 (Linux; Android 11; RMX3430) AppleWebKit/537.36 (KHTML, like Gecko) Chrome/99.0.4844.58 Mobile Safari/537.36"
::ffff:47.9.114.13 - - [19/Mar/2022:07:27:04 +0000] "GET / HTTP/1.1" 200 142292 "-" "Mozilla/5.0 (Linux; Android 11; RMX3430) AppleWebKit/537.36 (KHTML, like Gecko) Chrome/99.0.4844.58 Mobile Safari/537.36"
::ffff:49.36.221.125 - - [19/Mar/2022:07:27:07 +0000] "POST /users/forgot-password/verify-mail HTTP/1.1" 302 174 "http://50.19.145.241.nip.io:8000/users/forgot-password/enter-mail" "Mozilla/5.0 (Linux; Android 11; AC2001) AppleWebKit/537.36 (KHTML, like Gecko) Chrome/99.0.4844.73 Mobile Safari/537.36"
::ffff:49.36.221.125 - - [19/Mar/2022:07:27:08 +0000] "GET /users/forgot-password/enter-mail HTTP/1.1" 304 - "http://50.19.145.241.nip.io:8000/users/forgot-password/enter-mail" "Mozilla/5.0 (Linux; Android 11; AC2001) AppleWebKit/537.36 (KHTML, like Gecko) Chrome/99.0.4844.73 Mobile Safari/537.36"
::ffff:49.36.221.125 - - [19/Mar/2022:07:27:15 +0000] "POST /users/forgot-password/verify-mail HTTP/1.1" 302 174 "http://50.19.145.241.nip.io:8000/users/forgot-password/enter-mail" "Mozilla/5.0 (Linux; Android 11; AC2001) AppleWebKit/537.36 (KHTML, like Gecko) Chrome/99.0.4844.73 Mobile Safari/537.36"
::ffff:49.36.221.125 - - [19/Mar/2022:07:27:15 +0000] "GET /users/forgot-password/enter-mail HTTP/1.1" 304 - "http://50.19.145.241.nip.io:8000/users/forgot-password/enter-mail" "Mozilla/5.0 (Linux; Android 11; AC2001) AppleWebKit/537.36 (KHTML, like Gecko) Chrome/99.0.4844.73 Mobile Safari/537.36"
::ffff:47.9.114.13 - - [19/Mar/2022:07:27:24 +0000] "GET /users/profile/623580494e092f5d78997df9 HTTP/1.1" 304 - "http://50.19.145.241.nip.io:8000/" "Mozilla/5.0 (Linux; Android 11; RMX3430) AppleWebKit/537.36 (KHTML, like Gecko) Chrome/99.0.4844.58 Mobile Safari/537.36"
::ffff:47.9.114.13 - - [19/Mar/2022:07:27:28 +0000] "GET /users/profile/622e5afbedb5900a4dea10d4 HTTP/1.1" 200 72174 "http://50.19.145.241.nip.io:8000/users/profile/623580494e092f5d78997df9" "Mozilla/5.0 (Linux; Android 11; RMX3430) AppleWebKit/537.36 (KHTML, like Gecko) Chrome/99.0.4844.58 Mobile Safari/537.36"
::ffff:47.9.114.13 - - [19/Mar/2022:07:27:31 +0000] "GET /message/messagepage/622e5afbedb5900a4dea10d4 HTTP/1.1" 200 3462 "http://50.19.145.241.nip.io:8000/users/profile/622e5afbedb5900a4dea10d4" "Mozilla/5.0 (Linux; Android 11; RMX3430) AppleWebKit/537.36 (KHTML, like Gecko) Chrome/99.0.4844.58 Mobile Safari/537.36"
::ffff:27.62.203.89 - - [19/Mar/2022:07:28:17 +0000] "GET /favicon.ico HTTP/1.1" 404 150 "http://50.19.145.241.nip.io:8000/" "Mozilla/5.0 (Linux; Android 11; AC2001) AppleWebKit/537.36 (KHTML, like Gecko) Chrome/99.0.4844.73 Mobile Safari/537.36"
::ffff:49.36.221.125 - - [19/Mar/2022:07:28:34 +0000] "GET / HTTP/1.1" 302 70 "-" "Mozilla/5.0 (Linux; Android 11; AC2001) AppleWebKit/537.36 (KHTML, like Gecko) Chrome/99.0.4844.73 Mobile Safari/537.36"
::ffff:49.36.221.125 - - [19/Mar/2022:07:28:34 +0000] "GET /users/signin HTTP/1.1" 304 - "-" "Mozilla/5.0 (Linux; Android 11; AC2001) AppleWebKit/537.36 (KHTML, like Gecko) Chrome/99.0.4844.73 Mobile Safari/537.36"
::ffff:49.42.64.172 - - [19/Mar/2022:07:28:42 +0000] "GET /favicon.ico HTTP/1.1" 404 150 "http://50.19.145.241.nip.io:8000/" "Mozilla/5.0 (Linux; Android 8.1.0; CPH1901) AppleWebKit/537.36 (KHTML, like Gecko) Chrome/98.0.4758.87 Mobile Safari/537.36"
::ffff:49.36.221.125 - - [19/Mar/2022:07:28:42 +0000] "GET /users/signup HTTP/1.1" 200 3355 "http://50.19.145.241.nip.io:8000/users/signin" "Mozilla/5.0 (Linux; Android 11; AC2001) AppleWebKit/537.36 (KHTML, like Gecko) Chrome/99.0.4844.73 Mobile Safari/537.36"
::ffff:49.42.64.172 - - [19/Mar/2022:07:28:54 +0000] "GET / HTTP/1.1" 200 140773 "-" "Mozilla/5.0 (Linux; Android 8.1.0; CPH1901) AppleWebKit/537.36 (KHTML, like Gecko) Chrome/98.0.4758.87 Mobile Safari/537.36"
::ffff:49.42.64.172 - - [19/Mar/2022:07:29:29 +0000] "GET /users/findFriends HTTP/1.1" 200 25192 "http://50.19.145.241.nip.io:8000/" "Mozilla/5.0 (Linux; Android 8.1.0; CPH1901) AppleWebKit/537.36 (KHTML, like Gecko) Chrome/98.0.4758.87 Mobile Safari/537.36"
::ffff:103.79.169.76 - - [19/Mar/2022:07:31:14 +0000] "GET / HTTP/1.1" 302 70 "-" "Mozilla/5.0 (Linux; Android 9; Redmi Note 5 Pro) AppleWebKit/537.36 (KHTML, like Gecko) Chrome/99.0.4844.73 Mobile Safari/537.36"
::ffff:103.79.169.76 - - [19/Mar/2022:07:31:14 +0000] "GET /users/signin HTTP/1.1" 200 2817 "-" "Mozilla/5.0 (Linux; Android 9; Redmi Note 5 Pro) AppleWebKit/537.36 (KHTML, like Gecko) Chrome/99.0.4844.73 Mobile Safari/537.36"
::ffff:103.79.169.76 - - [19/Mar/2022:07:31:15 +0000] "GET /favicon.ico HTTP/1.1" 404 150 "http://50.19.145.241.nip.io:8000/users/signin" "Mozilla/5.0 (Linux; Android 9; Redmi Note 5 Pro) AppleWebKit/537.36 (KHTML, like Gecko) Chrome/99.0.4844.73 Mobile Safari/537.36"
::ffff:103.79.169.76 - - [19/Mar/2022:07:31:22 +0000] "GET / HTTP/1.1" 302 70 "-" "Mozilla/5.0 (Linux; Android 9; Redmi Note 5 Pro) AppleWebKit/537.36 (KHTML, like Gecko) Chrome/99.0.4844.73 Mobile Safari/537.36"
::ffff:103.79.169.76 - - [19/Mar/2022:07:31:22 +0000] "GET /users/signin HTTP/1.1" 304 - "-" "Mozilla/5.0 (Linux; Android 9; Redmi Note 5 Pro) AppleWebKit/537.36 (KHTML, like Gecko) Chrome/99.0.4844.73 Mobile Safari/537.36"
::ffff:49.42.64.172 - - [19/Mar/2022:07:31:22 +0000] "GET / HTTP/1.1" 200 143959 "http://50.19.145.241.nip.io:8000/" "Mozilla/5.0 (Windows NT 10.0; Win64; x64) AppleWebKit/537.36 (KHTML, like Gecko) Chrome/99.0.4844.51 Safari/537.36"
::ffff:47.9.114.13 - - [19/Mar/2022:07:31:55 +0000] "GET /users/profile/623580494e092f5d78997df9 HTTP/1.1" 304 - "http://50.19.145.241.nip.io:8000/users/profile/622e5afbedb5900a4dea10d4" "Mozilla/5.0 (Linux; Android 11; RMX3430) AppleWebKit/537.36 (KHTML, like Gecko) Chrome/99.0.4844.58 Mobile Safari/537.36"
::ffff:47.9.114.13 - - [19/Mar/2022:07:32:09 +0000] "GET / HTTP/1.1" 304 - "http://50.19.145.241.nip.io:8000/users/profile/623580494e092f5d78997df9" "Mozilla/5.0 (Linux; Android 11; RMX3430) AppleWebKit/537.36 (KHTML, like Gecko) Chrome/99.0.4844.58 Mobile Safari/537.36"
::ffff:49.42.64.172 - - [19/Mar/2022:07:32:09 +0000] "POST /users/friends/toggle/623571cf4e092f5d78995fd8 HTTP/1.1" 200 86 "http://50.19.145.241.nip.io:8000/" "Mozilla/5.0 (Windows NT 10.0; Win64; x64) AppleWebKit/537.36 (KHTML, like Gecko) Chrome/99.0.4844.51 Safari/537.36"
::ffff:49.42.64.172 - - [19/Mar/2022:07:32:14 +0000] "POST /users/friends/toggle/623580494e092f5d78997df9 HTTP/1.1" 200 169 "http://50.19.145.241.nip.io:8000/" "Mozilla/5.0 (Windows NT 10.0; Win64; x64) AppleWebKit/537.36 (KHTML, like Gecko) Chrome/99.0.4844.51 Safari/537.36"
::ffff:157.36.234.127 - - [19/Mar/2022:07:32:19 +0000] "GET / HTTP/1.1" 302 70 "-" "Mozilla/5.0 (Linux; Android 11; V2059) AppleWebKit/537.36 (KHTML, like Gecko) Chrome/93.0.4577.82 Mobile Safari/537.36"
::ffff:157.36.234.127 - - [19/Mar/2022:07:32:20 +0000] "GET /users/signin HTTP/1.1" 200 2817 "-" "Mozilla/5.0 (Linux; Android 11; V2059) AppleWebKit/537.36 (KHTML, like Gecko) Chrome/93.0.4577.82 Mobile Safari/537.36"
::ffff:157.36.234.127 - - [19/Mar/2022:07:32:21 +0000] "GET /favicon.ico HTTP/1.1" 404 150 "http://50.19.145.241.nip.io:8000/users/signin" "Mozilla/5.0 (Linux; Android 11; V2059) AppleWebKit/537.36 (KHTML, like Gecko) Chrome/93.0.4577.82 Mobile Safari/537.36"
::ffff:49.42.64.172 - - [19/Mar/2022:07:32:23 +0000] "GET /users/sessionCheck HTTP/1.1" 304 - "http://50.19.145.241.nip.io:8000/" "Mozilla/5.0 (Windows NT 10.0; Win64; x64) AppleWebKit/537.36 (KHTML, like Gecko) Chrome/99.0.4844.51 Safari/537.36"
::ffff:157.36.234.127 - - [19/Mar/2022:07:32:35 +0000] "POST /users/create-session HTTP/1.1" 302 70 "http://50.19.145.241.nip.io:8000/users/signin" "Mozilla/5.0 (Linux; Android 11; V2059) AppleWebKit/537.36 (KHTML, like Gecko) Chrome/93.0.4577.82 Mobile Safari/537.36"
::ffff:157.36.234.127 - - [19/Mar/2022:07:32:35 +0000] "GET /users/signin HTTP/1.1" 304 - "http://50.19.145.241.nip.io:8000/users/signin" "Mozilla/5.0 (Linux; Android 11; V2059) AppleWebKit/537.36 (KHTML, like Gecko) Chrome/93.0.4577.82 Mobile Safari/537.36"
::ffff:157.36.234.127 - - [19/Mar/2022:07:32:40 +0000] "GET /users/auth/google HTTP/1.1" 302 0 "http://50.19.145.241.nip.io:8000/users/signin" "Mozilla/5.0 (Linux; Android 11; V2059) AppleWebKit/537.36 (KHTML, like Gecko) Chrome/93.0.4577.82 Mobile Safari/537.36"
::ffff:47.9.114.13 - - [19/Mar/2022:07:32:44 +0000] "GET /likes/toggle/?likeableId=62356c574e092f5d78995068&type=Post&reaction=like HTTP/1.1" - - "http://50.19.145.241.nip.io:8000/" "Mozilla/5.0 (Linux; Android 11; RMX3430) AppleWebKit/537.36 (KHTML, like Gecko) Chrome/99.0.4844.58 Mobile Safari/537.36"
::ffff:47.9.114.13 - - [19/Mar/2022:07:32:44 +0000] "GET /users/profile/6232fdcc0ab8dc3a90d61125 HTTP/1.1" 200 78773 "http://50.19.145.241.nip.io:8000/" "Mozilla/5.0 (Linux; Android 11; RMX3430) AppleWebKit/537.36 (KHTML, like Gecko) Chrome/99.0.4844.58 Mobile Safari/537.36"
::ffff:49.42.64.172 - - [19/Mar/2022:07:32:50 +0000] "GET /posts/upload/1 HTTP/1.1" 304 - "http://50.19.145.241.nip.io:8000/" "Mozilla/5.0 (Windows NT 10.0; Win64; x64) AppleWebKit/537.36 (KHTML, like Gecko) Chrome/99.0.4844.51 Safari/537.36"
::ffff:49.42.64.172 - - [19/Mar/2022:07:32:50 +0000] "POST /posts/create HTTP/1.1" 302 110 "http://50.19.145.241.nip.io:8000/" "Mozilla/5.0 (Windows NT 10.0; Win64; x64) AppleWebKit/537.36 (KHTML, like Gecko) Chrome/99.0.4844.51 Safari/537.36"
::ffff:112.79.230.240 - - [19/Mar/2022:07:32:58 +0000] "GET / HTTP/1.1" 200 142383 "-" "Mozilla/5.0 (Linux; Android 10; CPH1933) AppleWebKit/537.36 (KHTML, like Gecko) Chrome/99.0.4844.58 Mobile Safari/537.36"
::ffff:157.36.234.127 - - [19/Mar/2022:07:32:59 +0000] "GET /users/signup HTTP/1.1" 200 3355 "http://50.19.145.241.nip.io:8000/users/signin" "Mozilla/5.0 (Linux; Android 11; V2059) AppleWebKit/537.36 (KHTML, like Gecko) Chrome/93.0.4577.82 Mobile Safari/537.36"
::ffff:47.9.114.13 - - [19/Mar/2022:07:33:00 +0000] "GET /likes/toggle/?likeableId=623460764e092f5d7899414f&type=Post&reaction=like HTTP/1.1" 200 110 "http://50.19.145.241.nip.io:8000/users/profile/6232fdcc0ab8dc3a90d61125" "Mozilla/5.0 (Linux; Android 11; RMX3430) AppleWebKit/537.36 (KHTML, like Gecko) Chrome/99.0.4844.58 Mobile Safari/537.36"
::ffff:112.79.230.240 - - [19/Mar/2022:07:33:01 +0000] "GET /favicon.ico HTTP/1.1" 404 150 "http://50.19.145.241.nip.io:8000/" "Mozilla/5.0 (Linux; Android 10; CPH1933) AppleWebKit/537.36 (KHTML, like Gecko) Chrome/99.0.4844.58 Mobile Safari/537.36"
