::ffff:184.105.139.68 - - [20/Jul/2022:01:57:47 +0000] "GET / HTTP/1.1" 302 35 "-" "-"
::ffff:47.9.78.171 - - [20/Jul/2022:02:42:08 +0000] "GET / HTTP/1.1" 200 253800 "-" "Mozilla/5.0 (Windows NT 10.0; Win64; x64) AppleWebKit/537.36 (KHTML, like Gecko) Chrome/103.0.0.0 Safari/537.36"
::ffff:47.9.78.171 - - [20/Jul/2022:02:44:36 +0000] "GET /users/sessionCheck HTTP/1.1" 200 26 "http://namastebuddies.in:8000/" "Mozilla/5.0 (Windows NT 10.0; Win64; x64) AppleWebKit/537.36 (KHTML, like Gecko) Chrome/103.0.0.0 Safari/537.36"
::ffff:47.9.78.171 - - [20/Jul/2022:02:44:54 +0000] "GET /likes/toggle/?likeableId=623589a34e092f5d7899a5ad&type=Post&reaction=angry HTTP/1.1" 200 110 "http://namastebuddies.in:8000/" "Mozilla/5.0 (Windows NT 10.0; Win64; x64) AppleWebKit/537.36 (KHTML, like Gecko) Chrome/103.0.0.0 Safari/537.36"
::ffff:47.9.78.171 - - [20/Jul/2022:02:44:54 +0000] "GET /favicon.ico HTTP/1.1" 404 150 "http://namastebuddies.in:8000/" "Mozilla/5.0 (Windows NT 10.0; Win64; x64) AppleWebKit/537.36 (KHTML, like Gecko) Chrome/103.0.0.0 Safari/537.36"
::ffff:47.9.78.171 - - [20/Jul/2022:02:44:56 +0000] "GET /likes/toggle/?likeableId=623589a34e092f5d7899a5ad&type=Post&reaction=like HTTP/1.1" 200 110 "http://namastebuddies.in:8000/" "Mozilla/5.0 (Windows NT 10.0; Win64; x64) AppleWebKit/537.36 (KHTML, like Gecko) Chrome/103.0.0.0 Safari/537.36"
::ffff:47.9.78.171 - - [20/Jul/2022:02:44:57 +0000] "GET /likes/toggle/?likeableId=623589a34e092f5d7899a5ad&type=Post&reaction=like HTTP/1.1" 304 - "http://namastebuddies.in:8000/" "Mozilla/5.0 (Windows NT 10.0; Win64; x64) AppleWebKit/537.36 (KHTML, like Gecko) Chrome/103.0.0.0 Safari/537.36"
::ffff:47.9.78.171 - - [20/Jul/2022:02:45:04 +0000] "GET /favicon.ico HTTP/1.1" 404 150 "http://namastebuddies.in:8000/" "Mozilla/5.0 (Windows NT 10.0; Win64; x64) AppleWebKit/537.36 (KHTML, like Gecko) Chrome/103.0.0.0 Safari/537.36"
::ffff:47.9.78.171 - - [20/Jul/2022:02:45:33 +0000] "GET /users/profile/6232f9e80ab8dc3a90d61010 HTTP/1.1" 200 94472 "http://namastebuddies.in:8000/" "Mozilla/5.0 (Windows NT 10.0; Win64; x64) AppleWebKit/537.36 (KHTML, like Gecko) Chrome/103.0.0.0 Safari/537.36"
::ffff:47.9.78.171 - - [20/Jul/2022:02:45:37 +0000] "GET /users/profile/623419414e092f5d78993ce9 HTTP/1.1" 200 94432 "http://namastebuddies.in:8000/users/profile/6232f9e80ab8dc3a90d61010" "Mozilla/5.0 (Windows NT 10.0; Win64; x64) AppleWebKit/537.36 (KHTML, like Gecko) Chrome/103.0.0.0 Safari/537.36"
::ffff:47.9.78.171 - - [20/Jul/2022:02:45:53 +0000] "GET /message/loadMessage/623580494e092f5d78997df9 HTTP/1.1" 200 1476 "http://namastebuddies.in:8000/users/profile/623419414e092f5d78993ce9" "Mozilla/5.0 (Windows NT 10.0; Win64; x64) AppleWebKit/537.36 (KHTML, like Gecko) Chrome/103.0.0.0 Safari/537.36"
::ffff:47.9.78.171 - - [20/Jul/2022:02:45:55 +0000] "GET /message/loadMessage/623571cf4e092f5d78995fd8 HTTP/1.1" 200 61 "http://namastebuddies.in:8000/users/profile/623419414e092f5d78993ce9" "Mozilla/5.0 (Windows NT 10.0; Win64; x64) AppleWebKit/537.36 (KHTML, like Gecko) Chrome/103.0.0.0 Safari/537.36"
::ffff:47.9.78.171 - - [20/Jul/2022:02:45:57 +0000] "GET /groups/loadMessage/623366334e092f5d78993c5a HTTP/1.1" 200 4528 "http://namastebuddies.in:8000/users/profile/623419414e092f5d78993ce9" "Mozilla/5.0 (Windows NT 10.0; Win64; x64) AppleWebKit/537.36 (KHTML, like Gecko) Chrome/103.0.0.0 Safari/537.36"
::ffff:47.9.78.171 - - [20/Jul/2022:02:46:00 +0000] "GET /groups/allUsers HTTP/1.1" 200 34259 "http://namastebuddies.in:8000/users/profile/623419414e092f5d78993ce9" "Mozilla/5.0 (Windows NT 10.0; Win64; x64) AppleWebKit/537.36 (KHTML, like Gecko) Chrome/103.0.0.0 Safari/537.36"
::ffff:47.9.78.171 - - [20/Jul/2022:02:46:07 +0000] "GET /groups/allUsers HTTP/1.1" 304 - "http://namastebuddies.in:8000/users/profile/623419414e092f5d78993ce9" "Mozilla/5.0 (Windows NT 10.0; Win64; x64) AppleWebKit/537.36 (KHTML, like Gecko) Chrome/103.0.0.0 Safari/537.36"
::ffff:47.9.78.171 - - [20/Jul/2022:02:46:11 +0000] "GET /groups/allUsers HTTP/1.1" 304 - "http://namastebuddies.in:8000/users/profile/623419414e092f5d78993ce9" "Mozilla/5.0 (Windows NT 10.0; Win64; x64) AppleWebKit/537.36 (KHTML, like Gecko) Chrome/103.0.0.0 Safari/537.36"
::ffff:47.9.78.171 - - [20/Jul/2022:02:46:16 +0000] "GET /groups/info/623366334e092f5d78993c5a HTTP/1.1" 200 34365 "http://namastebuddies.in:8000/users/profile/623419414e092f5d78993ce9" "Mozilla/5.0 (Windows NT 10.0; Win64; x64) AppleWebKit/537.36 (KHTML, like Gecko) Chrome/103.0.0.0 Safari/537.36"
::ffff:47.9.78.171 - - [20/Jul/2022:02:46:35 +0000] "GET / HTTP/1.1" 200 253907 "http://namastebuddies.in:8000/users/profile/623419414e092f5d78993ce9" "Mozilla/5.0 (Windows NT 10.0; Win64; x64) AppleWebKit/537.36 (KHTML, like Gecko) Chrome/103.0.0.0 Safari/537.36"
::ffff:47.9.78.171 - - [20/Jul/2022:02:48:39 +0000] "GET / HTTP/1.1" 304 - "http://namastebuddies.in:8000/users/profile/623419414e092f5d78993ce9" "Mozilla/5.0 (Windows NT 10.0; Win64; x64) AppleWebKit/537.36 (KHTML, like Gecko) Chrome/103.0.0.0 Safari/537.36"
::ffff:47.15.138.5 - - [20/Jul/2022:03:39:23 +0000] "GET / HTTP/1.1" 200 253907 "-" "Mozilla/5.0 (Linux; Android 8.1.0; CPH1901) AppleWebKit/537.36 (KHTML, like Gecko) Chrome/102.0.0.0 Mobile Safari/537.36"
::ffff:167.248.133.63 - - [20/Jul/2022:04:51:56 +0000] "GET / HTTP/1.1" 302 35 "-" "-"
::ffff:167.248.133.63 - - [20/Jul/2022:04:51:56 +0000] "GET / HTTP/1.1" 302 35 "-" "Mozilla/5.0 (compatible; CensysInspect/1.1; +https://about.censys.io/)"
::ffff:167.248.133.63 - - [20/Jul/2022:04:51:56 +0000] "PRI * HTTP/2.0" - - "-" "-"
::ffff:167.248.133.63 - - [20/Jul/2022:04:51:56 +0000] "GET /users/signin HTTP/1.1" 200 2817 "-" "Mozilla/5.0 (compatible; CensysInspect/1.1; +https://about.censys.io/)"
::ffff:167.248.133.63 - - [20/Jul/2022:04:51:56 +0000] "PRI * HTTP/2.0" - - "-" "-"
::ffff:5.8.10.202 - - [20/Jul/2022:05:45:33 +0000] "GET /v2/_catalog HTTP/1.1" 404 150 "-" "Go-http-client/1.1"
::ffff:5.8.10.202 - - [20/Jul/2022:05:46:13 +0000] "GET / HTTP/1.1" 302 35 "-" "fasthttp"
::ffff:205.210.31.131 - - [20/Jul/2022:07:06:24 +0000] "GET / HTTP/1.0" 302 35 "-" "Expanse, a Palo Alto Networks company, searches across the global IPv4 space multiple times per day to identify customers&#39; presences on the Internet. If you would like to be excluded from our scans, please send IP addresses/domains to: scaninfo@paloaltonetworks.com"
::ffff:198.235.24.19 - - [20/Jul/2022:07:07:43 +0000] "GET / HTTP/1.1" 302 35 "-" "Expanse, a Palo Alto Networks company, searches across the global IPv4 space multiple times per day to identify customers&#39; presences on the Internet. If you would like to be excluded from our scans, please send IP addresses/domains to: scaninfo@paloaltonetworks.com"
::ffff:198.235.24.19 - - [20/Jul/2022:07:07:44 +0000] "GET /users/signin HTTP/1.1" 200 2817 "http://50.19.145.241:8000/" "Expanse, a Palo Alto Networks company, searches across the global IPv4 space multiple times per day to identify customers&#39; presences on the Internet. If you would like to be excluded from our scans, please send IP addresses/domains to: scaninfo@paloaltonetworks.com"
::ffff:162.142.125.213 - - [20/Jul/2022:07:22:29 +0000] "GET / HTTP/1.1" 302 35 "-" "-"
::ffff:162.142.125.213 - - [20/Jul/2022:07:22:30 +0000] "GET / HTTP/1.1" 302 35 "-" "Mozilla/5.0 (compatible; CensysInspect/1.1; +https://about.censys.io/)"
::ffff:162.142.125.213 - - [20/Jul/2022:07:22:30 +0000] "PRI * HTTP/2.0" - - "-" "-"
::ffff:162.142.125.213 - - [20/Jul/2022:07:22:30 +0000] "GET /users/signin HTTP/1.1" 200 2817 "-" "Mozilla/5.0 (compatible; CensysInspect/1.1; +https://about.censys.io/)"
::ffff:162.142.125.213 - - [20/Jul/2022:07:22:30 +0000] "PRI * HTTP/2.0" - - "-" "-"
::ffff:43.241.192.250 - - [20/Jul/2022:12:02:58 +0000] "GET / HTTP/1.1" 302 70 "-" "Mozilla/5.0 (Windows NT 10.0; Win64; x64) AppleWebKit/537.36 (KHTML, like Gecko) Chrome/103.0.0.0 Safari/537.36"
::ffff:43.241.192.250 - - [20/Jul/2022:12:02:59 +0000] "GET /users/signin HTTP/1.1" 200 2817 "-" "Mozilla/5.0 (Windows NT 10.0; Win64; x64) AppleWebKit/537.36 (KHTML, like Gecko) Chrome/103.0.0.0 Safari/537.36"
::ffff:43.241.192.250 - - [20/Jul/2022:12:03:03 +0000] "GET /favicon.ico HTTP/1.1" 404 150 "http://namastebuddies.in:8000/users/signin" "Mozilla/5.0 (Windows NT 10.0; Win64; x64) AppleWebKit/537.36 (KHTML, like Gecko) Chrome/103.0.0.0 Safari/537.36"
::ffff:43.241.192.250 - - [20/Jul/2022:12:03:18 +0000] "GET /users/auth/google HTTP/1.1" 302 0 "http://namastebuddies.in:8000/users/signin" "Mozilla/5.0 (Windows NT 10.0; Win64; x64) AppleWebKit/537.36 (KHTML, like Gecko) Chrome/103.0.0.0 Safari/537.36"
::ffff:43.241.192.250 - - [20/Jul/2022:12:03:23 +0000] "GET /users/auth/google/callback?code=4%2F0AdQt8qg5mplGJd8jzRFdu_oqouzypBsXxB6FUc3aHn3lnLinpHSlD4pN6oBZ9Q-Vh2DpNw&scope=email+profile+https%3A%2F%2Fwww.googleapis.com%2Fauth%2Fuserinfo.profile+https%3A%2F%2Fwww.googleapis.com%2Fauth%2Fuserinfo.email+openid&authuser=0&prompt=consent HTTP/1.1" 302 46 "-" "Mozilla/5.0 (Windows NT 10.0; Win64; x64) AppleWebKit/537.36 (KHTML, like Gecko) Chrome/103.0.0.0 Safari/537.36"
::ffff:43.241.192.250 - - [20/Jul/2022:12:03:24 +0000] "GET / HTTP/1.1" 200 253558 "-" "Mozilla/5.0 (Windows NT 10.0; Win64; x64) AppleWebKit/537.36 (KHTML, like Gecko) Chrome/103.0.0.0 Safari/537.36"
::ffff:43.241.192.250 - - [20/Jul/2022:12:03:47 +0000] "GET /favicon.ico HTTP/1.1" 404 150 "http://50.19.145.241.nip.io:8000/" "Mozilla/5.0 (Windows NT 10.0; Win64; x64) AppleWebKit/537.36 (KHTML, like Gecko) Chrome/103.0.0.0 Safari/537.36"
::ffff:43.241.192.250 - - [20/Jul/2022:12:03:47 +0000] "GET /favicon.ico HTTP/1.1" 404 150 "http://50.19.145.241.nip.io:8000/" "Mozilla/5.0 (Windows NT 10.0; Win64; x64) AppleWebKit/537.36 (KHTML, like Gecko) Chrome/103.0.0.0 Safari/537.36"
::ffff:43.241.192.250 - - [20/Jul/2022:12:04:22 +0000] "GET /users/profile/622e5afbedb5900a4dea10d4 HTTP/1.1" 200 129244 "http://50.19.145.241.nip.io:8000/" "Mozilla/5.0 (Windows NT 10.0; Win64; x64) AppleWebKit/537.36 (KHTML, like Gecko) Chrome/103.0.0.0 Safari/537.36"
::ffff:43.241.192.250 - - [20/Jul/2022:12:04:28 +0000] "GET /users/profile/62356d254e092f5d789951a2 HTTP/1.1" 200 96414 "http://50.19.145.241.nip.io:8000/users/profile/622e5afbedb5900a4dea10d4" "Mozilla/5.0 (Windows NT 10.0; Win64; x64) AppleWebKit/537.36 (KHTML, like Gecko) Chrome/103.0.0.0 Safari/537.36"
::ffff:43.241.192.250 - - [20/Jul/2022:12:04:31 +0000] "GET /users/profile/623468ee4e092f5d789942f2 HTTP/1.1" 200 110803 "http://50.19.145.241.nip.io:8000/users/profile/62356d254e092f5d789951a2" "Mozilla/5.0 (Windows NT 10.0; Win64; x64) AppleWebKit/537.36 (KHTML, like Gecko) Chrome/103.0.0.0 Safari/537.36"
::ffff:43.241.192.250 - - [20/Jul/2022:12:04:37 +0000] "GET / HTTP/1.1" 304 - "http://50.19.145.241.nip.io:8000/users/profile/623468ee4e092f5d789942f2" "Mozilla/5.0 (Windows NT 10.0; Win64; x64) AppleWebKit/537.36 (KHTML, like Gecko) Chrome/103.0.0.0 Safari/537.36"
::ffff:43.241.192.250 - - [20/Jul/2022:12:05:26 +0000] "GET /users/sessionCheck HTTP/1.1" 200 26 "http://50.19.145.241.nip.io:8000/" "Mozilla/5.0 (Windows NT 10.0; Win64; x64) AppleWebKit/537.36 (KHTML, like Gecko) Chrome/103.0.0.0 Safari/537.36"
::ffff:47.15.138.5 - - [20/Jul/2022:12:07:05 +0000] "GET / HTTP/1.1" 200 256172 "-" "Mozilla/5.0 (Linux; Android 8.1.0; CPH1901) AppleWebKit/537.36 (KHTML, like Gecko) Chrome/102.0.0.0 Mobile Safari/537.36"
::ffff:47.15.138.5 - - [20/Jul/2022:12:07:14 +0000] "POST /users/friends/toggle/62d7ef0b4e092f5d789aaca1 HTTP/1.1" 200 96 "http://namastebuddies.in:8000/" "Mozilla/5.0 (Linux; Android 8.1.0; CPH1901) AppleWebKit/537.36 (KHTML, like Gecko) Chrome/102.0.0.0 Mobile Safari/537.36"
::ffff:43.241.192.250 - - [20/Jul/2022:12:07:24 +0000] "GET /users/profile/622e5afbedb5900a4dea10d4 HTTP/1.1" 200 129554 "http://50.19.145.241.nip.io:8000/" "Mozilla/5.0 (Windows NT 10.0; Win64; x64) AppleWebKit/537.36 (KHTML, like Gecko) Chrome/103.0.0.0 Safari/537.36"
::ffff:47.15.138.5 - - [20/Jul/2022:12:07:34 +0000] "GET /users/friendAndGroups HTTP/1.1" 200 6341 "http://namastebuddies.in:8000/" "Mozilla/5.0 (Linux; Android 8.1.0; CPH1901) AppleWebKit/537.36 (KHTML, like Gecko) Chrome/102.0.0.0 Mobile Safari/537.36"
::ffff:47.15.138.5 - - [20/Jul/2022:12:07:39 +0000] "GET /favicon.ico HTTP/1.1" 404 150 "http://namastebuddies.in:8000/users/friendAndGroups" "Mozilla/5.0 (Linux; Android 8.1.0; CPH1901) AppleWebKit/537.36 (KHTML, like Gecko) Chrome/102.0.0.0 Mobile Safari/537.36"
::ffff:47.15.138.5 - - [20/Jul/2022:12:07:43 +0000] "GET /message/messagepage/62d7ef0b4e092f5d789aaca1 HTTP/1.1" 200 2219 "http://namastebuddies.in:8000/users/friendAndGroups" "Mozilla/5.0 (Linux; Android 8.1.0; CPH1901) AppleWebKit/537.36 (KHTML, like Gecko) Chrome/102.0.0.0 Mobile Safari/537.36"
::ffff:47.15.138.5 - - [20/Jul/2022:12:07:57 +0000] "POST /message/create HTTP/1.1" 200 155 "http://namastebuddies.in:8000/message/messagepage/62d7ef0b4e092f5d789aaca1" "Mozilla/5.0 (Linux; Android 8.1.0; CPH1901) AppleWebKit/537.36 (KHTML, like Gecko) Chrome/102.0.0.0 Mobile Safari/537.36"
::ffff:43.241.192.250 - - [20/Jul/2022:12:08:02 +0000] "GET /message/loadMessage/622e5afbedb5900a4dea10d4 HTTP/1.1" 200 276 "http://50.19.145.241.nip.io:8000/users/profile/622e5afbedb5900a4dea10d4" "Mozilla/5.0 (Windows NT 10.0; Win64; x64) AppleWebKit/537.36 (KHTML, like Gecko) Chrome/103.0.0.0 Safari/537.36"
::ffff:43.241.192.250 - - [20/Jul/2022:12:08:07 +0000] "POST /message/create HTTP/1.1" 200 150 "http://50.19.145.241.nip.io:8000/users/profile/622e5afbedb5900a4dea10d4" "Mozilla/5.0 (Windows NT 10.0; Win64; x64) AppleWebKit/537.36 (KHTML, like Gecko) Chrome/103.0.0.0 Safari/537.36"
::ffff:43.241.192.250 - - [20/Jul/2022:12:08:27 +0000] "GET / HTTP/1.1" 200 253707 "http://50.19.145.241.nip.io:8000/users/profile/622e5afbedb5900a4dea10d4" "Mozilla/5.0 (Windows NT 10.0; Win64; x64) AppleWebKit/537.36 (KHTML, like Gecko) Chrome/103.0.0.0 Safari/537.36"
::ffff:43.241.192.250 - - [20/Jul/2022:12:17:11 +0000] "GET /groups/allUsers HTTP/1.1" 200 34609 "http://50.19.145.241.nip.io:8000/" "Mozilla/5.0 (Windows NT 10.0; Win64; x64) AppleWebKit/537.36 (KHTML, like Gecko) Chrome/103.0.0.0 Safari/537.36"
::ffff:47.15.138.5 - - [20/Jul/2022:12:17:21 +0000] "GET / HTTP/1.1" 200 254928 "-" "Mozilla/5.0 (Linux; Android 8.1.0; CPH1901) AppleWebKit/537.36 (KHTML, like Gecko) Chrome/102.0.0.0 Mobile Safari/537.36"
::ffff:43.241.192.250 - - [20/Jul/2022:12:17:30 +0000] "POST /groups/create HTTP/1.1" 302 46 "http://50.19.145.241.nip.io:8000/" "Mozilla/5.0 (Windows NT 10.0; Win64; x64) AppleWebKit/537.36 (KHTML, like Gecko) Chrome/103.0.0.0 Safari/537.36"
::ffff:43.241.192.250 - - [20/Jul/2022:12:17:30 +0000] "GET / HTTP/1.1" 200 254591 "http://50.19.145.241.nip.io:8000/" "Mozilla/5.0 (Windows NT 10.0; Win64; x64) AppleWebKit/537.36 (KHTML, like Gecko) Chrome/103.0.0.0 Safari/537.36"
::ffff:43.241.192.250 - - [20/Jul/2022:12:17:36 +0000] "GET /groups/info/62d7f25a4e092f5d789ab3db HTTP/1.1" 200 34112 "http://50.19.145.241.nip.io:8000/" "Mozilla/5.0 (Windows NT 10.0; Win64; x64) AppleWebKit/537.36 (KHTML, like Gecko) Chrome/103.0.0.0 Safari/537.36"
::ffff:47.15.138.5 - - [20/Jul/2022:12:17:48 +0000] "GET /users/friendAndGroups HTTP/1.1" 200 7368 "http://namastebuddies.in:8000/" "Mozilla/5.0 (Linux; Android 8.1.0; CPH1901) AppleWebKit/537.36 (KHTML, like Gecko) Chrome/102.0.0.0 Mobile Safari/537.36"
::ffff:47.15.138.5 - - [20/Jul/2022:12:17:57 +0000] "GET /groups/groupinfopage/62d7f25a4e092f5d789ab3db HTTP/1.1" 200 2895 "http://namastebuddies.in:8000/users/friendAndGroups" "Mozilla/5.0 (Linux; Android 8.1.0; CPH1901) AppleWebKit/537.36 (KHTML, like Gecko) Chrome/102.0.0.0 Mobile Safari/537.36"
::ffff:43.241.192.250 - - [20/Jul/2022:12:18:10 +0000] "GET /groups/info/62d7f25a4e092f5d789ab3db HTTP/1.1" 304 - "http://50.19.145.241.nip.io:8000/" "Mozilla/5.0 (Windows NT 10.0; Win64; x64) AppleWebKit/537.36 (KHTML, like Gecko) Chrome/103.0.0.0 Safari/537.36"
::ffff:43.241.192.250 - - [20/Jul/2022:12:18:25 +0000] "POST /groups/update/62d7f25a4e092f5d789ab3db HTTP/1.1" 302 46 "http://50.19.145.241.nip.io:8000/" "Mozilla/5.0 (Windows NT 10.0; Win64; x64) AppleWebKit/537.36 (KHTML, like Gecko) Chrome/103.0.0.0 Safari/537.36"
::ffff:43.241.192.250 - - [20/Jul/2022:12:18:25 +0000] "GET / HTTP/1.1" 200 254643 "http://50.19.145.241.nip.io:8000/" "Mozilla/5.0 (Windows NT 10.0; Win64; x64) AppleWebKit/537.36 (KHTML, like Gecko) Chrome/103.0.0.0 Safari/537.36"
::ffff:47.15.138.5 - - [20/Jul/2022:12:18:32 +0000] "GET /groups/groupinfopage/62d7f25a4e092f5d789ab3db HTTP/1.1" 200 2957 "http://namastebuddies.in:8000/users/friendAndGroups" "Mozilla/5.0 (Linux; Android 8.1.0; CPH1901) AppleWebKit/537.36 (KHTML, like Gecko) Chrome/102.0.0.0 Mobile Safari/537.36"
::ffff:43.241.192.250 - - [20/Jul/2022:12:18:47 +0000] "GET / HTTP/1.1" 304 - "http://50.19.145.241.nip.io:8000/" "Mozilla/5.0 (Windows NT 10.0; Win64; x64) AppleWebKit/537.36 (KHTML, like Gecko) Chrome/103.0.0.0 Safari/537.36"
::ffff:43.241.192.250 - - [20/Jul/2022:12:21:13 +0000] "GET /users/sessionCheck HTTP/1.1" 200 26 "http://50.19.145.241.nip.io:8000/" "Mozilla/5.0 (Windows NT 10.0; Win64; x64) AppleWebKit/537.36 (KHTML, like Gecko) Chrome/103.0.0.0 Safari/537.36"
::ffff:43.241.192.250 - - [20/Jul/2022:12:21:46 +0000] "GET /posts/upload/1 HTTP/1.1" 200 21 "http://50.19.145.241.nip.io:8000/" "Mozilla/5.0 (Windows NT 10.0; Win64; x64) AppleWebKit/537.36 (KHTML, like Gecko) Chrome/103.0.0.0 Safari/537.36"
::ffff:43.241.192.250 - - [20/Jul/2022:12:21:47 +0000] "POST /posts/create HTTP/1.1" 302 110 "http://50.19.145.241.nip.io:8000/" "Mozilla/5.0 (Windows NT 10.0; Win64; x64) AppleWebKit/537.36 (KHTML, like Gecko) Chrome/103.0.0.0 Safari/537.36"
::ffff:43.241.192.250 - - [20/Jul/2022:12:21:47 +0000] "GET / HTTP/1.1" 200 262275 "http://50.19.145.241.nip.io:8000/" "Mozilla/5.0 (Windows NT 10.0; Win64; x64) AppleWebKit/537.36 (KHTML, like Gecko) Chrome/103.0.0.0 Safari/537.36"
::ffff:47.15.138.5 - - [20/Jul/2022:12:22:06 +0000] "GET / HTTP/1.1" 200 263036 "-" "Mozilla/5.0 (Linux; Android 8.1.0; CPH1901) AppleWebKit/537.36 (KHTML, like Gecko) Chrome/102.0.0.0 Mobile Safari/537.36"
::ffff:43.241.192.250 - - [20/Jul/2022:12:22:14 +0000] "GET /users/delete-notifs/622e5afbedb5900a4dea10d4/reqAccepted/null HTTP/1.1" 200 21 "http://50.19.145.241.nip.io:8000/" "Mozilla/5.0 (Windows NT 10.0; Win64; x64) AppleWebKit/537.36 (KHTML, like Gecko) Chrome/103.0.0.0 Safari/537.36"
::ffff:43.241.192.250 - - [20/Jul/2022:12:22:15 +0000] "GET / HTTP/1.1" 200 261594 "http://50.19.145.241.nip.io:8000/" "Mozilla/5.0 (Windows NT 10.0; Win64; x64) AppleWebKit/537.36 (KHTML, like Gecko) Chrome/103.0.0.0 Safari/537.36"
::ffff:47.15.138.5 - - [20/Jul/2022:12:22:20 +0000] "GET /likes/toggle/?likeableId=62d7f35b4e092f5d789ab7a2&type=Post&reaction=haha HTTP/1.1" 200 110 "http://namastebuddies.in:8000/" "Mozilla/5.0 (Linux; Android 8.1.0; CPH1901) AppleWebKit/537.36 (KHTML, like Gecko) Chrome/102.0.0.0 Mobile Safari/537.36"
::ffff:43.241.192.250 - - [20/Jul/2022:12:22:28 +0000] "GET /users/delete-notifs/622e5afbedb5900a4dea10d4/reqAccepted/null HTTP/1.1" 304 - "http://50.19.145.241.nip.io:8000/" "Mozilla/5.0 (Windows NT 10.0; Win64; x64) AppleWebKit/537.36 (KHTML, like Gecko) Chrome/103.0.0.0 Safari/537.36"
::ffff:43.241.192.250 - - [20/Jul/2022:12:22:28 +0000] "GET /users/delete-notifs/622e5afbedb5900a4dea10d4/post_liked/62d7f35b4e092f5d789ab7a2 HTTP/1.1" 200 21 "http://50.19.145.241.nip.io:8000/" "Mozilla/5.0 (Windows NT 10.0; Win64; x64) AppleWebKit/537.36 (KHTML, like Gecko) Chrome/103.0.0.0 Safari/537.36"
::ffff:43.241.192.250 - - [20/Jul/2022:12:22:28 +0000] "GET /users/delete-notifs/622e5afbedb5900a4dea10d4/post_liked/62d7f35b4e092f5d789ab7a2 HTTP/1.1" 304 - "http://50.19.145.241.nip.io:8000/" "Mozilla/5.0 (Windows NT 10.0; Win64; x64) AppleWebKit/537.36 (KHTML, like Gecko) Chrome/103.0.0.0 Safari/537.36"
::ffff:43.241.192.250 - - [20/Jul/2022:12:22:29 +0000] "GET / HTTP/1.1" 200 261650 "http://50.19.145.241.nip.io:8000/" "Mozilla/5.0 (Windows NT 10.0; Win64; x64) AppleWebKit/537.36 (KHTML, like Gecko) Chrome/103.0.0.0 Safari/537.36"
::ffff:47.15.138.5 - - [20/Jul/2022:12:22:40 +0000] "GET / HTTP/1.1" 200 263144 "-" "Mozilla/5.0 (Linux; Android 8.1.0; CPH1901) AppleWebKit/537.36 (KHTML, like Gecko) Chrome/102.0.0.0 Mobile Safari/537.36"
::ffff:47.15.138.5 - - [20/Jul/2022:12:22:49 +0000] "GET /likes/toggle/?likeableId=62d7f35b4e092f5d789ab7a2&type=Post&reaction=unlike HTTP/1.1" 200 110 "http://namastebuddies.in:8000/" "Mozilla/5.0 (Linux; Android 8.1.0; CPH1901) AppleWebKit/537.36 (KHTML, like Gecko) Chrome/102.0.0.0 Mobile Safari/537.36"
::ffff:47.15.138.5 - - [20/Jul/2022:12:22:51 +0000] "GET /likes/toggle/?likeableId=62d7f35b4e092f5d789ab7a2&type=Post&reaction=like HTTP/1.1" 200 110 "http://namastebuddies.in:8000/" "Mozilla/5.0 (Linux; Android 8.1.0; CPH1901) AppleWebKit/537.36 (KHTML, like Gecko) Chrome/102.0.0.0 Mobile Safari/537.36"
::ffff:47.15.138.5 - - [20/Jul/2022:12:22:51 +0000] "GET /likes/toggle/?likeableId=62d7f35b4e092f5d789ab7a2&type=Post&reaction=like HTTP/1.1" 304 - "http://namastebuddies.in:8000/" "Mozilla/5.0 (Linux; Android 8.1.0; CPH1901) AppleWebKit/537.36 (KHTML, like Gecko) Chrome/102.0.0.0 Mobile Safari/537.36"
::ffff:47.15.138.5 - - [20/Jul/2022:12:23:04 +0000] "GET / HTTP/1.1" 200 263143 "-" "Mozilla/5.0 (Linux; Android 8.1.0; CPH1901) AppleWebKit/537.36 (KHTML, like Gecko) Chrome/102.0.0.0 Mobile Safari/537.36"
::ffff:43.241.192.250 - - [20/Jul/2022:12:23:14 +0000] "GET /users/delete-notifs/622e5afbedb5900a4dea10d4/reqAccepted/null HTTP/1.1" 304 - "http://50.19.145.241.nip.io:8000/" "Mozilla/5.0 (Windows NT 10.0; Win64; x64) AppleWebKit/537.36 (KHTML, like Gecko) Chrome/103.0.0.0 Safari/537.36"
::ffff:43.241.192.250 - - [20/Jul/2022:12:23:14 +0000] "GET /users/delete-notifs/622e5afbedb5900a4dea10d4/post_liked/62d7f35b4e092f5d789ab7a2 HTTP/1.1" 304 - "http://50.19.145.241.nip.io:8000/" "Mozilla/5.0 (Windows NT 10.0; Win64; x64) AppleWebKit/537.36 (KHTML, like Gecko) Chrome/103.0.0.0 Safari/537.36"
::ffff:43.241.192.250 - - [20/Jul/2022:12:23:14 +0000] "GET /users/delete-notifs/622e5afbedb5900a4dea10d4/post_liked/62d7f35b4e092f5d789ab7a2 HTTP/1.1" 304 - "http://50.19.145.241.nip.io:8000/" "Mozilla/5.0 (Windows NT 10.0; Win64; x64) AppleWebKit/537.36 (KHTML, like Gecko) Chrome/103.0.0.0 Safari/537.36"
::ffff:47.15.138.5 - - [20/Jul/2022:12:24:36 +0000] "POST /comment/create HTTP/1.1" 200 384 "http://namastebuddies.in:8000/" "Mozilla/5.0 (Linux; Android 8.1.0; CPH1901) AppleWebKit/537.36 (KHTML, like Gecko) Chrome/102.0.0.0 Mobile Safari/537.36"
::ffff:43.241.192.250 - - [20/Jul/2022:12:24:44 +0000] "GET / HTTP/1.1" 200 263438 "http://50.19.145.241.nip.io:8000/" "Mozilla/5.0 (Windows NT 10.0; Win64; x64) AppleWebKit/537.36 (KHTML, like Gecko) Chrome/103.0.0.0 Safari/537.36"
::ffff:47.15.138.5 - - [20/Jul/2022:12:25:01 +0000] "GET / HTTP/1.1" 200 264931 "-" "Mozilla/5.0 (Linux; Android 8.1.0; CPH1901) AppleWebKit/537.36 (KHTML, like Gecko) Chrome/102.0.0.0 Mobile Safari/537.36"
::ffff:43.241.192.250 - - [20/Jul/2022:12:26:36 +0000] "GET / HTTP/1.1" 304 - "http://50.19.145.241.nip.io:8000/" "Mozilla/5.0 (Windows NT 10.0; Win64; x64) AppleWebKit/537.36 (KHTML, like Gecko) Chrome/103.0.0.0 Safari/537.36"
::ffff:47.15.138.5 - - [20/Jul/2022:12:26:48 +0000] "GET /likes/toggle/?likeableId=62d7f35b4e092f5d789ab7a2&type=Post&reaction=sad HTTP/1.1" 200 110 "http://namastebuddies.in:8000/" "Mozilla/5.0 (Linux; Android 8.1.0; CPH1901) AppleWebKit/537.36 (KHTML, like Gecko) Chrome/102.0.0.0 Mobile Safari/537.36"
::ffff:43.241.192.250 - - [20/Jul/2022:12:27:00 +0000] "GET / HTTP/1.1" 200 264181 "http://50.19.145.241.nip.io:8000/" "Mozilla/5.0 (Windows NT 10.0; Win64; x64) AppleWebKit/537.36 (KHTML, like Gecko) Chrome/103.0.0.0 Safari/537.36"
::ffff:43.241.192.250 - - [20/Jul/2022:12:27:34 +0000] "GET /users/delete-notifs/622e5afbedb5900a4dea10d4/reqAccepted/null HTTP/1.1" 304 - "http://50.19.145.241.nip.io:8000/" "Mozilla/5.0 (Windows NT 10.0; Win64; x64) AppleWebKit/537.36 (KHTML, like Gecko) Chrome/103.0.0.0 Safari/537.36"
::ffff:43.241.192.250 - - [20/Jul/2022:12:27:34 +0000] "GET /users/delete-notifs/622e5afbedb5900a4dea10d4/post_liked/62d7f35b4e092f5d789ab7a2 HTTP/1.1" 304 - "http://50.19.145.241.nip.io:8000/" "Mozilla/5.0 (Windows NT 10.0; Win64; x64) AppleWebKit/537.36 (KHTML, like Gecko) Chrome/103.0.0.0 Safari/537.36"
::ffff:47.15.138.5 - - [20/Jul/2022:12:27:47 +0000] "GET / HTTP/1.1" 200 264929 "-" "Mozilla/5.0 (Linux; Android 8.1.0; CPH1901) AppleWebKit/537.36 (KHTML, like Gecko) Chrome/102.0.0.0 Mobile Safari/537.36"
::ffff:43.241.192.250 - - [20/Jul/2022:12:28:13 +0000] "GET / HTTP/1.1" 200 263438 "http://50.19.145.241.nip.io:8000/" "Mozilla/5.0 (Windows NT 10.0; Win64; x64) AppleWebKit/537.36 (KHTML, like Gecko) Chrome/103.0.0.0 Safari/537.36"
::ffff:43.241.192.250 - - [20/Jul/2022:12:28:27 +0000] "GET / HTTP/1.1" 302 70 "-" "Mozilla/5.0 (Windows NT 10.0; Win64; x64) AppleWebKit/537.36 (KHTML, like Gecko) Chrome/103.0.0.0 Safari/537.36"
::ffff:43.241.192.250 - - [20/Jul/2022:12:28:27 +0000] "GET /users/signin HTTP/1.1" 200 2817 "-" "Mozilla/5.0 (Windows NT 10.0; Win64; x64) AppleWebKit/537.36 (KHTML, like Gecko) Chrome/103.0.0.0 Safari/537.36"
::ffff:43.241.192.250 - - [20/Jul/2022:12:28:34 +0000] "GET /users/auth/google HTTP/1.1" 302 0 "http://namastebuddies.in:8000/users/signin" "Mozilla/5.0 (Windows NT 10.0; Win64; x64) AppleWebKit/537.36 (KHTML, like Gecko) Chrome/103.0.0.0 Safari/537.36"
::ffff:43.241.192.250 - - [20/Jul/2022:12:28:41 +0000] "GET /users/auth/google/callback?code=4%2F0AdQt8qg-wYX7egY7TsmtAmGKhO8gE08ctUWNKIYU2pIDgZrjVVATL5b3w5twxfz7PCBVRg&scope=email+profile+https%3A%2F%2Fwww.googleapis.com%2Fauth%2Fuserinfo.profile+openid+https%3A%2F%2Fwww.googleapis.com%2Fauth%2Fuserinfo.email&authuser=0&prompt=none HTTP/1.1" 302 46 "-" "Mozilla/5.0 (Windows NT 10.0; Win64; x64) AppleWebKit/537.36 (KHTML, like Gecko) Chrome/103.0.0.0 Safari/537.36"
::ffff:43.241.192.250 - - [20/Jul/2022:12:28:42 +0000] "GET / HTTP/1.1" 304 - "-" "Mozilla/5.0 (Windows NT 10.0; Win64; x64) AppleWebKit/537.36 (KHTML, like Gecko) Chrome/103.0.0.0 Safari/537.36"
::ffff:47.15.138.5 - - [20/Jul/2022:12:29:05 +0000] "GET / HTTP/1.1" 304 - "-" "Mozilla/5.0 (Linux; Android 8.1.0; CPH1901) AppleWebKit/537.36 (KHTML, like Gecko) Chrome/102.0.0.0 Mobile Safari/537.36"
::ffff:43.241.192.250 - - [20/Jul/2022:12:29:33 +0000] "GET /users/profile/622e5afbedb5900a4dea10d4 HTTP/1.1" 200 129809 "http://50.19.145.241.nip.io:8000/" "Mozilla/5.0 (Windows NT 10.0; Win64; x64) AppleWebKit/537.36 (KHTML, like Gecko) Chrome/103.0.0.0 Safari/537.36"
::ffff:43.241.192.250 - - [20/Jul/2022:12:29:46 +0000] "GET / HTTP/1.1" 304 - "http://50.19.145.241.nip.io:8000/users/profile/622e5afbedb5900a4dea10d4" "Mozilla/5.0 (Windows NT 10.0; Win64; x64) AppleWebKit/537.36 (KHTML, like Gecko) Chrome/103.0.0.0 Safari/537.36"
::ffff:43.241.192.250 - - [20/Jul/2022:12:30:40 +0000] "GET / HTTP/1.1" 302 70 "-" "Mozilla/5.0 (Windows NT 10.0; Win64; x64) AppleWebKit/537.36 (KHTML, like Gecko) Chrome/103.0.0.0 Safari/537.36"
::ffff:43.241.192.250 - - [20/Jul/2022:12:30:40 +0000] "GET /users/signin HTTP/1.1" 304 - "-" "Mozilla/5.0 (Windows NT 10.0; Win64; x64) AppleWebKit/537.36 (KHTML, like Gecko) Chrome/103.0.0.0 Safari/537.36"
::ffff:43.241.192.250 - - [20/Jul/2022:12:30:50 +0000] "GET /users/auth/google HTTP/1.1" 302 0 "http://namastebuddies.in:8000/users/signin" "Mozilla/5.0 (Windows NT 10.0; Win64; x64) AppleWebKit/537.36 (KHTML, like Gecko) Chrome/103.0.0.0 Safari/537.36"
::ffff:43.241.192.250 - - [20/Jul/2022:12:30:53 +0000] "GET /users/auth/google/callback?code=4%2F0AdQt8qhZFmeaCEDlqt-BOBJQmzjhRX_HF1kn9L0iD9IrLTo9VYjhgDuVr4QhcYti7cQZNw&scope=email+profile+https%3A%2F%2Fwww.googleapis.com%2Fauth%2Fuserinfo.profile+https%3A%2F%2Fwww.googleapis.com%2Fauth%2Fuserinfo.email+openid&authuser=0&prompt=none HTTP/1.1" 302 46 "-" "Mozilla/5.0 (Windows NT 10.0; Win64; x64) AppleWebKit/537.36 (KHTML, like Gecko) Chrome/103.0.0.0 Safari/537.36"
::ffff:43.241.192.250 - - [20/Jul/2022:12:30:54 +0000] "GET / HTTP/1.1" 304 - "-" "Mozilla/5.0 (Windows NT 10.0; Win64; x64) AppleWebKit/537.36 (KHTML, like Gecko) Chrome/103.0.0.0 Safari/537.36"
::ffff:43.241.192.250 - - [20/Jul/2022:12:31:41 +0000] "GET /users/profile/62d7ef0b4e092f5d789aaca1 HTTP/1.1" 200 106210 "http://50.19.145.241.nip.io:8000/" "Mozilla/5.0 (Windows NT 10.0; Win64; x64) AppleWebKit/537.36 (KHTML, like Gecko) Chrome/103.0.0.0 Safari/537.36"
::ffff:43.241.192.250 - - [20/Jul/2022:12:37:21 +0000] "GET /users/signout HTTP/1.1" 302 46 "http://50.19.145.241.nip.io:8000/users/profile/62d7ef0b4e092f5d789aaca1" "Mozilla/5.0 (Windows NT 10.0; Win64; x64) AppleWebKit/537.36 (KHTML, like Gecko) Chrome/103.0.0.0 Safari/537.36"
::ffff:43.241.192.250 - - [20/Jul/2022:12:37:22 +0000] "GET / HTTP/1.1" 302 70 "http://50.19.145.241.nip.io:8000/users/profile/62d7ef0b4e092f5d789aaca1" "Mozilla/5.0 (Windows NT 10.0; Win64; x64) AppleWebKit/537.36 (KHTML, like Gecko) Chrome/103.0.0.0 Safari/537.36"
::ffff:43.241.192.250 - - [20/Jul/2022:12:37:22 +0000] "GET /users/signin HTTP/1.1" 200 2817 "http://50.19.145.241.nip.io:8000/users/profile/62d7ef0b4e092f5d789aaca1" "Mozilla/5.0 (Windows NT 10.0; Win64; x64) AppleWebKit/537.36 (KHTML, like Gecko) Chrome/103.0.0.0 Safari/537.36"
::ffff:49.44.76.231 - - [20/Jul/2022:12:37:24 +0000] "GET /users/signin HTTP/1.1" 200 2817 "https://www.google.com/" "Mozilla/5.0 (Windows NT 10.0; WOW64) AppleWebKit/537.36 (KHTML, like Gecko) Chrome/102.0.0.0 Safari/537.36"
::ffff:43.241.192.250 - - [20/Jul/2022:12:37:26 +0000] "GET /users/auth/google HTTP/1.1" 302 0 "http://50.19.145.241.nip.io:8000/users/signin" "Mozilla/5.0 (Windows NT 10.0; Win64; x64) AppleWebKit/537.36 (KHTML, like Gecko) Chrome/103.0.0.0 Safari/537.36"
::ffff:43.241.192.250 - - [20/Jul/2022:12:37:42 +0000] "GET /users/forgot-password/enter-mail HTTP/1.1" 200 1868 "http://50.19.145.241.nip.io:8000/users/signin" "Mozilla/5.0 (Windows NT 10.0; Win64; x64) AppleWebKit/537.36 (KHTML, like Gecko) Chrome/103.0.0.0 Safari/537.36"
::ffff:43.241.192.250 - - [20/Jul/2022:12:37:48 +0000] "GET /users/forgot-password/enter-mail HTTP/1.1" 304 - "http://50.19.145.241.nip.io:8000/users/signin" "Mozilla/5.0 (Windows NT 10.0; Win64; x64) AppleWebKit/537.36 (KHTML, like Gecko) Chrome/103.0.0.0 Safari/537.36"
::ffff:43.241.192.250 - - [20/Jul/2022:12:38:25 +0000] "GET /users/auth/google HTTP/1.1" 302 0 "http://50.19.145.241.nip.io:8000/users/signin" "Mozilla/5.0 (Windows NT 10.0; Win64; x64) AppleWebKit/537.36 (KHTML, like Gecko) Chrome/103.0.0.0 Safari/537.36"
::ffff:43.241.192.250 - - [20/Jul/2022:12:38:29 +0000] "GET /users/auth/google/callback?code=4%2F0AdQt8qhEZPdKISUgFhNWfykDP09d3_YzjjHNloZb2TzzQehwD_XOLRHdjFED9lz4h34WUA&scope=email+profile+https%3A%2F%2Fwww.googleapis.com%2Fauth%2Fuserinfo.email+https%3A%2F%2Fwww.googleapis.com%2Fauth%2Fuserinfo.profile+openid&authuser=0&prompt=none HTTP/1.1" 302 46 "-" "Mozilla/5.0 (Windows NT 10.0; Win64; x64) AppleWebKit/537.36 (KHTML, like Gecko) Chrome/103.0.0.0 Safari/537.36"
::ffff:43.241.192.250 - - [20/Jul/2022:12:38:29 +0000] "GET / HTTP/1.1" 200 263438 "-" "Mozilla/5.0 (Windows NT 10.0; Win64; x64) AppleWebKit/537.36 (KHTML, like Gecko) Chrome/103.0.0.0 Safari/537.36"
::ffff:43.241.192.250 - - [20/Jul/2022:12:38:36 +0000] "GET /users/profile/62d7ef0b4e092f5d789aaca1 HTTP/1.1" 304 - "http://50.19.145.241.nip.io:8000/" "Mozilla/5.0 (Windows NT 10.0; Win64; x64) AppleWebKit/537.36 (KHTML, like Gecko) Chrome/103.0.0.0 Safari/537.36"
::ffff:43.241.192.250 - - [20/Jul/2022:12:38:40 +0000] "GET /users/update-page HTTP/1.1" 200 2899 "http://50.19.145.241.nip.io:8000/users/profile/62d7ef0b4e092f5d789aaca1" "Mozilla/5.0 (Windows NT 10.0; Win64; x64) AppleWebKit/537.36 (KHTML, like Gecko) Chrome/103.0.0.0 Safari/537.36"
::ffff:43.241.192.250 - - [20/Jul/2022:12:38:58 +0000] "GET /users/signin HTTP/1.1" 302 72 "http://50.19.145.241.nip.io:8000/users/profile/62d7ef0b4e092f5d789aaca1" "Mozilla/5.0 (Windows NT 10.0; Win64; x64) AppleWebKit/537.36 (KHTML, like Gecko) Chrome/103.0.0.0 Safari/537.36"
::ffff:43.241.192.250 - - [20/Jul/2022:12:38:59 +0000] "GET /users/profile HTTP/1.1" 404 152 "http://50.19.145.241.nip.io:8000/users/profile/62d7ef0b4e092f5d789aaca1" "Mozilla/5.0 (Windows NT 10.0; Win64; x64) AppleWebKit/537.36 (KHTML, like Gecko) Chrome/103.0.0.0 Safari/537.36"
::ffff:43.241.192.250 - - [20/Jul/2022:12:39:11 +0000] "GET / HTTP/1.1" 302 70 "-" "Mozilla/5.0 (Windows NT 10.0; Win64; x64) AppleWebKit/537.36 (KHTML, like Gecko) Chrome/103.0.0.0 Safari/537.36"
::ffff:43.241.192.250 - - [20/Jul/2022:12:39:11 +0000] "GET /users/signin HTTP/1.1" 304 - "-" "Mozilla/5.0 (Windows NT 10.0; Win64; x64) AppleWebKit/537.36 (KHTML, like Gecko) Chrome/103.0.0.0 Safari/537.36"
::ffff:43.241.192.250 - - [20/Jul/2022:12:39:16 +0000] "GET /users/forgot-password/enter-mail HTTP/1.1" 200 1868 "http://namastebuddies.in:8000/users/signin" "Mozilla/5.0 (Windows NT 10.0; Win64; x64) AppleWebKit/537.36 (KHTML, like Gecko) Chrome/103.0.0.0 Safari/537.36"
::ffff:43.241.192.250 - - [20/Jul/2022:12:39:21 +0000] "POST /users/forgot-password/verify-mail HTTP/1.1" 200 1388 "http://namastebuddies.in:8000/users/forgot-password/enter-mail" "Mozilla/5.0 (Windows NT 10.0; Win64; x64) AppleWebKit/537.36 (KHTML, like Gecko) Chrome/103.0.0.0 Safari/537.36"
::ffff:47.15.138.5 - - [20/Jul/2022:12:40:25 +0000] "GET /users/signout HTTP/1.1" 302 46 "http://namastebuddies.in:8000/" "Mozilla/5.0 (Linux; Android 8.1.0; CPH1901) AppleWebKit/537.36 (KHTML, like Gecko) Chrome/102.0.0.0 Mobile Safari/537.36"
::ffff:47.15.138.5 - - [20/Jul/2022:12:40:25 +0000] "GET / HTTP/1.1" 302 70 "http://namastebuddies.in:8000/" "Mozilla/5.0 (Linux; Android 8.1.0; CPH1901) AppleWebKit/537.36 (KHTML, like Gecko) Chrome/102.0.0.0 Mobile Safari/537.36"
::ffff:47.15.138.5 - - [20/Jul/2022:12:40:26 +0000] "GET /users/signin HTTP/1.1" 200 2817 "http://namastebuddies.in:8000/" "Mozilla/5.0 (Linux; Android 8.1.0; CPH1901) AppleWebKit/537.36 (KHTML, like Gecko) Chrome/102.0.0.0 Mobile Safari/537.36"
::ffff:47.15.138.5 - - [20/Jul/2022:12:40:30 +0000] "GET /users/forgot-password/enter-mail HTTP/1.1" 200 1868 "http://namastebuddies.in:8000/users/signin" "Mozilla/5.0 (Linux; Android 8.1.0; CPH1901) AppleWebKit/537.36 (KHTML, like Gecko) Chrome/102.0.0.0 Mobile Safari/537.36"
::ffff:47.15.138.5 - - [20/Jul/2022:12:40:42 +0000] "POST /users/forgot-password/verify-mail HTTP/1.1" 200 1388 "http://namastebuddies.in:8000/users/forgot-password/enter-mail" "Mozilla/5.0 (Linux; Android 8.1.0; CPH1901) AppleWebKit/537.36 (KHTML, like Gecko) Chrome/102.0.0.0 Mobile Safari/537.36"
::ffff:43.241.192.250 - - [20/Jul/2022:12:41:46 +0000] "GET / HTTP/1.1" 302 70 "-" "Mozilla/5.0 (Windows NT 10.0; Win64; x64) AppleWebKit/537.36 (KHTML, like Gecko) Chrome/103.0.0.0 Safari/537.36"
::ffff:43.241.192.250 - - [20/Jul/2022:12:41:47 +0000] "GET /users/signin HTTP/1.1" 304 - "-" "Mozilla/5.0 (Windows NT 10.0; Win64; x64) AppleWebKit/537.36 (KHTML, like Gecko) Chrome/103.0.0.0 Safari/537.36"
::ffff:43.241.192.250 - - [20/Jul/2022:12:41:52 +0000] "GET /users/signup HTTP/1.1" 200 3355 "http://namastebuddies.in:8000/users/signin" "Mozilla/5.0 (Windows NT 10.0; Win64; x64) AppleWebKit/537.36 (KHTML, like Gecko) Chrome/103.0.0.0 Safari/537.36"
::ffff:43.241.192.250 - - [20/Jul/2022:12:42:45 +0000] "POST /users/create HTTP/1.1" 302 70 "http://namastebuddies.in:8000/users/signup" "Mozilla/5.0 (Windows NT 10.0; Win64; x64) AppleWebKit/537.36 (KHTML, like Gecko) Chrome/103.0.0.0 Safari/537.36"
::ffff:43.241.192.250 - - [20/Jul/2022:12:42:45 +0000] "GET /users/signin HTTP/1.1" 304 - "http://namastebuddies.in:8000/users/signup" "Mozilla/5.0 (Windows NT 10.0; Win64; x64) AppleWebKit/537.36 (KHTML, like Gecko) Chrome/103.0.0.0 Safari/537.36"
::ffff:43.241.192.250 - - [20/Jul/2022:12:43:12 +0000] "POST /users/create-session HTTP/1.1" 302 70 "http://namastebuddies.in:8000/users/signin" "Mozilla/5.0 (Windows NT 10.0; Win64; x64) AppleWebKit/537.36 (KHTML, like Gecko) Chrome/103.0.0.0 Safari/537.36"
::ffff:43.241.192.250 - - [20/Jul/2022:12:43:13 +0000] "GET /users/signin HTTP/1.1" 304 - "http://namastebuddies.in:8000/users/signin" "Mozilla/5.0 (Windows NT 10.0; Win64; x64) AppleWebKit/537.36 (KHTML, like Gecko) Chrome/103.0.0.0 Safari/537.36"
::ffff:47.15.138.5 - - [20/Jul/2022:12:43:53 +0000] "GET /users/signup HTTP/1.1" 200 3355 "http://namastebuddies.in:8000/users/signin" "Mozilla/5.0 (Linux; Android 8.1.0; CPH1901) AppleWebKit/537.36 (KHTML, like Gecko) Chrome/102.0.0.0 Mobile Safari/537.36"
::ffff:47.15.138.5 - - [20/Jul/2022:12:44:31 +0000] "POST /users/create HTTP/1.1" 302 70 "http://namastebuddies.in:8000/users/signup" "Mozilla/5.0 (Linux; Android 8.1.0; CPH1901) AppleWebKit/537.36 (KHTML, like Gecko) Chrome/102.0.0.0 Mobile Safari/537.36"
::ffff:47.15.138.5 - - [20/Jul/2022:12:44:31 +0000] "GET /users/signin HTTP/1.1" 304 - "http://namastebuddies.in:8000/users/signup" "Mozilla/5.0 (Linux; Android 8.1.0; CPH1901) AppleWebKit/537.36 (KHTML, like Gecko) Chrome/102.0.0.0 Mobile Safari/537.36"
::ffff:47.15.138.5 - - [20/Jul/2022:12:45:09 +0000] "GET /users/signup HTTP/1.1" 304 - "http://namastebuddies.in:8000/users/signin" "Mozilla/5.0 (Linux; Android 8.1.0; CPH1901) AppleWebKit/537.36 (KHTML, like Gecko) Chrome/102.0.0.0 Mobile Safari/537.36"
::ffff:47.15.138.5 - - [20/Jul/2022:12:45:56 +0000] "POST /users/create HTTP/1.1" 302 70 "http://namastebuddies.in:8000/users/signup" "Mozilla/5.0 (Linux; Android 8.1.0; CPH1901) AppleWebKit/537.36 (KHTML, like Gecko) Chrome/102.0.0.0 Mobile Safari/537.36"
::ffff:47.15.138.5 - - [20/Jul/2022:12:45:56 +0000] "GET /users/signin HTTP/1.1" 304 - "http://namastebuddies.in:8000/users/signup" "Mozilla/5.0 (Linux; Android 8.1.0; CPH1901) AppleWebKit/537.36 (KHTML, like Gecko) Chrome/102.0.0.0 Mobile Safari/537.36"
::ffff:47.15.138.5 - - [20/Jul/2022:12:46:05 +0000] "POST /users/create-session HTTP/1.1" 302 46 "http://namastebuddies.in:8000/users/signin" "Mozilla/5.0 (Linux; Android 8.1.0; CPH1901) AppleWebKit/537.36 (KHTML, like Gecko) Chrome/102.0.0.0 Mobile Safari/537.36"
::ffff:47.15.138.5 - - [20/Jul/2022:12:46:08 +0000] "GET / HTTP/1.1" 200 266505 "http://namastebuddies.in:8000/users/signin" "Mozilla/5.0 (Linux; Android 8.1.0; CPH1901) AppleWebKit/537.36 (KHTML, like Gecko) Chrome/102.0.0.0 Mobile Safari/537.36"
::ffff:47.15.138.5 - - [20/Jul/2022:12:46:23 +0000] "GET /users/profile/62d7f9044e092f5d789ac927 HTTP/1.1" 200 100297 "http://namastebuddies.in:8000/" "Mozilla/5.0 (Linux; Android 8.1.0; CPH1901) AppleWebKit/537.36 (KHTML, like Gecko) Chrome/102.0.0.0 Mobile Safari/537.36"
::ffff:47.15.138.5 - - [20/Jul/2022:12:46:29 +0000] "GET /users/signout HTTP/1.1" 302 46 "http://namastebuddies.in:8000/users/profile/62d7f9044e092f5d789ac927" "Mozilla/5.0 (Linux; Android 8.1.0; CPH1901) AppleWebKit/537.36 (KHTML, like Gecko) Chrome/102.0.0.0 Mobile Safari/537.36"
::ffff:47.15.138.5 - - [20/Jul/2022:12:46:29 +0000] "GET / HTTP/1.1" 302 70 "http://namastebuddies.in:8000/users/profile/62d7f9044e092f5d789ac927" "Mozilla/5.0 (Linux; Android 8.1.0; CPH1901) AppleWebKit/537.36 (KHTML, like Gecko) Chrome/102.0.0.0 Mobile Safari/537.36"
::ffff:47.15.138.5 - - [20/Jul/2022:12:46:30 +0000] "GET /users/signin HTTP/1.1" 304 - "http://namastebuddies.in:8000/users/profile/62d7f9044e092f5d789ac927" "Mozilla/5.0 (Linux; Android 8.1.0; CPH1901) AppleWebKit/537.36 (KHTML, like Gecko) Chrome/102.0.0.0 Mobile Safari/537.36"
::ffff:47.15.138.5 - - [20/Jul/2022:12:46:34 +0000] "GET /users/forgot-password/enter-mail HTTP/1.1" 304 - "http://namastebuddies.in:8000/users/signin" "Mozilla/5.0 (Linux; Android 8.1.0; CPH1901) AppleWebKit/537.36 (KHTML, like Gecko) Chrome/102.0.0.0 Mobile Safari/537.36"
::ffff:47.15.138.5 - - [20/Jul/2022:12:46:42 +0000] "POST /users/forgot-password/verify-mail HTTP/1.1" 200 1388 "http://namastebuddies.in:8000/users/forgot-password/enter-mail" "Mozilla/5.0 (Linux; Android 8.1.0; CPH1901) AppleWebKit/537.36 (KHTML, like Gecko) Chrome/102.0.0.0 Mobile Safari/537.36"
::ffff:47.15.138.5 - - [20/Jul/2022:12:47:22 +0000] "GET /users/signup HTTP/1.1" 304 - "http://namastebuddies.in:8000/users/signin" "Mozilla/5.0 (Linux; Android 8.1.0; CPH1901) AppleWebKit/537.36 (KHTML, like Gecko) Chrome/102.0.0.0 Mobile Safari/537.36"
::ffff:47.15.138.5 - - [20/Jul/2022:12:47:58 +0000] "POST /users/create HTTP/1.1" 302 70 "http://namastebuddies.in:8000/users/signup" "Mozilla/5.0 (Linux; Android 8.1.0; CPH1901) AppleWebKit/537.36 (KHTML, like Gecko) Chrome/102.0.0.0 Mobile Safari/537.36"
::ffff:47.15.138.5 - - [20/Jul/2022:12:47:59 +0000] "GET /users/signin HTTP/1.1" 304 - "http://namastebuddies.in:8000/users/signup" "Mozilla/5.0 (Linux; Android 8.1.0; CPH1901) AppleWebKit/537.36 (KHTML, like Gecko) Chrome/102.0.0.0 Mobile Safari/537.36"
::ffff:47.15.138.5 - - [20/Jul/2022:12:48:27 +0000] "POST /users/create-session HTTP/1.1" 302 46 "http://namastebuddies.in:8000/users/signin" "Mozilla/5.0 (Linux; Android 8.1.0; CPH1901) AppleWebKit/537.36 (KHTML, like Gecko) Chrome/102.0.0.0 Mobile Safari/537.36"
::ffff:47.15.138.5 - - [20/Jul/2022:12:48:28 +0000] "GET / HTTP/1.1" 200 267824 "http://namastebuddies.in:8000/users/signin" "Mozilla/5.0 (Linux; Android 8.1.0; CPH1901) AppleWebKit/537.36 (KHTML, like Gecko) Chrome/102.0.0.0 Mobile Safari/537.36"
::ffff:47.15.138.5 - - [20/Jul/2022:12:48:38 +0000] "GET /users/profile/62d7f97e4e092f5d789aca90 HTTP/1.1" 200 101622 "http://namastebuddies.in:8000/" "Mozilla/5.0 (Linux; Android 8.1.0; CPH1901) AppleWebKit/537.36 (KHTML, like Gecko) Chrome/102.0.0.0 Mobile Safari/537.36"
::ffff:47.15.138.5 - - [20/Jul/2022:12:48:42 +0000] "GET /users/signout HTTP/1.1" 302 46 "http://namastebuddies.in:8000/users/profile/62d7f97e4e092f5d789aca90" "Mozilla/5.0 (Linux; Android 8.1.0; CPH1901) AppleWebKit/537.36 (KHTML, like Gecko) Chrome/102.0.0.0 Mobile Safari/537.36"
::ffff:47.15.138.5 - - [20/Jul/2022:12:48:43 +0000] "GET / HTTP/1.1" 302 70 "http://namastebuddies.in:8000/users/profile/62d7f97e4e092f5d789aca90" "Mozilla/5.0 (Linux; Android 8.1.0; CPH1901) AppleWebKit/537.36 (KHTML, like Gecko) Chrome/102.0.0.0 Mobile Safari/537.36"
::ffff:47.15.138.5 - - [20/Jul/2022:12:48:44 +0000] "GET /users/signin HTTP/1.1" 304 - "http://namastebuddies.in:8000/users/profile/62d7f97e4e092f5d789aca90" "Mozilla/5.0 (Linux; Android 8.1.0; CPH1901) AppleWebKit/537.36 (KHTML, like Gecko) Chrome/102.0.0.0 Mobile Safari/537.36"
::ffff:47.15.138.5 - - [20/Jul/2022:12:48:46 +0000] "GET /users/forgot-password/enter-mail HTTP/1.1" 304 - "http://namastebuddies.in:8000/users/signin" "Mozilla/5.0 (Linux; Android 8.1.0; CPH1901) AppleWebKit/537.36 (KHTML, like Gecko) Chrome/102.0.0.0 Mobile Safari/537.36"
::ffff:47.15.138.5 - - [20/Jul/2022:12:48:52 +0000] "POST /users/forgot-password/verify-mail HTTP/1.1" 200 1388 "http://namastebuddies.in:8000/users/forgot-password/enter-mail" "Mozilla/5.0 (Linux; Android 8.1.0; CPH1901) AppleWebKit/537.36 (KHTML, like Gecko) Chrome/102.0.0.0 Mobile Safari/537.36"
::ffff:47.15.138.5 - - [20/Jul/2022:12:49:44 +0000] "POST /users/create-session HTTP/1.1" 302 46 "http://namastebuddies.in:8000/users/signin" "Mozilla/5.0 (Linux; Android 8.1.0; CPH1901) AppleWebKit/537.36 (KHTML, like Gecko) Chrome/102.0.0.0 Mobile Safari/537.36"
::ffff:47.15.138.5 - - [20/Jul/2022:12:49:46 +0000] "GET / HTTP/1.1" 200 267824 "http://namastebuddies.in:8000/users/signin" "Mozilla/5.0 (Linux; Android 8.1.0; CPH1901) AppleWebKit/537.36 (KHTML, like Gecko) Chrome/102.0.0.0 Mobile Safari/537.36"
::ffff:47.15.138.5 - - [20/Jul/2022:12:49:49 +0000] "GET /users/signin HTTP/1.1" 302 72 "http://namastebuddies.in:8000/users/profile/62d7f97e4e092f5d789aca90" "Mozilla/5.0 (Linux; Android 8.1.0; CPH1901) AppleWebKit/537.36 (KHTML, like Gecko) Chrome/102.0.0.0 Mobile Safari/537.36"
::ffff:47.15.138.5 - - [20/Jul/2022:12:49:49 +0000] "GET /users/profile HTTP/1.1" 404 152 "http://namastebuddies.in:8000/users/profile/62d7f97e4e092f5d789aca90" "Mozilla/5.0 (Linux; Android 8.1.0; CPH1901) AppleWebKit/537.36 (KHTML, like Gecko) Chrome/102.0.0.0 Mobile Safari/537.36"
::ffff:47.15.138.5 - - [20/Jul/2022:12:50:03 +0000] "GET /users/signout HTTP/1.1" 302 46 "http://namastebuddies.in:8000/users/profile/62d7f97e4e092f5d789aca90" "Mozilla/5.0 (Linux; Android 8.1.0; CPH1901) AppleWebKit/537.36 (KHTML, like Gecko) Chrome/102.0.0.0 Mobile Safari/537.36"
::ffff:47.15.138.5 - - [20/Jul/2022:12:50:03 +0000] "GET / HTTP/1.1" 302 70 "http://namastebuddies.in:8000/users/profile/62d7f97e4e092f5d789aca90" "Mozilla/5.0 (Linux; Android 8.1.0; CPH1901) AppleWebKit/537.36 (KHTML, like Gecko) Chrome/102.0.0.0 Mobile Safari/537.36"
::ffff:47.15.138.5 - - [20/Jul/2022:12:50:04 +0000] "GET /users/signin HTTP/1.1" 200 2817 "http://namastebuddies.in:8000/users/profile/62d7f97e4e092f5d789aca90" "Mozilla/5.0 (Linux; Android 8.1.0; CPH1901) AppleWebKit/537.36 (KHTML, like Gecko) Chrome/102.0.0.0 Mobile Safari/537.36"
::ffff:47.15.138.5 - - [20/Jul/2022:12:50:18 +0000] "GET /users/forgot-password/enter-mail HTTP/1.1" 304 - "http://namastebuddies.in:8000/users/signin" "Mozilla/5.0 (Linux; Android 8.1.0; CPH1901) AppleWebKit/537.36 (KHTML, like Gecko) Chrome/102.0.0.0 Mobile Safari/537.36"
::ffff:47.15.138.5 - - [20/Jul/2022:12:50:24 +0000] "POST /users/forgot-password/verify-mail HTTP/1.1" 200 1388 "http://namastebuddies.in:8000/users/forgot-password/enter-mail" "Mozilla/5.0 (Linux; Android 8.1.0; CPH1901) AppleWebKit/537.36 (KHTML, like Gecko) Chrome/102.0.0.0 Mobile Safari/537.36"
::ffff:47.15.138.5 - - [20/Jul/2022:12:50:45 +0000] "GET /users/forgot-password/enter-mail HTTP/1.1" 304 - "http://namastebuddies.in:8000/users/signin" "Mozilla/5.0 (Linux; Android 8.1.0; CPH1901) AppleWebKit/537.36 (KHTML, like Gecko) Chrome/102.0.0.0 Mobile Safari/537.36"
::ffff:47.15.138.5 - - [20/Jul/2022:12:50:53 +0000] "POST /users/forgot-password/verify-mail HTTP/1.1" 200 1388 "http://namastebuddies.in:8000/users/forgot-password/enter-mail" "Mozilla/5.0 (Linux; Android 8.1.0; CPH1901) AppleWebKit/537.36 (KHTML, like Gecko) Chrome/102.0.0.0 Mobile Safari/537.36"
::ffff:162.142.125.210 - - [20/Jul/2022:13:50:47 +0000] "GET / HTTP/1.1" 302 35 "-" "-"
::ffff:162.142.125.210 - - [20/Jul/2022:13:50:47 +0000] "GET / HTTP/1.1" 302 35 "-" "Mozilla/5.0 (compatible; CensysInspect/1.1; +https://about.censys.io/)"
::ffff:162.142.125.210 - - [20/Jul/2022:13:50:47 +0000] "PRI * HTTP/2.0" - - "-" "-"
::ffff:162.142.125.210 - - [20/Jul/2022:13:50:47 +0000] "GET /users/signin HTTP/1.1" 200 2817 "-" "Mozilla/5.0 (compatible; CensysInspect/1.1; +https://about.censys.io/)"
::ffff:162.142.125.210 - - [20/Jul/2022:13:50:47 +0000] "PRI * HTTP/2.0" - - "-" "-"
::ffff:45.148.10.81 - - [20/Jul/2022:15:00:45 +0000] "GET http://example.com/ HTTP/1.1" 302 35 "-" "Go-http-client/1.1"
::ffff:45.148.10.81 - - [20/Jul/2022:15:00:46 +0000] "GET http://example.com/users/signin HTTP/1.1" 200 2817 "http://example.com" "Go-http-client/1.1"
::ffff:180.149.125.166 - - [20/Jul/2022:15:10:05 +0000] "GET /c/ HTTP/1.1" 404 141 "-" "Mozilla/5.0 (Windows NT 5.1; Win64; x64) AppleWebKit/537.36 (KHTML, like Gecko) Chrome/60.0.3112.90 Safari/537.36"
::ffff:162.142.125.8 - - [20/Jul/2022:17:02:26 +0000] "GET / HTTP/1.1" 302 35 "-" "-"
::ffff:162.142.125.8 - - [20/Jul/2022:17:02:26 +0000] "GET / HTTP/1.1" 302 35 "-" "Mozilla/5.0 (compatible; CensysInspect/1.1; +https://about.censys.io/)"
::ffff:162.142.125.8 - - [20/Jul/2022:17:02:26 +0000] "PRI * HTTP/2.0" - - "-" "-"
::ffff:162.142.125.8 - - [20/Jul/2022:17:02:26 +0000] "GET /users/signin HTTP/1.1" 200 2817 "-" "Mozilla/5.0 (compatible; CensysInspect/1.1; +https://about.censys.io/)"
::ffff:162.142.125.8 - - [20/Jul/2022:17:02:26 +0000] "PRI * HTTP/2.0" - - "-" "-"
::ffff:154.89.5.78 - - [20/Jul/2022:17:37:17 +0000] "GET / HTTP/1.0" 302 35 "-" "-"
::ffff:178.32.197.82 - - [20/Jul/2022:17:41:00 +0000] "GET / HTTP/1.1" 302 70 "-" "Mozilla/5.0 (X11; Ubuntu; Linux x86_64; rv:58.0) Gecko/20100101 Firefox/58.0"
::ffff:188.165.87.96 - - [20/Jul/2022:18:43:25 +0000] "GET /users/signin HTTP/1.1" 200 2817 "-" "Mozilla/5.0 (X11; Ubuntu; Linux x86_64; rv:58.0) Gecko/20100101 Firefox/58.0"
::ffff:188.165.87.103 - - [20/Jul/2022:18:45:15 +0000] "GET /favicon.ico HTTP/1.1" 404 150 "-" "Mozilla/5.0 (X11; Ubuntu; Linux x86_64; rv:58.0) Gecko/20100101 Firefox/58.0"
::ffff:139.59.183.38 - - [20/Jul/2022:18:59:35 +0000] "GET / HTTP/1.1" 302 35 "-" "Mozilla/5.0 zgrab/0.x"
::ffff:167.94.138.44 - - [20/Jul/2022:22:20:12 +0000] "GET / HTTP/1.1" 302 35 "-" "-"
::ffff:167.94.138.44 - - [20/Jul/2022:22:20:12 +0000] "GET / HTTP/1.1" 302 35 "-" "Mozilla/5.0 (compatible; CensysInspect/1.1; +https://about.censys.io/)"
::ffff:167.94.138.44 - - [20/Jul/2022:22:20:12 +0000] "PRI * HTTP/2.0" - - "-" "-"
::ffff:167.94.138.44 - - [20/Jul/2022:22:20:12 +0000] "GET /users/signin HTTP/1.1" 200 2817 "-" "Mozilla/5.0 (compatible; CensysInspect/1.1; +https://about.censys.io/)"
::ffff:167.94.138.44 - - [20/Jul/2022:22:20:12 +0000] "PRI * HTTP/2.0" - - "-" "-"
::ffff:143.198.38.170 - - [20/Jul/2022:22:34:03 +0000] "HEAD / HTTP/1.0" 302 35 "-" "-"
::ffff:143.198.38.170 - - [20/Jul/2022:22:34:03 +0000] "HEAD / HTTP/1.0" 302 35 "-" "-"
::ffff:143.198.38.170 - - [20/Jul/2022:22:34:04 +0000] "GET /system_api.php HTTP/1.1" 404 153 "-" "Mozilla/5.0 (Windows NT 10.0; Win64; x64) AppleWebKit/537.36 (KHTML, like Gecko) Chrome/74.0.3729.169 Safari/537.36"
::ffff:143.198.38.170 - - [20/Jul/2022:22:34:04 +0000] "GET /system_api.php HTTP/1.1" 404 153 "-" "Mozilla/5.0 (Windows NT 10.0; Win64; x64) AppleWebKit/537.36 (KHTML, like Gecko) Chrome/74.0.3729.169 Safari/537.36"
::ffff:143.198.38.170 - - [20/Jul/2022:22:34:04 +0000] "GET /c/version.js HTTP/1.1" 404 151 "-" "Mozilla/5.0 (Windows NT 10.0; Win64; x64) AppleWebKit/537.36 (KHTML, like Gecko) Chrome/74.0.3729.169 Safari/537.36"
