::ffff:49.42.64.172 - - [19/Mar/2022:02:57:45 +0000] "GET / HTTP/1.1" 200 76535 "http://50.19.145.241.nip.io:8000/" "Mozilla/5.0 (Windows NT 10.0; Win64; x64) AppleWebKit/537.36 (KHTML, like Gecko) Chrome/99.0.4844.51 Safari/537.36"
::ffff:49.42.64.172 - - [19/Mar/2022:02:58:15 +0000] "GET /likes/toggle/?likeableId=6234e5934e092f5d7899477f&type=Post&reaction=namaste HTTP/1.1" 200 110 "http://50.19.145.241.nip.io:8000/" "Mozilla/5.0 (Windows NT 10.0; Win64; x64) AppleWebKit/537.36 (KHTML, like Gecko) Chrome/99.0.4844.51 Safari/537.36"
::ffff:49.42.64.172 - - [19/Mar/2022:02:58:35 +0000] "GET /users/sessionCheck HTTP/1.1" 304 - "http://50.19.145.241.nip.io:8000/" "Mozilla/5.0 (Windows NT 10.0; Win64; x64) AppleWebKit/537.36 (KHTML, like Gecko) Chrome/99.0.4844.51 Safari/537.36"
::ffff:23.95.100.141 - - [19/Mar/2022:04:39:08 +0000] "HEAD / HTTP/1.0" 302 35 "-" "-"
::ffff:64.62.197.92 - - [19/Mar/2022:04:55:09 +0000] "GET / HTTP/1.1" 302 35 "-" "-"
::ffff:49.42.64.172 - - [19/Mar/2022:05:02:15 +0000] "GET / HTTP/1.1" 302 35 "-" "WhatsApp/2.22.3.77 A"
::ffff:49.42.64.172 - - [19/Mar/2022:05:02:16 +0000] "GET /users/signin HTTP/1.1" 200 2817 "-" "WhatsApp/2.22.3.77 A"
::ffff:223.178.209.206 - - [19/Mar/2022:05:13:20 +0000] "GET / HTTP/1.1" 302 70 "-" "Mozilla/5.0 (Linux; Android 11; RMX3381) AppleWebKit/537.36 (KHTML, like Gecko) Chrome/99.0.4844.58 Mobile Safari/537.36"
::ffff:223.178.209.206 - - [19/Mar/2022:05:13:20 +0000] "GET /users/signin HTTP/1.1" 200 2817 "-" "Mozilla/5.0 (Linux; Android 11; RMX3381) AppleWebKit/537.36 (KHTML, like Gecko) Chrome/99.0.4844.58 Mobile Safari/537.36"
::ffff:223.178.209.206 - - [19/Mar/2022:05:13:23 +0000] "GET /favicon.ico HTTP/1.1" 404 150 "http://50.19.145.241.nip.io:8000/users/signin" "Mozilla/5.0 (Linux; Android 11; RMX3381) AppleWebKit/537.36 (KHTML, like Gecko) Chrome/99.0.4844.58 Mobile Safari/537.36"
::ffff:223.178.209.206 - - [19/Mar/2022:05:13:30 +0000] "POST /users/create-session HTTP/1.1" 302 70 "http://50.19.145.241.nip.io:8000/users/signin" "Mozilla/5.0 (Linux; Android 11; RMX3381) AppleWebKit/537.36 (KHTML, like Gecko) Chrome/99.0.4844.58 Mobile Safari/537.36"
::ffff:223.178.209.206 - - [19/Mar/2022:05:13:30 +0000] "GET /users/signin HTTP/1.1" 304 - "http://50.19.145.241.nip.io:8000/users/signin" "Mozilla/5.0 (Linux; Android 11; RMX3381) AppleWebKit/537.36 (KHTML, like Gecko) Chrome/99.0.4844.58 Mobile Safari/537.36"
::ffff:223.178.209.206 - - [19/Mar/2022:05:13:35 +0000] "GET /users/signup HTTP/1.1" 200 3355 "http://50.19.145.241.nip.io:8000/users/signin" "Mozilla/5.0 (Linux; Android 11; RMX3381) AppleWebKit/537.36 (KHTML, like Gecko) Chrome/99.0.4844.58 Mobile Safari/537.36"
::ffff:117.234.52.94 - - [19/Mar/2022:05:13:49 +0000] "GET / HTTP/1.1" 302 70 "-" "Mozilla/5.0 (Linux; Android 10; V2027; wv) AppleWebKit/537.36 (KHTML, like Gecko) Version/4.0 Chrome/87.0.4280.141 Mobile Safari/537.36 VivoBrowser/7.15.0.2"
::ffff:117.234.52.94 - - [19/Mar/2022:05:13:49 +0000] "GET /users/signin HTTP/1.1" 200 2817 "-" "Mozilla/5.0 (Linux; Android 10; V2027; wv) AppleWebKit/537.36 (KHTML, like Gecko) Version/4.0 Chrome/87.0.4280.141 Mobile Safari/537.36 VivoBrowser/7.15.0.2"
::ffff:117.234.52.94 - - [19/Mar/2022:05:13:53 +0000] "GET /favicon.ico HTTP/1.1" 404 150 "http://50.19.145.241.nip.io:8000/users/signin" "Mozilla/5.0 (Linux; Android 10; V2027; wv) AppleWebKit/537.36 (KHTML, like Gecko) Version/4.0 Chrome/87.0.4280.141 Mobile Safari/537.36 VivoBrowser/7.15.0.2"
::ffff:223.178.209.206 - - [19/Mar/2022:05:14:10 +0000] "POST /users/create HTTP/1.1" 302 70 "http://50.19.145.241.nip.io:8000/users/signup" "Mozilla/5.0 (Linux; Android 11; RMX3381) AppleWebKit/537.36 (KHTML, like Gecko) Chrome/99.0.4844.58 Mobile Safari/537.36"
::ffff:223.178.209.206 - - [19/Mar/2022:05:14:11 +0000] "GET /users/signin HTTP/1.1" 304 - "http://50.19.145.241.nip.io:8000/users/signup" "Mozilla/5.0 (Linux; Android 11; RMX3381) AppleWebKit/537.36 (KHTML, like Gecko) Chrome/99.0.4844.58 Mobile Safari/537.36"
::ffff:47.9.118.29 - - [19/Mar/2022:05:17:27 +0000] "GET / HTTP/1.1" 302 70 "-" "Mozilla/5.0 (Linux; Android 11; RMX2189) AppleWebKit/537.36 (KHTML, like Gecko) Chrome/94.0.4606.85 Mobile Safari/537.36"
::ffff:47.9.118.29 - - [19/Mar/2022:05:17:28 +0000] "GET /users/signin HTTP/1.1" 200 2817 "-" "Mozilla/5.0 (Linux; Android 11; RMX2189) AppleWebKit/537.36 (KHTML, like Gecko) Chrome/94.0.4606.85 Mobile Safari/537.36"
::ffff:47.9.118.29 - - [19/Mar/2022:05:17:32 +0000] "GET /favicon.ico HTTP/1.1" 404 150 "http://50.19.145.241.nip.io:8000/users/signin" "Mozilla/5.0 (Linux; Android 11; RMX2189) AppleWebKit/537.36 (KHTML, like Gecko) Chrome/94.0.4606.85 Mobile Safari/537.36"
::ffff:47.9.130.250 - - [19/Mar/2022:05:23:39 +0000] "GET / HTTP/1.1" 302 70 "-" "Mozilla/5.0 (Linux; Android 11; RMX2189) AppleWebKit/537.36 (KHTML, like Gecko) Chrome/94.0.4606.85 Mobile Safari/537.36"
::ffff:47.9.130.250 - - [19/Mar/2022:05:23:39 +0000] "GET /users/signin HTTP/1.1" 304 - "-" "Mozilla/5.0 (Linux; Android 11; RMX2189) AppleWebKit/537.36 (KHTML, like Gecko) Chrome/94.0.4606.85 Mobile Safari/537.36"
::ffff:47.9.130.250 - - [19/Mar/2022:05:23:42 +0000] "GET /favicon.ico HTTP/1.1" 404 150 "http://50.19.145.241.nip.io:8000/users/signin" "Mozilla/5.0 (Linux; Android 11; RMX2189) AppleWebKit/537.36 (KHTML, like Gecko) Chrome/94.0.4606.85 Mobile Safari/537.36"
::ffff:47.9.130.250 - - [19/Mar/2022:05:23:52 +0000] "GET /users/signup HTTP/1.1" 200 3355 "http://50.19.145.241.nip.io:8000/users/signin" "Mozilla/5.0 (Linux; Android 11; RMX2189) AppleWebKit/537.36 (KHTML, like Gecko) Chrome/94.0.4606.85 Mobile Safari/537.36"
::ffff:14.139.196.13 - - [19/Mar/2022:05:24:05 +0000] "GET / HTTP/1.1" 302 70 "-" "Mozilla/5.0 (Linux; Android 11; RMX3360) AppleWebKit/537.36 (KHTML, like Gecko) Chrome/99.0.4844.73 Mobile Safari/537.36"
::ffff:14.139.196.13 - - [19/Mar/2022:05:24:06 +0000] "GET /users/signin HTTP/1.1" 200 2817 "-" "Mozilla/5.0 (Linux; Android 11; RMX3360) AppleWebKit/537.36 (KHTML, like Gecko) Chrome/99.0.4844.73 Mobile Safari/537.36"
::ffff:14.139.196.13 - - [19/Mar/2022:05:24:09 +0000] "GET /favicon.ico HTTP/1.1" 404 150 "http://50.19.145.241.nip.io:8000/users/signin" "Mozilla/5.0 (Linux; Android 11; RMX3360) AppleWebKit/537.36 (KHTML, like Gecko) Chrome/99.0.4844.73 Mobile Safari/537.36"
::ffff:14.139.196.13 - - [19/Mar/2022:05:24:23 +0000] "POST /users/create-session HTTP/1.1" 302 70 "http://50.19.145.241.nip.io:8000/users/signin" "Mozilla/5.0 (Linux; Android 11; RMX3360) AppleWebKit/537.36 (KHTML, like Gecko) Chrome/99.0.4844.73 Mobile Safari/537.36"
::ffff:14.139.196.13 - - [19/Mar/2022:05:24:24 +0000] "GET /users/signin HTTP/1.1" 304 - "http://50.19.145.241.nip.io:8000/users/signin" "Mozilla/5.0 (Linux; Android 11; RMX3360) AppleWebKit/537.36 (KHTML, like Gecko) Chrome/99.0.4844.73 Mobile Safari/537.36"
::ffff:47.9.130.250 - - [19/Mar/2022:05:24:46 +0000] "POST /users/create HTTP/1.1" 302 70 "http://50.19.145.241.nip.io:8000/users/signup" "Mozilla/5.0 (Linux; Android 11; RMX2189) AppleWebKit/537.36 (KHTML, like Gecko) Chrome/94.0.4606.85 Mobile Safari/537.36"
::ffff:47.9.130.250 - - [19/Mar/2022:05:24:46 +0000] "GET /users/signin HTTP/1.1" 304 - "http://50.19.145.241.nip.io:8000/users/signup" "Mozilla/5.0 (Linux; Android 11; RMX2189) AppleWebKit/537.36 (KHTML, like Gecko) Chrome/94.0.4606.85 Mobile Safari/537.36"
::ffff:47.9.130.250 - - [19/Mar/2022:05:25:00 +0000] "POST /users/create-session HTTP/1.1" 302 46 "http://50.19.145.241.nip.io:8000/users/signin" "Mozilla/5.0 (Linux; Android 11; RMX2189) AppleWebKit/537.36 (KHTML, like Gecko) Chrome/94.0.4606.85 Mobile Safari/537.36"
::ffff:47.9.130.250 - - [19/Mar/2022:05:25:01 +0000] "GET / HTTP/1.1" 200 76911 "http://50.19.145.241.nip.io:8000/users/signin" "Mozilla/5.0 (Linux; Android 11; RMX2189) AppleWebKit/537.36 (KHTML, like Gecko) Chrome/94.0.4606.85 Mobile Safari/537.36"
::ffff:47.9.130.250 - - [19/Mar/2022:05:26:04 +0000] "GET / HTTP/1.1" 304 - "http://50.19.145.241.nip.io:8000/" "Mozilla/5.0 (Linux; Android 11; RMX2189) AppleWebKit/537.36 (KHTML, like Gecko) Chrome/94.0.4606.85 Mobile Safari/537.36"
::ffff:47.9.130.250 - - [19/Mar/2022:05:26:12 +0000] "GET /users/sessionCheck HTTP/1.1" 200 26 "http://50.19.145.241.nip.io:8000/" "Mozilla/5.0 (Linux; Android 11; RMX2189) AppleWebKit/537.36 (KHTML, like Gecko) Chrome/94.0.4606.85 Mobile Safari/537.36"
::ffff:47.9.130.250 - - [19/Mar/2022:05:29:30 +0000] "GET /users/sessionCheck HTTP/1.1" 304 - "http://50.19.145.241.nip.io:8000/" "Mozilla/5.0 (Linux; Android 11; RMX2189) AppleWebKit/537.36 (KHTML, like Gecko) Chrome/94.0.4606.85 Mobile Safari/537.36"
::ffff:49.42.64.172 - - [19/Mar/2022:05:30:40 +0000] "GET / HTTP/1.1" 200 78967 "-" "Mozilla/5.0 (Linux; Android 8.1.0; CPH1901) AppleWebKit/537.36 (KHTML, like Gecko) Chrome/98.0.4758.87 Mobile Safari/537.36"
::ffff:49.42.64.172 - - [19/Mar/2022:05:30:51 +0000] "GET /users/findFriends HTTP/1.1" 200 7471 "http://50.19.145.241.nip.io:8000/" "Mozilla/5.0 (Linux; Android 8.1.0; CPH1901) AppleWebKit/537.36 (KHTML, like Gecko) Chrome/98.0.4758.87 Mobile Safari/537.36"
::ffff:49.42.64.172 - - [19/Mar/2022:05:30:57 +0000] "GET /favicon.ico HTTP/1.1" 404 150 "http://50.19.145.241.nip.io:8000/users/findFriends" "Mozilla/5.0 (Linux; Android 8.1.0; CPH1901) AppleWebKit/537.36 (KHTML, like Gecko) Chrome/98.0.4758.87 Mobile Safari/537.36"
::ffff:49.42.64.172 - - [19/Mar/2022:05:31:10 +0000] "GET /users/profile/623566a24e092f5d78994910 HTTP/1.1" 200 20207 "http://50.19.145.241.nip.io:8000/users/findFriends" "Mozilla/5.0 (Linux; Android 8.1.0; CPH1901) AppleWebKit/537.36 (KHTML, like Gecko) Chrome/98.0.4758.87 Mobile Safari/537.36"
::ffff:49.42.64.172 - - [19/Mar/2022:05:31:29 +0000] "GET / HTTP/1.1" 304 - "http://50.19.145.241.nip.io:8000/users/profile/623566a24e092f5d78994910" "Mozilla/5.0 (Linux; Android 8.1.0; CPH1901) AppleWebKit/537.36 (KHTML, like Gecko) Chrome/98.0.4758.87 Mobile Safari/537.36"
::ffff:14.139.196.13 - - [19/Mar/2022:05:31:42 +0000] "POST /users/create-session HTTP/1.1" 302 70 "http://50.19.145.241.nip.io:8000/users/signin" "Mozilla/5.0 (Linux; Android 11; RMX3360) AppleWebKit/537.36 (KHTML, like Gecko) Chrome/99.0.4844.73 Mobile Safari/537.36"
::ffff:14.139.196.13 - - [19/Mar/2022:05:31:42 +0000] "GET /users/signin HTTP/1.1" 304 - "http://50.19.145.241.nip.io:8000/users/signin" "Mozilla/5.0 (Linux; Android 11; RMX3360) AppleWebKit/537.36 (KHTML, like Gecko) Chrome/99.0.4844.73 Mobile Safari/537.36"
::ffff:14.139.196.13 - - [19/Mar/2022:05:31:48 +0000] "GET /users/auth/google HTTP/1.1" 302 0 "http://50.19.145.241.nip.io:8000/users/signin" "Mozilla/5.0 (Linux; Android 11; RMX3360) AppleWebKit/537.36 (KHTML, like Gecko) Chrome/99.0.4844.73 Mobile Safari/537.36"
::ffff:14.139.196.13 - - [19/Mar/2022:05:31:52 +0000] "GET /users/auth/google/callback?code=4%2F0AX4XfWjcY7-F92D5uDFpR5GJFpEX0OAryyDJFY1H7-Qqslmsdi0pUwcdcypaq7ghMD6R6A&scope=email+profile+https%3A%2F%2Fwww.googleapis.com%2Fauth%2Fuserinfo.profile+https%3A%2F%2Fwww.googleapis.com%2Fauth%2Fuserinfo.email+openid&authuser=0&prompt=consent HTTP/1.1" 302 46 "-" "Mozilla/5.0 (Linux; Android 11; RMX3360) AppleWebKit/537.36 (KHTML, like Gecko) Chrome/99.0.4844.73 Mobile Safari/537.36"
::ffff:14.139.196.13 - - [19/Mar/2022:05:31:53 +0000] "GET / HTTP/1.1" 200 78247 "-" "Mozilla/5.0 (Linux; Android 11; RMX3360) AppleWebKit/537.36 (KHTML, like Gecko) Chrome/99.0.4844.73 Mobile Safari/537.36"
::ffff:49.42.64.172 - - [19/Mar/2022:05:31:54 +0000] "GET /users/sessionCheck HTTP/1.1" 304 - "http://50.19.145.241.nip.io:8000/" "Mozilla/5.0 (Linux; Android 8.1.0; CPH1901) AppleWebKit/537.36 (KHTML, like Gecko) Chrome/98.0.4758.87 Mobile Safari/537.36"
::ffff:112.79.231.230 - - [19/Mar/2022:05:32:03 +0000] "GET / HTTP/1.1" 302 70 "-" "Mozilla/5.0 (Linux; Android 10; CPH1933) AppleWebKit/537.36 (KHTML, like Gecko) Chrome/99.0.4844.58 Mobile Safari/537.36"
::ffff:112.79.231.230 - - [19/Mar/2022:05:32:04 +0000] "GET /users/signin HTTP/1.1" 200 2817 "-" "Mozilla/5.0 (Linux; Android 10; CPH1933) AppleWebKit/537.36 (KHTML, like Gecko) Chrome/99.0.4844.58 Mobile Safari/537.36"
::ffff:112.79.231.230 - - [19/Mar/2022:05:32:08 +0000] "GET /favicon.ico HTTP/1.1" 404 150 "http://50.19.145.241.nip.io:8000/users/signin" "Mozilla/5.0 (Linux; Android 10; CPH1933) AppleWebKit/537.36 (KHTML, like Gecko) Chrome/99.0.4844.58 Mobile Safari/537.36"
::ffff:14.139.196.13 - - [19/Mar/2022:05:32:12 +0000] "GET /likes/toggle/?likeableId=623469724e092f5d7899438e&type=Post&reaction=like HTTP/1.1" 200 110 "http://50.19.145.241.nip.io:8000/" "Mozilla/5.0 (Linux; Android 11; RMX3360) AppleWebKit/537.36 (KHTML, like Gecko) Chrome/99.0.4844.73 Mobile Safari/537.36"
::ffff:14.139.196.13 - - [19/Mar/2022:05:32:21 +0000] "GET /likes/toggle/?likeableId=623362214e092f5d78993bc2&type=Post&reaction=like HTTP/1.1" 200 110 "http://50.19.145.241.nip.io:8000/" "Mozilla/5.0 (Linux; Android 11; RMX3360) AppleWebKit/537.36 (KHTML, like Gecko) Chrome/99.0.4844.73 Mobile Safari/537.36"
::ffff:14.139.196.13 - - [19/Mar/2022:05:32:21 +0000] "GET /likes/toggle/?likeableId=623362214e092f5d78993bc2&type=Post&reaction=like HTTP/1.1" 304 - "http://50.19.145.241.nip.io:8000/" "Mozilla/5.0 (Linux; Android 11; RMX3360) AppleWebKit/537.36 (KHTML, like Gecko) Chrome/99.0.4844.73 Mobile Safari/537.36"
::ffff:47.9.130.250 - - [19/Mar/2022:05:32:32 +0000] "GET /posts/upload/2 HTTP/1.1" 200 21 "http://50.19.145.241.nip.io:8000/" "Mozilla/5.0 (Linux; Android 11; RMX2189) AppleWebKit/537.36 (KHTML, like Gecko) Chrome/94.0.4606.85 Mobile Safari/537.36"
::ffff:47.9.130.250 - - [19/Mar/2022:05:32:33 +0000] "POST /posts/create HTTP/1.1" 302 110 "http://50.19.145.241.nip.io:8000/" "Mozilla/5.0 (Linux; Android 11; RMX2189) AppleWebKit/537.36 (KHTML, like Gecko) Chrome/94.0.4606.85 Mobile Safari/537.36"
::ffff:47.9.130.250 - - [19/Mar/2022:05:32:34 +0000] "GET / HTTP/1.1" 200 78381 "http://50.19.145.241.nip.io:8000/" "Mozilla/5.0 (Linux; Android 11; RMX2189) AppleWebKit/537.36 (KHTML, like Gecko) Chrome/94.0.4606.85 Mobile Safari/537.36"
::ffff:14.139.196.13 - - [19/Mar/2022:05:32:36 +0000] "GET /users/sessionCheck HTTP/1.1" 200 26 "http://50.19.145.241.nip.io:8000/" "Mozilla/5.0 (Linux; Android 11; RMX3360) AppleWebKit/537.36 (KHTML, like Gecko) Chrome/99.0.4844.73 Mobile Safari/537.36"
::ffff:112.79.231.230 - - [19/Mar/2022:05:32:55 +0000] "GET / HTTP/1.1" 302 70 "-" "Mozilla/5.0 (Linux; Android 10; CPH1933) AppleWebKit/537.36 (KHTML, like Gecko) Chrome/99.0.4844.58 Mobile Safari/537.36"
::ffff:112.79.231.230 - - [19/Mar/2022:05:32:56 +0000] "GET /users/signin HTTP/1.1" 304 - "-" "Mozilla/5.0 (Linux; Android 10; CPH1933) AppleWebKit/537.36 (KHTML, like Gecko) Chrome/99.0.4844.58 Mobile Safari/537.36"
::ffff:112.79.231.230 - - [19/Mar/2022:05:32:58 +0000] "GET /favicon.ico HTTP/1.1" 404 150 "http://50.19.145.241.nip.io:8000/users/signin" "Mozilla/5.0 (Linux; Android 10; CPH1933) AppleWebKit/537.36 (KHTML, like Gecko) Chrome/99.0.4844.58 Mobile Safari/537.36"
::ffff:112.79.231.230 - - [19/Mar/2022:05:33:08 +0000] "GET /users/signup HTTP/1.1" 200 3355 "http://50.19.145.241.nip.io:8000/users/signin" "Mozilla/5.0 (Linux; Android 10; CPH1933) AppleWebKit/537.36 (KHTML, like Gecko) Chrome/99.0.4844.58 Mobile Safari/537.36"
::ffff:47.9.130.250 - - [19/Mar/2022:05:33:11 +0000] "GET /likes/toggle/?likeableId=6234623d4e092f5d789941ba&type=Post&reaction=like HTTP/1.1" 200 110 "http://50.19.145.241.nip.io:8000/" "Mozilla/5.0 (Linux; Android 11; RMX2189) AppleWebKit/537.36 (KHTML, like Gecko) Chrome/94.0.4606.85 Mobile Safari/537.36"
::ffff:47.9.130.250 - - [19/Mar/2022:05:33:15 +0000] "GET /likes/toggle/?likeableId=623460764e092f5d7899414f&type=Post&reaction=like HTTP/1.1" 200 110 "http://50.19.145.241.nip.io:8000/" "Mozilla/5.0 (Linux; Android 11; RMX2189) AppleWebKit/537.36 (KHTML, like Gecko) Chrome/94.0.4606.85 Mobile Safari/537.36"
::ffff:47.9.130.250 - - [19/Mar/2022:05:33:16 +0000] "GET /likes/toggle/?likeableId=623460764e092f5d7899414f&type=Post&reaction=like HTTP/1.1" 304 - "http://50.19.145.241.nip.io:8000/" "Mozilla/5.0 (Linux; Android 11; RMX2189) AppleWebKit/537.36 (KHTML, like Gecko) Chrome/94.0.4606.85 Mobile Safari/537.36"
::ffff:47.9.130.250 - - [19/Mar/2022:05:33:18 +0000] "GET /likes/toggle/?likeableId=623469724e092f5d7899438e&type=Post&reaction=like HTTP/1.1" 200 110 "http://50.19.145.241.nip.io:8000/" "Mozilla/5.0 (Linux; Android 11; RMX2189) AppleWebKit/537.36 (KHTML, like Gecko) Chrome/94.0.4606.85 Mobile Safari/537.36"
::ffff:47.9.130.250 - - [19/Mar/2022:05:33:19 +0000] "GET /likes/toggle/?likeableId=623469724e092f5d7899438e&type=Post&reaction=like HTTP/1.1" 304 - "http://50.19.145.241.nip.io:8000/" "Mozilla/5.0 (Linux; Android 11; RMX2189) AppleWebKit/537.36 (KHTML, like Gecko) Chrome/94.0.4606.85 Mobile Safari/537.36"
::ffff:47.9.130.250 - - [19/Mar/2022:05:33:19 +0000] "GET /likes/toggle/?likeableId=623469724e092f5d7899438e&type=Post&reaction=like HTTP/1.1" 304 - "http://50.19.145.241.nip.io:8000/" "Mozilla/5.0 (Linux; Android 11; RMX2189) AppleWebKit/537.36 (KHTML, like Gecko) Chrome/94.0.4606.85 Mobile Safari/537.36"
::ffff:47.9.130.250 - - [19/Mar/2022:05:33:21 +0000] "GET /likes/toggle/?likeableId=62346aba4e092f5d789944b0&type=Post&reaction=like HTTP/1.1" 200 110 "http://50.19.145.241.nip.io:8000/" "Mozilla/5.0 (Linux; Android 11; RMX2189) AppleWebKit/537.36 (KHTML, like Gecko) Chrome/94.0.4606.85 Mobile Safari/537.36"
::ffff:47.9.130.250 - - [19/Mar/2022:05:33:22 +0000] "GET /likes/toggle/?likeableId=62346aba4e092f5d789944b0&type=Post&reaction=like HTTP/1.1" 304 - "http://50.19.145.241.nip.io:8000/" "Mozilla/5.0 (Linux; Android 11; RMX2189) AppleWebKit/537.36 (KHTML, like Gecko) Chrome/94.0.4606.85 Mobile Safari/537.36"
::ffff:47.9.130.250 - - [19/Mar/2022:05:33:22 +0000] "GET /likes/toggle/?likeableId=62346aba4e092f5d789944b0&type=Post&reaction=like HTTP/1.1" 304 - "http://50.19.145.241.nip.io:8000/" "Mozilla/5.0 (Linux; Android 11; RMX2189) AppleWebKit/537.36 (KHTML, like Gecko) Chrome/94.0.4606.85 Mobile Safari/537.36"
::ffff:47.9.130.250 - - [19/Mar/2022:05:33:23 +0000] "GET /likes/toggle/?likeableId=62346aba4e092f5d789944b0&type=Post&reaction=like HTTP/1.1" 304 - "http://50.19.145.241.nip.io:8000/" "Mozilla/5.0 (Linux; Android 11; RMX2189) AppleWebKit/537.36 (KHTML, like Gecko) Chrome/94.0.4606.85 Mobile Safari/537.36"
::ffff:47.9.130.250 - - [19/Mar/2022:05:33:25 +0000] "GET /likes/toggle/?likeableId=6234e5934e092f5d7899477f&type=Post&reaction=like HTTP/1.1" 200 110 "http://50.19.145.241.nip.io:8000/" "Mozilla/5.0 (Linux; Android 11; RMX2189) AppleWebKit/537.36 (KHTML, like Gecko) Chrome/94.0.4606.85 Mobile Safari/537.36"
::ffff:47.9.130.250 - - [19/Mar/2022:05:33:25 +0000] "GET /likes/toggle/?likeableId=6234e5934e092f5d7899477f&type=Post&reaction=like HTTP/1.1" 304 - "http://50.19.145.241.nip.io:8000/" "Mozilla/5.0 (Linux; Android 11; RMX2189) AppleWebKit/537.36 (KHTML, like Gecko) Chrome/94.0.4606.85 Mobile Safari/537.36"
::ffff:47.9.130.250 - - [19/Mar/2022:05:33:26 +0000] "GET /likes/toggle/?likeableId=6234e5934e092f5d7899477f&type=Post&reaction=like HTTP/1.1" 304 - "http://50.19.145.241.nip.io:8000/" "Mozilla/5.0 (Linux; Android 11; RMX2189) AppleWebKit/537.36 (KHTML, like Gecko) Chrome/94.0.4606.85 Mobile Safari/537.36"
::ffff:47.9.130.250 - - [19/Mar/2022:05:33:26 +0000] "GET /likes/toggle/?likeableId=6234e5934e092f5d7899477f&type=Post&reaction=like HTTP/1.1" 304 - "http://50.19.145.241.nip.io:8000/" "Mozilla/5.0 (Linux; Android 11; RMX2189) AppleWebKit/537.36 (KHTML, like Gecko) Chrome/94.0.4606.85 Mobile Safari/537.36"
::ffff:49.42.64.172 - - [19/Mar/2022:05:33:26 +0000] "GET /users/friendAndGroups HTTP/1.1" 304 - "http://50.19.145.241.nip.io:8000/" "Mozilla/5.0 (Linux; Android 8.1.0; CPH1901) AppleWebKit/537.36 (KHTML, like Gecko) Chrome/98.0.4758.87 Mobile Safari/537.36"
::ffff:47.9.130.250 - - [19/Mar/2022:05:33:26 +0000] "GET /likes/toggle/?likeableId=6234e5934e092f5d7899477f&type=Post&reaction=like HTTP/1.1" 304 - "http://50.19.145.241.nip.io:8000/" "Mozilla/5.0 (Linux; Android 11; RMX2189) AppleWebKit/537.36 (KHTML, like Gecko) Chrome/94.0.4606.85 Mobile Safari/537.36"
::ffff:49.42.64.172 - - [19/Mar/2022:05:33:31 +0000] "GET /users/findFriends HTTP/1.1" 200 8208 "http://50.19.145.241.nip.io:8000/" "Mozilla/5.0 (Linux; Android 8.1.0; CPH1901) AppleWebKit/537.36 (KHTML, like Gecko) Chrome/98.0.4758.87 Mobile Safari/537.36"
::ffff:47.9.130.250 - - [19/Mar/2022:05:33:35 +0000] "GET /likes/toggle/?likeableId=62335d7f4e092f5d78993b26&type=Post&reaction=like HTTP/1.1" 200 110 "http://50.19.145.241.nip.io:8000/" "Mozilla/5.0 (Linux; Android 11; RMX2189) AppleWebKit/537.36 (KHTML, like Gecko) Chrome/94.0.4606.85 Mobile Safari/537.36"
::ffff:47.9.130.250 - - [19/Mar/2022:05:33:36 +0000] "GET /likes/toggle/?likeableId=62335d7f4e092f5d78993b26&type=Post&reaction=like HTTP/1.1" 304 - "http://50.19.145.241.nip.io:8000/" "Mozilla/5.0 (Linux; Android 11; RMX2189) AppleWebKit/537.36 (KHTML, like Gecko) Chrome/94.0.4606.85 Mobile Safari/537.36"
::ffff:47.9.130.250 - - [19/Mar/2022:05:33:36 +0000] "GET /likes/toggle/?likeableId=62335d7f4e092f5d78993b26&type=Post&reaction=like HTTP/1.1" 304 - "http://50.19.145.241.nip.io:8000/" "Mozilla/5.0 (Linux; Android 11; RMX2189) AppleWebKit/537.36 (KHTML, like Gecko) Chrome/94.0.4606.85 Mobile Safari/537.36"
::ffff:47.9.130.250 - - [19/Mar/2022:05:33:36 +0000] "GET /likes/toggle/?likeableId=62335d7f4e092f5d78993b26&type=Post&reaction=like HTTP/1.1" 304 - "http://50.19.145.241.nip.io:8000/" "Mozilla/5.0 (Linux; Android 11; RMX2189) AppleWebKit/537.36 (KHTML, like Gecko) Chrome/94.0.4606.85 Mobile Safari/537.36"
::ffff:47.9.130.250 - - [19/Mar/2022:05:33:37 +0000] "GET /likes/toggle/?likeableId=62335d7f4e092f5d78993b26&type=Post&reaction=like HTTP/1.1" 304 - "http://50.19.145.241.nip.io:8000/" "Mozilla/5.0 (Linux; Android 11; RMX2189) AppleWebKit/537.36 (KHTML, like Gecko) Chrome/94.0.4606.85 Mobile Safari/537.36"
::ffff:47.9.130.250 - - [19/Mar/2022:05:33:37 +0000] "GET /likes/toggle/?likeableId=62335d7f4e092f5d78993b26&type=Post&reaction=like HTTP/1.1" 304 - "http://50.19.145.241.nip.io:8000/" "Mozilla/5.0 (Linux; Android 11; RMX2189) AppleWebKit/537.36 (KHTML, like Gecko) Chrome/94.0.4606.85 Mobile Safari/537.36"
::ffff:47.9.130.250 - - [19/Mar/2022:05:33:38 +0000] "GET / HTTP/1.1" 200 79023 "http://50.19.145.241.nip.io:8000/" "Mozilla/5.0 (Linux; Android 11; RMX2189) AppleWebKit/537.36 (KHTML, like Gecko) Chrome/94.0.4606.85 Mobile Safari/537.36"
::ffff:49.42.64.172 - - [19/Mar/2022:05:33:42 +0000] "GET /users/profile/62356ac84e092f5d789949d7 HTTP/1.1" 200 21527 "http://50.19.145.241.nip.io:8000/users/findFriends" "Mozilla/5.0 (Linux; Android 8.1.0; CPH1901) AppleWebKit/537.36 (KHTML, like Gecko) Chrome/98.0.4758.87 Mobile Safari/537.36"
::ffff:47.9.130.250 - - [19/Mar/2022:05:33:48 +0000] "GET /users/profile/6235691e4e092f5d78994915 HTTP/1.1" 200 20579 "http://50.19.145.241.nip.io:8000/" "Mozilla/5.0 (Linux; Android 11; RMX2189) AppleWebKit/537.36 (KHTML, like Gecko) Chrome/94.0.4606.85 Mobile Safari/537.36"
::ffff:47.9.130.250 - - [19/Mar/2022:05:33:56 +0000] "GET / HTTP/1.1" 304 - "http://50.19.145.241.nip.io:8000/users/profile/6235691e4e092f5d78994915" "Mozilla/5.0 (Linux; Android 11; RMX2189) AppleWebKit/537.36 (KHTML, like Gecko) Chrome/94.0.4606.85 Mobile Safari/537.36"
::ffff:49.42.64.172 - - [19/Mar/2022:05:34:09 +0000] "GET /users/friendAndGroups HTTP/1.1" 304 - "http://50.19.145.241.nip.io:8000/users/profile/62356ac84e092f5d789949d7" "Mozilla/5.0 (Linux; Android 8.1.0; CPH1901) AppleWebKit/537.36 (KHTML, like Gecko) Chrome/98.0.4758.87 Mobile Safari/537.36"
::ffff:49.42.64.172 - - [19/Mar/2022:05:34:13 +0000] "GET /users/findFriends HTTP/1.1" 304 - "http://50.19.145.241.nip.io:8000/users/profile/62356ac84e092f5d789949d7" "Mozilla/5.0 (Linux; Android 8.1.0; CPH1901) AppleWebKit/537.36 (KHTML, like Gecko) Chrome/98.0.4758.87 Mobile Safari/537.36"
::ffff:49.42.64.172 - - [19/Mar/2022:05:34:22 +0000] "GET / HTTP/1.1" 200 80493 "http://50.19.145.241.nip.io:8000/users/profile/62356ac84e092f5d789949d7" "Mozilla/5.0 (Linux; Android 8.1.0; CPH1901) AppleWebKit/537.36 (KHTML, like Gecko) Chrome/98.0.4758.87 Mobile Safari/537.36"
::ffff:49.42.64.172 - - [19/Mar/2022:05:34:32 +0000] "GET / HTTP/1.1" 304 - "-" "Mozilla/5.0 (X11; Linux x86_64) AppleWebKit/537.36 (KHTML, like Gecko) Chrome/98.0.4758.87 Safari/537.36"
::ffff:49.42.64.172 - - [19/Mar/2022:05:34:52 +0000] "GET /users/profile/6235691e4e092f5d78994915 HTTP/1.1" 200 21566 "http://50.19.145.241.nip.io:8000/" "Mozilla/5.0 (X11; Linux x86_64) AppleWebKit/537.36 (KHTML, like Gecko) Chrome/98.0.4758.87 Safari/537.36"
::ffff:49.42.64.172 - - [19/Mar/2022:05:35:03 +0000] "GET /users/profile/6235691e4e092f5d78994915 HTTP/1.1" 304 - "-" "Mozilla/5.0 (Linux; Android 8.1.0; CPH1901) AppleWebKit/537.36 (KHTML, like Gecko) Chrome/98.0.4758.87 Mobile Safari/537.36"
::ffff:49.42.64.172 - - [19/Mar/2022:05:35:05 +0000] "GET / HTTP/1.1" 304 - "http://50.19.145.241.nip.io:8000/users/profile/6235691e4e092f5d78994915" "Mozilla/5.0 (Linux; Android 8.1.0; CPH1901) AppleWebKit/537.36 (KHTML, like Gecko) Chrome/98.0.4758.87 Mobile Safari/537.36"
::ffff:112.79.231.230 - - [19/Mar/2022:05:36:11 +0000] "POST /users/create HTTP/1.1" 302 70 "http://50.19.145.241.nip.io:8000/users/signup" "Mozilla/5.0 (Linux; Android 10; CPH1933) AppleWebKit/537.36 (KHTML, like Gecko) Chrome/99.0.4844.58 Mobile Safari/537.36"
::ffff:112.79.231.230 - - [19/Mar/2022:05:36:11 +0000] "GET /users/signin HTTP/1.1" 304 - "http://50.19.145.241.nip.io:8000/users/signup" "Mozilla/5.0 (Linux; Android 10; CPH1933) AppleWebKit/537.36 (KHTML, like Gecko) Chrome/99.0.4844.58 Mobile Safari/537.36"
::ffff:112.79.231.230 - - [19/Mar/2022:05:36:23 +0000] "POST /users/create-session HTTP/1.1" 302 46 "http://50.19.145.241.nip.io:8000/users/signin" "Mozilla/5.0 (Linux; Android 10; CPH1933) AppleWebKit/537.36 (KHTML, like Gecko) Chrome/99.0.4844.58 Mobile Safari/537.36"
::ffff:112.79.231.230 - - [19/Mar/2022:05:36:23 +0000] "GET / HTTP/1.1" 200 80059 "http://50.19.145.241.nip.io:8000/users/signin" "Mozilla/5.0 (Linux; Android 10; CPH1933) AppleWebKit/537.36 (KHTML, like Gecko) Chrome/99.0.4844.58 Mobile Safari/537.36"
::ffff:49.42.64.172 - - [19/Mar/2022:05:36:35 +0000] "GET / HTTP/1.1" 200 81829 "http://50.19.145.241.nip.io:8000/users/profile/6235691e4e092f5d78994915" "Mozilla/5.0 (Linux; Android 8.1.0; CPH1901) AppleWebKit/537.36 (KHTML, like Gecko) Chrome/98.0.4758.87 Mobile Safari/537.36"
::ffff:49.42.64.172 - - [19/Mar/2022:05:36:42 +0000] "GET /users/friendAndGroups HTTP/1.1" 304 - "http://50.19.145.241.nip.io:8000/" "Mozilla/5.0 (Linux; Android 8.1.0; CPH1901) AppleWebKit/537.36 (KHTML, like Gecko) Chrome/98.0.4758.87 Mobile Safari/537.36"
::ffff:49.42.64.172 - - [19/Mar/2022:05:36:48 +0000] "GET /users/findFriends HTTP/1.1" 200 8948 "http://50.19.145.241.nip.io:8000/" "Mozilla/5.0 (Linux; Android 8.1.0; CPH1901) AppleWebKit/537.36 (KHTML, like Gecko) Chrome/98.0.4758.87 Mobile Safari/537.36"
::ffff:112.79.231.230 - - [19/Mar/2022:05:36:50 +0000] "GET /users/sessionCheck HTTP/1.1" 200 26 "http://50.19.145.241.nip.io:8000/" "Mozilla/5.0 (Linux; Android 10; CPH1933) AppleWebKit/537.36 (KHTML, like Gecko) Chrome/99.0.4844.58 Mobile Safari/537.36"
::ffff:49.42.64.172 - - [19/Mar/2022:05:36:52 +0000] "GET /users/profile/62356bcb4e092f5d78994f04 HTTP/1.1" 200 22881 "http://50.19.145.241.nip.io:8000/users/findFriends" "Mozilla/5.0 (Linux; Android 8.1.0; CPH1901) AppleWebKit/537.36 (KHTML, like Gecko) Chrome/98.0.4758.87 Mobile Safari/537.36"
::ffff:49.42.64.172 - - [19/Mar/2022:05:37:29 +0000] "GET / HTTP/1.1" 304 - "http://50.19.145.241.nip.io:8000/users/profile/62356bcb4e092f5d78994f04" "Mozilla/5.0 (Linux; Android 8.1.0; CPH1901) AppleWebKit/537.36 (KHTML, like Gecko) Chrome/98.0.4758.87 Mobile Safari/537.36"
::ffff:47.9.143.224 - - [19/Mar/2022:05:37:59 +0000] "GET / HTTP/1.1" 302 70 "-" "Mozilla/5.0 (Linux; Android 10; Redmi 8) AppleWebKit/537.36 (KHTML, like Gecko) Chrome/99.0.4844.73 Mobile Safari/537.36"
::ffff:47.9.143.224 - - [19/Mar/2022:05:37:59 +0000] "GET /users/signin HTTP/1.1" 200 2817 "-" "Mozilla/5.0 (Linux; Android 10; Redmi 8) AppleWebKit/537.36 (KHTML, like Gecko) Chrome/99.0.4844.73 Mobile Safari/537.36"
::ffff:47.9.143.224 - - [19/Mar/2022:05:38:02 +0000] "GET /favicon.ico HTTP/1.1" 404 150 "http://50.19.145.241.nip.io:8000/users/signin" "Mozilla/5.0 (Linux; Android 10; Redmi 8) AppleWebKit/537.36 (KHTML, like Gecko) Chrome/99.0.4844.73 Mobile Safari/537.36"
::ffff:47.9.143.224 - - [19/Mar/2022:05:38:17 +0000] "POST /users/create-session HTTP/1.1" 302 70 "http://50.19.145.241.nip.io:8000/users/signin" "Mozilla/5.0 (Linux; Android 10; Redmi 8) AppleWebKit/537.36 (KHTML, like Gecko) Chrome/99.0.4844.73 Mobile Safari/537.36"
::ffff:47.9.143.224 - - [19/Mar/2022:05:38:17 +0000] "GET /users/signin HTTP/1.1" 304 - "http://50.19.145.241.nip.io:8000/users/signin" "Mozilla/5.0 (Linux; Android 10; Redmi 8) AppleWebKit/537.36 (KHTML, like Gecko) Chrome/99.0.4844.73 Mobile Safari/537.36"
::ffff:112.79.231.230 - - [19/Mar/2022:05:38:31 +0000] "GET /posts/upload/2 HTTP/1.1" 200 21 "http://50.19.145.241.nip.io:8000/" "Mozilla/5.0 (Linux; Android 10; CPH1933) AppleWebKit/537.36 (KHTML, like Gecko) Chrome/99.0.4844.58 Mobile Safari/537.36"
::ffff:112.79.231.230 - - [19/Mar/2022:05:38:31 +0000] "POST /posts/create HTTP/1.1" 302 110 "http://50.19.145.241.nip.io:8000/" "Mozilla/5.0 (Linux; Android 10; CPH1933) AppleWebKit/537.36 (KHTML, like Gecko) Chrome/99.0.4844.58 Mobile Safari/537.36"
::ffff:112.79.231.230 - - [19/Mar/2022:05:38:32 +0000] "GET / HTTP/1.1" 200 80087 "http://50.19.145.241.nip.io:8000/" "Mozilla/5.0 (Linux; Android 10; CPH1933) AppleWebKit/537.36 (KHTML, like Gecko) Chrome/99.0.4844.58 Mobile Safari/537.36"
::ffff:112.79.231.230 - - [19/Mar/2022:05:38:42 +0000] "GET / HTTP/1.1" 200 87680 "http://50.19.145.241.nip.io:8000/" "Mozilla/5.0 (Linux; Android 10; CPH1933) AppleWebKit/537.36 (KHTML, like Gecko) Chrome/99.0.4844.58 Mobile Safari/537.36"
::ffff:49.42.64.172 - - [19/Mar/2022:05:38:51 +0000] "GET /users/friendAndGroups HTTP/1.1" 304 - "http://50.19.145.241.nip.io:8000/" "Mozilla/5.0 (Linux; Android 8.1.0; CPH1901) AppleWebKit/537.36 (KHTML, like Gecko) Chrome/98.0.4758.87 Mobile Safari/537.36"
::ffff:49.42.64.172 - - [19/Mar/2022:05:38:58 +0000] "GET /users/findFriends HTTP/1.1" 304 - "http://50.19.145.241.nip.io:8000/" "Mozilla/5.0 (Linux; Android 8.1.0; CPH1901) AppleWebKit/537.36 (KHTML, like Gecko) Chrome/98.0.4758.87 Mobile Safari/537.36"
::ffff:49.42.64.172 - - [19/Mar/2022:05:39:55 +0000] "GET / HTTP/1.1" 200 88989 "http://50.19.145.241.nip.io:8000/users/profile/62356bcb4e092f5d78994f04" "Mozilla/5.0 (Linux; Android 8.1.0; CPH1901) AppleWebKit/537.36 (KHTML, like Gecko) Chrome/98.0.4758.87 Mobile Safari/537.36"
::ffff:49.42.64.172 - - [19/Mar/2022:05:41:08 +0000] "GET /likes/toggle/?likeableId=62356c574e092f5d78995068&type=Post&reaction=like HTTP/1.1" 200 110 "http://50.19.145.241.nip.io:8000/" "Mozilla/5.0 (Linux; Android 8.1.0; CPH1901) AppleWebKit/537.36 (KHTML, like Gecko) Chrome/98.0.4758.87 Mobile Safari/537.36"
::ffff:106.204.30.111 - - [19/Mar/2022:05:41:42 +0000] "GET / HTTP/1.1" 302 70 "-" "Mozilla/5.0 (Linux; Android 10; RMX1825) AppleWebKit/537.36 (KHTML, like Gecko) Chrome/99.0.4844.73 Mobile Safari/537.36"
::ffff:106.204.30.111 - - [19/Mar/2022:05:41:42 +0000] "GET /users/signin HTTP/1.1" 200 2817 "-" "Mozilla/5.0 (Linux; Android 10; RMX1825) AppleWebKit/537.36 (KHTML, like Gecko) Chrome/99.0.4844.73 Mobile Safari/537.36"
::ffff:106.204.30.111 - - [19/Mar/2022:05:41:45 +0000] "GET /favicon.ico HTTP/1.1" 404 150 "http://50.19.145.241.nip.io:8000/users/signin" "Mozilla/5.0 (Linux; Android 10; RMX1825) AppleWebKit/537.36 (KHTML, like Gecko) Chrome/99.0.4844.73 Mobile Safari/537.36"
::ffff:106.204.30.111 - - [19/Mar/2022:05:41:52 +0000] "GET /users/auth/google HTTP/1.1" 302 0 "http://50.19.145.241.nip.io:8000/users/signin" "Mozilla/5.0 (Linux; Android 10; RMX1825) AppleWebKit/537.36 (KHTML, like Gecko) Chrome/99.0.4844.73 Mobile Safari/537.36"
::ffff:106.204.30.111 - - [19/Mar/2022:05:41:57 +0000] "GET /users/auth/google/callback?code=4%2F0AX4XfWgEP4d8ORnAPXoWpTFJMpRJuk-FOmJfhYGW4md4P8EXOHinqlWcbZ11uJuRFhuwZw&scope=email+profile+https%3A%2F%2Fwww.googleapis.com%2Fauth%2Fuserinfo.profile+https%3A%2F%2Fwww.googleapis.com%2Fauth%2Fuserinfo.email+openid&authuser=1&prompt=consent HTTP/1.1" 302 46 "-" "Mozilla/5.0 (Linux; Android 10; RMX1825) AppleWebKit/537.36 (KHTML, like Gecko) Chrome/99.0.4844.73 Mobile Safari/537.36"
::ffff:106.204.30.111 - - [19/Mar/2022:05:41:58 +0000] "GET / HTTP/1.1" 200 88608 "-" "Mozilla/5.0 (Linux; Android 10; RMX1825) AppleWebKit/537.36 (KHTML, like Gecko) Chrome/99.0.4844.73 Mobile Safari/537.36"
::ffff:106.204.30.111 - - [19/Mar/2022:05:42:40 +0000] "GET /users/sessionCheck HTTP/1.1" 200 26 "http://50.19.145.241.nip.io:8000/" "Mozilla/5.0 (Linux; Android 10; RMX1825) AppleWebKit/537.36 (KHTML, like Gecko) Chrome/99.0.4844.73 Mobile Safari/537.36"
::ffff:112.79.231.230 - - [19/Mar/2022:05:42:59 +0000] "GET / HTTP/1.1" 200 89811 "-" "Mozilla/5.0 (Linux; Android 10; CPH1933) AppleWebKit/537.36 (KHTML, like Gecko) Chrome/99.0.4844.58 Mobile Safari/537.36"
::ffff:112.79.231.230 - - [19/Mar/2022:05:43:02 +0000] "GET /favicon.ico HTTP/1.1" 404 150 "http://50.19.145.241.nip.io:8000/" "Mozilla/5.0 (Linux; Android 10; CPH1933) AppleWebKit/537.36 (KHTML, like Gecko) Chrome/99.0.4844.58 Mobile Safari/537.36"
::ffff:112.79.231.230 - - [19/Mar/2022:05:43:05 +0000] "GET / HTTP/1.1" 304 - "-" "Mozilla/5.0 (Linux; Android 10; CPH1933) AppleWebKit/537.36 (KHTML, like Gecko) Chrome/99.0.4844.58 Mobile Safari/537.36"
::ffff:106.204.30.111 - - [19/Mar/2022:05:43:47 +0000] "GET / HTTP/1.1" 304 - "-" "Mozilla/5.0 (Linux; Android 10; RMX1825) AppleWebKit/537.36 (KHTML, like Gecko) Chrome/99.0.4844.73 Mobile Safari/537.36"
::ffff:106.204.30.111 - - [19/Mar/2022:05:44:13 +0000] "GET / HTTP/1.1" 304 - "http://50.19.145.241.nip.io:8000/" "Mozilla/5.0 (Linux; Android 10; RMX1825) AppleWebKit/537.36 (KHTML, like Gecko) Chrome/99.0.4844.73 Mobile Safari/537.36"
::ffff:106.204.30.111 - - [19/Mar/2022:05:44:20 +0000] "GET /users/findFriends HTTP/1.1" 200 9742 "http://50.19.145.241.nip.io:8000/" "Mozilla/5.0 (Linux; Android 10; RMX1825) AppleWebKit/537.36 (KHTML, like Gecko) Chrome/99.0.4844.73 Mobile Safari/537.36"
::ffff:112.79.231.230 - - [19/Mar/2022:05:44:28 +0000] "GET / HTTP/1.1" 302 35 "-" "WhatsApp/2.22.4.74 A"
::ffff:112.79.231.230 - - [19/Mar/2022:05:44:29 +0000] "GET /users/signin HTTP/1.1" 200 2817 "-" "WhatsApp/2.22.4.74 A"
::ffff:49.42.64.172 - - [19/Mar/2022:05:44:36 +0000] "GET /users/friendAndGroups HTTP/1.1" 304 - "http://50.19.145.241.nip.io:8000/" "Mozilla/5.0 (Linux; Android 8.1.0; CPH1901) AppleWebKit/537.36 (KHTML, like Gecko) Chrome/98.0.4758.87 Mobile Safari/537.36"
::ffff:49.42.64.172 - - [19/Mar/2022:05:44:41 +0000] "GET /users/findFriends HTTP/1.1" 200 9686 "http://50.19.145.241.nip.io:8000/" "Mozilla/5.0 (Linux; Android 8.1.0; CPH1901) AppleWebKit/537.36 (KHTML, like Gecko) Chrome/98.0.4758.87 Mobile Safari/537.36"
::ffff:49.42.64.172 - - [19/Mar/2022:05:45:25 +0000] "GET / HTTP/1.1" 200 90428 "http://50.19.145.241.nip.io:8000/users/profile/62356bcb4e092f5d78994f04" "Mozilla/5.0 (Linux; Android 8.1.0; CPH1901) AppleWebKit/537.36 (KHTML, like Gecko) Chrome/98.0.4758.87 Mobile Safari/537.36"
::ffff:223.236.210.15 - - [19/Mar/2022:05:47:30 +0000] "GET / HTTP/1.1" 302 70 "-" "Mozilla/5.0 (Linux; Android 10; Redmi Note 7 Pro) AppleWebKit/537.36 (KHTML, like Gecko) Chrome/99.0.4844.58 Mobile Safari/537.36"
::ffff:223.236.210.15 - - [19/Mar/2022:05:47:30 +0000] "GET /users/signin HTTP/1.1" 200 2817 "-" "Mozilla/5.0 (Linux; Android 10; Redmi Note 7 Pro) AppleWebKit/537.36 (KHTML, like Gecko) Chrome/99.0.4844.58 Mobile Safari/537.36"
::ffff:223.236.210.15 - - [19/Mar/2022:05:47:34 +0000] "GET /favicon.ico HTTP/1.1" 404 150 "http://50.19.145.241.nip.io:8000/users/signin" "Mozilla/5.0 (Linux; Android 10; Redmi Note 7 Pro) AppleWebKit/537.36 (KHTML, like Gecko) Chrome/99.0.4844.58 Mobile Safari/537.36"
::ffff:106.204.30.111 - - [19/Mar/2022:05:47:39 +0000] "GET / HTTP/1.1" 304 - "-" "Mozilla/5.0 (Linux; Android 10; RMX1825) AppleWebKit/537.36 (KHTML, like Gecko) Chrome/99.0.4844.73 Mobile Safari/537.36"
::ffff:106.204.30.111 - - [19/Mar/2022:05:47:44 +0000] "GET /users/friendAndGroups HTTP/1.1" 200 2300 "http://50.19.145.241.nip.io:8000/" "Mozilla/5.0 (Linux; Android 10; RMX1825) AppleWebKit/537.36 (KHTML, like Gecko) Chrome/99.0.4844.73 Mobile Safari/537.36"
::ffff:106.204.30.111 - - [19/Mar/2022:05:47:51 +0000] "GET /users/findFriends HTTP/1.1" 304 - "http://50.19.145.241.nip.io:8000/" "Mozilla/5.0 (Linux; Android 10; RMX1825) AppleWebKit/537.36 (KHTML, like Gecko) Chrome/99.0.4844.73 Mobile Safari/537.36"
::ffff:223.236.210.15 - - [19/Mar/2022:05:47:52 +0000] "GET / HTTP/1.1" 302 70 "-" "Mozilla/5.0 (X11; Linux x86_64) AppleWebKit/537.36 (KHTML, like Gecko) Chrome/99.0.4844.58 Safari/537.36"
::ffff:223.236.210.15 - - [19/Mar/2022:05:47:52 +0000] "GET /users/signin HTTP/1.1" 304 - "-" "Mozilla/5.0 (X11; Linux x86_64) AppleWebKit/537.36 (KHTML, like Gecko) Chrome/99.0.4844.58 Safari/537.36"
::ffff:106.204.30.111 - - [19/Mar/2022:05:48:01 +0000] "GET /users/profile/62356bcb4e092f5d78994f04 HTTP/1.1" 200 30512 "http://50.19.145.241.nip.io:8000/users/findFriends" "Mozilla/5.0 (Linux; Android 10; RMX1825) AppleWebKit/537.36 (KHTML, like Gecko) Chrome/99.0.4844.73 Mobile Safari/537.36"
::ffff:157.34.26.72 - - [19/Mar/2022:05:48:47 +0000] "GET / HTTP/1.1" 302 70 "-" "Mozilla/5.0 (Linux; Android 12; SAMSUNG SM-A525F) AppleWebKit/537.36 (KHTML, like Gecko) SamsungBrowser/16.2 Chrome/92.0.4515.166 Mobile Safari/537.36"
::ffff:157.34.26.72 - - [19/Mar/2022:05:48:47 +0000] "GET /users/signin HTTP/1.1" 200 2817 "-" "Mozilla/5.0 (Linux; Android 12; SAMSUNG SM-A525F) AppleWebKit/537.36 (KHTML, like Gecko) SamsungBrowser/16.2 Chrome/92.0.4515.166 Mobile Safari/537.36"
::ffff:157.34.26.72 - - [19/Mar/2022:05:48:50 +0000] "GET /favicon.ico HTTP/1.1" 404 150 "http://50.19.145.241.nip.io:8000/users/signin" "Mozilla/5.0 (Linux; Android 12; SAMSUNG SM-A525F) AppleWebKit/537.36 (KHTML, like Gecko) SamsungBrowser/16.2 Chrome/92.0.4515.166 Mobile Safari/537.36"
::ffff:157.34.26.72 - - [19/Mar/2022:05:49:15 +0000] "POST /users/create-session HTTP/1.1" 302 70 "http://50.19.145.241.nip.io:8000/users/signin" "Mozilla/5.0 (Linux; Android 12; SAMSUNG SM-A525F) AppleWebKit/537.36 (KHTML, like Gecko) SamsungBrowser/16.2 Chrome/92.0.4515.166 Mobile Safari/537.36"
::ffff:157.34.26.72 - - [19/Mar/2022:05:49:15 +0000] "GET /users/signin HTTP/1.1" 304 - "http://50.19.145.241.nip.io:8000/users/signin" "Mozilla/5.0 (Linux; Android 12; SAMSUNG SM-A525F) AppleWebKit/537.36 (KHTML, like Gecko) SamsungBrowser/16.2 Chrome/92.0.4515.166 Mobile Safari/537.36"
::ffff:157.34.26.72 - - [19/Mar/2022:05:49:21 +0000] "GET /users/auth/google HTTP/1.1" 302 0 "http://50.19.145.241.nip.io:8000/users/signin" "Mozilla/5.0 (Linux; Android 12; SAMSUNG SM-A525F) AppleWebKit/537.36 (KHTML, like Gecko) SamsungBrowser/16.2 Chrome/92.0.4515.166 Mobile Safari/537.36"
::ffff:157.34.26.72 - - [19/Mar/2022:05:49:33 +0000] "GET /users/auth/google/callback?code=4%2F0AX4XfWjSK-8c8dLA-ODm1vRJEbgrvxl0BFdyz7SRUiJZJrCgzrKFs5S1rrJUq4hQJcQCVw&scope=email+profile+https%3A%2F%2Fwww.googleapis.com%2Fauth%2Fuserinfo.profile+https%3A%2F%2Fwww.googleapis.com%2Fauth%2Fuserinfo.email+openid&authuser=0&prompt=consent HTTP/1.1" 302 46 "-" "Mozilla/5.0 (Linux; Android 12; SAMSUNG SM-A525F) AppleWebKit/537.36 (KHTML, like Gecko) SamsungBrowser/16.2 Chrome/92.0.4515.166 Mobile Safari/537.36"
::ffff:157.34.26.72 - - [19/Mar/2022:05:49:35 +0000] "GET / HTTP/1.1" 200 89960 "-" "Mozilla/5.0 (Linux; Android 12; SAMSUNG SM-A525F) AppleWebKit/537.36 (KHTML, like Gecko) SamsungBrowser/16.2 Chrome/92.0.4515.166 Mobile Safari/537.36"
::ffff:157.34.26.72 - - [19/Mar/2022:05:49:42 +0000] "GET /likes/toggle/?likeableId=62356c574e092f5d78995068&type=Post&reaction=like HTTP/1.1" 200 110 "http://50.19.145.241.nip.io:8000/" "Mozilla/5.0 (Linux; Android 12; SAMSUNG SM-A525F) AppleWebKit/537.36 (KHTML, like Gecko) SamsungBrowser/16.2 Chrome/92.0.4515.166 Mobile Safari/537.36"
::ffff:49.42.64.172 - - [19/Mar/2022:05:50:05 +0000] "GET / HTTP/1.1" 200 91770 "-" "Mozilla/5.0 (Linux; Android 8.1.0; CPH1901) AppleWebKit/537.36 (KHTML, like Gecko) Chrome/98.0.4758.87 Mobile Safari/537.36"
::ffff:49.42.64.172 - - [19/Mar/2022:05:50:15 +0000] "GET /favicon.ico HTTP/1.1" 404 150 "http://50.19.145.241.nip.io:8000/" "Mozilla/5.0 (Linux; Android 8.1.0; CPH1901) AppleWebKit/537.36 (KHTML, like Gecko) Chrome/98.0.4758.87 Mobile Safari/537.36"
::ffff:49.42.64.172 - - [19/Mar/2022:05:50:18 +0000] "GET /favicon.ico HTTP/1.1" 404 150 "http://50.19.145.241.nip.io:8000/" "Mozilla/5.0 (Linux; Android 8.1.0; CPH1901) AppleWebKit/537.36 (KHTML, like Gecko) Chrome/98.0.4758.87 Mobile Safari/537.36"
::ffff:49.42.64.172 - - [19/Mar/2022:05:50:35 +0000] "GET /users/friendAndGroups HTTP/1.1" 304 - "http://50.19.145.241.nip.io:8000/" "Mozilla/5.0 (Linux; Android 8.1.0; CPH1901) AppleWebKit/537.36 (KHTML, like Gecko) Chrome/98.0.4758.87 Mobile Safari/537.36"
::ffff:49.42.64.172 - - [19/Mar/2022:05:50:39 +0000] "GET /users/findFriends HTTP/1.1" 200 10429 "http://50.19.145.241.nip.io:8000/" "Mozilla/5.0 (Linux; Android 8.1.0; CPH1901) AppleWebKit/537.36 (KHTML, like Gecko) Chrome/98.0.4758.87 Mobile Safari/537.36"
::ffff:49.42.64.172 - - [19/Mar/2022:05:51:24 +0000] "GET /users/findFriends HTTP/1.1" 304 - "http://50.19.145.241.nip.io:8000/" "Mozilla/5.0 (Linux; Android 8.1.0; CPH1901) AppleWebKit/537.36 (KHTML, like Gecko) Chrome/98.0.4758.87 Mobile Safari/537.36"
::ffff:49.42.64.172 - - [19/Mar/2022:05:52:07 +0000] "GET /users/friendAndGroups HTTP/1.1" 304 - "http://50.19.145.241.nip.io:8000/" "Mozilla/5.0 (Linux; Android 8.1.0; CPH1901) AppleWebKit/537.36 (KHTML, like Gecko) Chrome/98.0.4758.87 Mobile Safari/537.36"
::ffff:49.42.64.172 - - [19/Mar/2022:05:52:11 +0000] "GET /users/findFriends HTTP/1.1" 304 - "http://50.19.145.241.nip.io:8000/" "Mozilla/5.0 (Linux; Android 8.1.0; CPH1901) AppleWebKit/537.36 (KHTML, like Gecko) Chrome/98.0.4758.87 Mobile Safari/537.36"
::ffff:112.79.231.230 - - [19/Mar/2022:05:52:32 +0000] "GET / HTTP/1.1" 200 91762 "-" "Mozilla/5.0 (Linux; Android 10; CPH1933) AppleWebKit/537.36 (KHTML, like Gecko) Chrome/99.0.4844.58 Mobile Safari/537.36"
::ffff:112.79.231.230 - - [19/Mar/2022:05:52:35 +0000] "GET /favicon.ico HTTP/1.1" 404 150 "http://50.19.145.241.nip.io:8000/" "Mozilla/5.0 (Linux; Android 10; CPH1933) AppleWebKit/537.36 (KHTML, like Gecko) Chrome/99.0.4844.58 Mobile Safari/537.36"
::ffff:49.42.64.172 - - [19/Mar/2022:05:52:44 +0000] "GET /users/signout HTTP/1.1" 302 46 "http://50.19.145.241.nip.io:8000/" "Mozilla/5.0 (Linux; Android 8.1.0; CPH1901) AppleWebKit/537.36 (KHTML, like Gecko) Chrome/98.0.4758.87 Mobile Safari/537.36"
::ffff:49.42.64.172 - - [19/Mar/2022:05:52:45 +0000] "GET / HTTP/1.1" 302 70 "http://50.19.145.241.nip.io:8000/" "Mozilla/5.0 (Linux; Android 8.1.0; CPH1901) AppleWebKit/537.36 (KHTML, like Gecko) Chrome/98.0.4758.87 Mobile Safari/537.36"
::ffff:49.42.64.172 - - [19/Mar/2022:05:52:45 +0000] "GET /users/signin HTTP/1.1" 304 - "http://50.19.145.241.nip.io:8000/" "Mozilla/5.0 (Linux; Android 8.1.0; CPH1901) AppleWebKit/537.36 (KHTML, like Gecko) Chrome/98.0.4758.87 Mobile Safari/537.36"
::ffff:47.9.102.47 - - [19/Mar/2022:05:52:49 +0000] "GET / HTTP/1.1" 302 70 "-" "Mozilla/5.0 (Linux; Android 10; M2006C3LI) AppleWebKit/537.36 (KHTML, like Gecko) Chrome/96.0.4664.104 Mobile Safari/537.36"
::ffff:47.9.102.47 - - [19/Mar/2022:05:52:50 +0000] "GET /users/signin HTTP/1.1" 200 2817 "-" "Mozilla/5.0 (Linux; Android 10; M2006C3LI) AppleWebKit/537.36 (KHTML, like Gecko) Chrome/96.0.4664.104 Mobile Safari/537.36"
::ffff:47.9.102.47 - - [19/Mar/2022:05:52:52 +0000] "GET /favicon.ico HTTP/1.1" 404 150 "http://50.19.145.241.nip.io:8000/users/signin" "Mozilla/5.0 (Linux; Android 10; M2006C3LI) AppleWebKit/537.36 (KHTML, like Gecko) Chrome/96.0.4664.104 Mobile Safari/537.36"
::ffff:49.42.64.172 - - [19/Mar/2022:05:54:05 +0000] "GET / HTTP/1.1" 302 70 "-" "Mozilla/5.0 (Linux; Android 8.1.0; CPH1901) AppleWebKit/537.36 (KHTML, like Gecko) Chrome/98.0.4758.87 Mobile Safari/537.36"
::ffff:49.42.64.172 - - [19/Mar/2022:05:54:05 +0000] "GET /users/signin HTTP/1.1" 304 - "-" "Mozilla/5.0 (Linux; Android 8.1.0; CPH1901) AppleWebKit/537.36 (KHTML, like Gecko) Chrome/98.0.4758.87 Mobile Safari/537.36"
::ffff:49.42.64.172 - - [19/Mar/2022:05:55:09 +0000] "POST /users/create-session HTTP/1.1" 302 46 "http://50.19.145.241.nip.io:8000/users/signin" "Mozilla/5.0 (Linux; Android 8.1.0; CPH1901) AppleWebKit/537.36 (KHTML, like Gecko) Chrome/98.0.4758.87 Mobile Safari/537.36"
::ffff:49.42.64.172 - - [19/Mar/2022:05:55:10 +0000] "GET / HTTP/1.1" 200 91770 "http://50.19.145.241.nip.io:8000/users/signin" "Mozilla/5.0 (Linux; Android 8.1.0; CPH1901) AppleWebKit/537.36 (KHTML, like Gecko) Chrome/98.0.4758.87 Mobile Safari/537.36"
::ffff:49.42.64.172 - - [19/Mar/2022:05:55:21 +0000] "GET /users/friendAndGroups HTTP/1.1" 304 - "http://50.19.145.241.nip.io:8000/" "Mozilla/5.0 (Linux; Android 8.1.0; CPH1901) AppleWebKit/537.36 (KHTML, like Gecko) Chrome/98.0.4758.87 Mobile Safari/537.36"
::ffff:49.42.64.172 - - [19/Mar/2022:05:55:25 +0000] "GET /users/findFriends HTTP/1.1" 304 - "http://50.19.145.241.nip.io:8000/" "Mozilla/5.0 (Linux; Android 8.1.0; CPH1901) AppleWebKit/537.36 (KHTML, like Gecko) Chrome/98.0.4758.87 Mobile Safari/537.36"
::ffff:49.42.64.172 - - [19/Mar/2022:05:55:58 +0000] "GET / HTTP/1.1" 304 - "-" "Mozilla/5.0 (Linux; Android 8.1.0; CPH1901) AppleWebKit/537.36 (KHTML, like Gecko) Chrome/98.0.4758.87 Mobile Safari/537.36"
::ffff:49.42.64.172 - - [19/Mar/2022:05:56:35 +0000] "GET /users/signout HTTP/1.1" 302 46 "http://50.19.145.241.nip.io:8000/" "Mozilla/5.0 (Linux; Android 8.1.0; CPH1901) AppleWebKit/537.36 (KHTML, like Gecko) Chrome/98.0.4758.87 Mobile Safari/537.36"
::ffff:49.42.64.172 - - [19/Mar/2022:05:56:39 +0000] "GET / HTTP/1.1" 302 70 "http://50.19.145.241.nip.io:8000/" "Mozilla/5.0 (Linux; Android 8.1.0; CPH1901) AppleWebKit/537.36 (KHTML, like Gecko) Chrome/98.0.4758.87 Mobile Safari/537.36"
::ffff:49.42.64.172 - - [19/Mar/2022:05:56:41 +0000] "GET /users/signin HTTP/1.1" 304 - "http://50.19.145.241.nip.io:8000/" "Mozilla/5.0 (Linux; Android 8.1.0; CPH1901) AppleWebKit/537.36 (KHTML, like Gecko) Chrome/98.0.4758.87 Mobile Safari/537.36"
::ffff:49.42.64.172 - - [19/Mar/2022:05:56:45 +0000] "GET /users/signup HTTP/1.1" 304 - "http://50.19.145.241.nip.io:8000/users/signin" "Mozilla/5.0 (Linux; Android 8.1.0; CPH1901) AppleWebKit/537.36 (KHTML, like Gecko) Chrome/98.0.4758.87 Mobile Safari/537.36"
::ffff:47.9.138.132 - - [19/Mar/2022:05:56:46 +0000] "GET / HTTP/1.1" 302 70 "-" "Mozilla/5.0 (Linux; Android 10; Redmi 8) AppleWebKit/537.36 (KHTML, like Gecko) Chrome/99.0.4844.73 Mobile Safari/537.36"
::ffff:47.9.138.132 - - [19/Mar/2022:05:56:46 +0000] "GET /users/signin HTTP/1.1" 304 - "-" "Mozilla/5.0 (Linux; Android 10; Redmi 8) AppleWebKit/537.36 (KHTML, like Gecko) Chrome/99.0.4844.73 Mobile Safari/537.36"
::ffff:47.9.138.132 - - [19/Mar/2022:05:57:42 +0000] "POST /users/create-session HTTP/1.1" 302 70 "http://50.19.145.241.nip.io:8000/users/signin" "Mozilla/5.0 (Linux; Android 10; Redmi 8) AppleWebKit/537.36 (KHTML, like Gecko) Chrome/99.0.4844.73 Mobile Safari/537.36"
::ffff:47.9.138.132 - - [19/Mar/2022:05:57:43 +0000] "GET /users/signin HTTP/1.1" 304 - "http://50.19.145.241.nip.io:8000/users/signin" "Mozilla/5.0 (Linux; Android 10; Redmi 8) AppleWebKit/537.36 (KHTML, like Gecko) Chrome/99.0.4844.73 Mobile Safari/537.36"
::ffff:47.9.138.132 - - [19/Mar/2022:05:57:50 +0000] "GET /users/auth/google HTTP/1.1" 302 0 "http://50.19.145.241.nip.io:8000/users/signin" "Mozilla/5.0 (Linux; Android 10; Redmi 8) AppleWebKit/537.36 (KHTML, like Gecko) Chrome/99.0.4844.73 Mobile Safari/537.36"
::ffff:47.9.138.132 - - [19/Mar/2022:05:57:57 +0000] "GET /users/signup HTTP/1.1" 200 3355 "http://50.19.145.241.nip.io:8000/users/signin" "Mozilla/5.0 (Linux; Android 10; Redmi 8) AppleWebKit/537.36 (KHTML, like Gecko) Chrome/99.0.4844.73 Mobile Safari/537.36"
::ffff:47.9.138.132 - - [19/Mar/2022:05:58:55 +0000] "POST /users/create HTTP/1.1" 302 70 "http://50.19.145.241.nip.io:8000/users/signup" "Mozilla/5.0 (Linux; Android 10; Redmi 8) AppleWebKit/537.36 (KHTML, like Gecko) Chrome/99.0.4844.73 Mobile Safari/537.36"
::ffff:47.9.138.132 - - [19/Mar/2022:05:58:55 +0000] "GET /users/signin HTTP/1.1" 304 - "http://50.19.145.241.nip.io:8000/users/signup" "Mozilla/5.0 (Linux; Android 10; Redmi 8) AppleWebKit/537.36 (KHTML, like Gecko) Chrome/99.0.4844.73 Mobile Safari/537.36"
::ffff:47.9.138.132 - - [19/Mar/2022:05:59:07 +0000] "POST /users/create-session HTTP/1.1" 302 70 "http://50.19.145.241.nip.io:8000/users/signin" "Mozilla/5.0 (Linux; Android 10; Redmi 8) AppleWebKit/537.36 (KHTML, like Gecko) Chrome/99.0.4844.73 Mobile Safari/537.36"
::ffff:47.9.138.132 - - [19/Mar/2022:05:59:08 +0000] "GET /users/signin HTTP/1.1" 304 - "http://50.19.145.241.nip.io:8000/users/signin" "Mozilla/5.0 (Linux; Android 10; Redmi 8) AppleWebKit/537.36 (KHTML, like Gecko) Chrome/99.0.4844.73 Mobile Safari/537.36"
::ffff:47.9.138.132 - - [19/Mar/2022:05:59:15 +0000] "GET /users/auth/google HTTP/1.1" 302 0 "http://50.19.145.241.nip.io:8000/users/signin" "Mozilla/5.0 (Linux; Android 10; Redmi 8) AppleWebKit/537.36 (KHTML, like Gecko) Chrome/99.0.4844.73 Mobile Safari/537.36"
