::ffff:167.94.146.59 - - [20/Jan/2023:01:13:45 +0000] "GET / HTTP/1.1" 302 35 "-" "-"
::ffff:167.94.146.59 - - [20/Jan/2023:01:13:46 +0000] "GET / HTTP/1.1" 302 35 "-" "Mozilla/5.0 (compatible; CensysInspect/1.1; +https://about.censys.io/)"
::ffff:167.94.146.59 - - [20/Jan/2023:01:13:46 +0000] "PRI * HTTP/2.0" - - "-" "-"
::ffff:167.94.146.59 - - [20/Jan/2023:01:13:46 +0000] "GET /users/signin HTTP/1.1" 200 2817 "-" "Mozilla/5.0 (compatible; CensysInspect/1.1; +https://about.censys.io/)"
::ffff:167.94.146.59 - - [20/Jan/2023:01:13:46 +0000] "PRI * HTTP/2.0" - - "-" "-"
::ffff:167.94.146.59 - - [20/Jan/2023:01:13:47 +0000] "GET /favicon.ico HTTP/1.1" 404 150 "-" "Mozilla/5.0 (compatible; CensysInspect/1.1; +https://about.censys.io/)"
::ffff:167.248.133.118 - - [20/Jan/2023:02:38:40 +0000] "GET / HTTP/1.1" 302 35 "-" "-"
::ffff:167.248.133.118 - - [20/Jan/2023:02:38:40 +0000] "GET / HTTP/1.1" 302 35 "-" "Mozilla/5.0 (compatible; CensysInspect/1.1; +https://about.censys.io/)"
::ffff:167.248.133.118 - - [20/Jan/2023:02:38:40 +0000] "PRI * HTTP/2.0" - - "-" "-"
::ffff:167.248.133.118 - - [20/Jan/2023:02:38:40 +0000] "GET /users/signin HTTP/1.1" 200 2817 "-" "Mozilla/5.0 (compatible; CensysInspect/1.1; +https://about.censys.io/)"
::ffff:167.248.133.118 - - [20/Jan/2023:02:38:40 +0000] "PRI * HTTP/2.0" - - "-" "-"
::ffff:167.248.133.118 - - [20/Jan/2023:02:38:40 +0000] "GET /favicon.ico HTTP/1.1" 404 150 "-" "Mozilla/5.0 (compatible; CensysInspect/1.1; +https://about.censys.io/)"
::ffff:34.140.248.32 - - [20/Jan/2023:05:35:19 +0000] "GET / HTTP/1.1" 302 35 "-" "python-requests/2.28.1"
::ffff:154.89.5.80 - - [20/Jan/2023:06:45:06 +0000] "GET / HTTP/1.1" 302 35 "-" "-"
::ffff:198.235.24.142 - - [20/Jan/2023:07:29:46 +0000] "GET / HTTP/1.1" 302 35 "-" "Expanse, a Palo Alto Networks company, searches across the global IPv4 space multiple times per day to identify customers&#39; presences on the Internet. If you would like to be excluded from our scans, please send IP addresses/domains to: scaninfo@paloaltonetworks.com"
::ffff:198.235.24.142 - - [20/Jan/2023:07:29:46 +0000] "GET /users/signin HTTP/1.1" 200 2817 "http://50.19.145.241:5000/" "Expanse, a Palo Alto Networks company, searches across the global IPv4 space multiple times per day to identify customers&#39; presences on the Internet. If you would like to be excluded from our scans, please send IP addresses/domains to: scaninfo@paloaltonetworks.com"
::ffff:134.209.150.222 - - [20/Jan/2023:08:38:36 +0000] "GET / HTTP/1.1" 302 35 "-" "Mozilla/5.0 (Windows NT 10.0; Win64; x64) AppleWebKit/537.36 (KHTML, like Gecko) Chrome/70.0.3538.77 Safari/537.36"
::ffff:134.209.150.222 - - [20/Jan/2023:08:38:36 +0000] "GET /users/signin HTTP/1.1" 200 2817 "-" "Mozilla/5.0 (Windows NT 10.0; Win64; x64) AppleWebKit/537.36 (KHTML, like Gecko) Chrome/70.0.3538.77 Safari/537.36"
::ffff:134.209.150.222 - - [20/Jan/2023:08:39:55 +0000] "GET / HTTP/1.1" 302 35 "-" "Mozilla/5.0 (Windows NT 10.0; Win64; x64) AppleWebKit/537.36 (KHTML, like Gecko) Chrome/70.0.3538.77 Safari/537.36"
::ffff:134.209.150.222 - - [20/Jan/2023:08:39:56 +0000] "GET /users/signin HTTP/1.1" 200 2817 "-" "Mozilla/5.0 (Windows NT 10.0; Win64; x64) AppleWebKit/537.36 (KHTML, like Gecko) Chrome/70.0.3538.77 Safari/537.36"
::ffff:198.235.24.147 - - [20/Jan/2023:09:14:24 +0000] "GET / HTTP/1.1" 302 35 "-" "Expanse, a Palo Alto Networks company, searches across the global IPv4 space multiple times per day to identify customers&#39; presences on the Internet. If you would like to be excluded from our scans, please send IP addresses/domains to: scaninfo@paloaltonetworks.com"
::ffff:198.235.24.147 - - [20/Jan/2023:09:14:24 +0000] "GET /users/signin HTTP/1.1" 200 2817 "http://50.19.145.241:5000/" "Expanse, a Palo Alto Networks company, searches across the global IPv4 space multiple times per day to identify customers&#39; presences on the Internet. If you would like to be excluded from our scans, please send IP addresses/domains to: scaninfo@paloaltonetworks.com"
::ffff:36.156.28.130 - - [20/Jan/2023:10:06:56 +0000] "GET / HTTP/1.1" 302 70 "-" "Mozilla/5.0 (X11; Linux x86_64) AppleWebKit/537.36 (KHTML, like Gecko) Chrome/86.0.4 240.111 Safari/537.36"
::ffff:36.156.28.130 - - [20/Jan/2023:10:06:58 +0000] "GET /favicon.ico HTTP/1.1" 404 150 "-" "Mozilla/5.0 (X11; Linux x86_64) AppleWebKit/537.36 (KHTML, like Gecko) Chrome/86.0.4 240.111 Safari/537.36"
::ffff:36.156.28.130 - - [20/Jan/2023:10:06:58 +0000] "GET /robots.txt HTTP/1.1" 404 149 "-" "Mozilla/5.0 (X11; Linux x86_64) AppleWebKit/537.36 (KHTML, like Gecko) Chrome/86.0.4 240.111 Safari/537.36"
::ffff:36.156.28.130 - - [20/Jan/2023:10:06:59 +0000] "GET /.well-known/security.txt HTTP/1.1" 404 163 "-" "Mozilla/5.0 (X11; Linux x86_64) AppleWebKit/537.36 (KHTML, like Gecko) Chrome/86.0.4 240.111 Safari/537.36"
::ffff:167.248.133.117 - - [20/Jan/2023:10:30:33 +0000] "GET / HTTP/1.1" 302 35 "-" "-"
::ffff:167.248.133.117 - - [20/Jan/2023:10:30:33 +0000] "GET / HTTP/1.1" 302 35 "-" "Mozilla/5.0 (compatible; CensysInspect/1.1; +https://about.censys.io/)"
::ffff:167.248.133.117 - - [20/Jan/2023:10:30:33 +0000] "PRI * HTTP/2.0" - - "-" "-"
::ffff:167.248.133.117 - - [20/Jan/2023:10:30:33 +0000] "GET /users/signin HTTP/1.1" 200 2817 "-" "Mozilla/5.0 (compatible; CensysInspect/1.1; +https://about.censys.io/)"
::ffff:167.248.133.117 - - [20/Jan/2023:10:30:33 +0000] "PRI * HTTP/2.0" - - "-" "-"
::ffff:167.248.133.117 - - [20/Jan/2023:10:30:33 +0000] "GET /favicon.ico HTTP/1.1" 404 150 "-" "Mozilla/5.0 (compatible; CensysInspect/1.1; +https://about.censys.io/)"
::ffff:205.210.31.42 - - [20/Jan/2023:10:55:03 +0000] "GET / HTTP/1.1" 302 35 "-" "Expanse, a Palo Alto Networks company, searches across the global IPv4 space multiple times per day to identify customers&#39; presences on the Internet. If you would like to be excluded from our scans, please send IP addresses/domains to: scaninfo@paloaltonetworks.com"
::ffff:205.210.31.42 - - [20/Jan/2023:10:55:03 +0000] "GET /users/signin HTTP/1.1" 200 2817 "http://50.19.145.241:8000/" "Expanse, a Palo Alto Networks company, searches across the global IPv4 space multiple times per day to identify customers&#39; presences on the Internet. If you would like to be excluded from our scans, please send IP addresses/domains to: scaninfo@paloaltonetworks.com"
::ffff:184.105.139.102 - - [20/Jan/2023:11:52:27 +0000] "GET / HTTP/1.1" 302 35 "-" "Mozilla/5.0 (Windows NT 10.0; Win64; x64; rv:91.0) Gecko/20100101 Firefox/91.0"
::ffff:184.105.139.82 - - [20/Jan/2023:11:53:00 +0000] "GET / HTTP/1.1" 302 35 "-" "Mozilla/5.0 (Macintosh; Intel Mac OS X 10_13_6) AppleWebKit/537.36 (KHTML, like Gecko) Chrome/105.0.0.0 Safari/537.36"
::ffff:184.105.139.82 - - [20/Jan/2023:11:53:01 +0000] "GET /users/signin HTTP/1.1" 200 2817 "http://50.19.145.241:8000/" "Mozilla/5.0 (Macintosh; Intel Mac OS X 10_13_6) AppleWebKit/537.36 (KHTML, like Gecko) Chrome/105.0.0.0 Safari/537.36"
::ffff:184.105.139.110 - - [20/Jan/2023:11:53:32 +0000] "GET http://api.ipify.org/?format=json HTTP/1.1" 302 35 "-" "Mozilla/5.0 (X11; Linux x86_64; rv:91.0) Gecko/20100101 Firefox/91.0"
::ffff:213.6.168.210 - - [20/Jan/2023:12:01:12 +0000] "GET / HTTP/1.1" 302 35 "http://50.19.145.241:5000" "Mozilla/5.0 (Windows NT 10.0; Win64; x64; rv:101.0) Gecko/20100101 Firefox/101.0"
::ffff:213.6.168.210 - - [20/Jan/2023:12:01:13 +0000] "GET /users/signin HTTP/1.1" 200 2817 "http://50.19.145.241:5000" "Mozilla/5.0 (Windows NT 10.0; Win64; x64; rv:101.0) Gecko/20100101 Firefox/101.0"
::ffff:38.242.128.76 - - [20/Jan/2023:12:04:43 +0000] "GET /v2/ HTTP/1.1" 404 142 "-" "Go-http-client/1.1"
::ffff:104.156.155.31 - - [20/Jan/2023:12:18:07 +0000] "GET / HTTP/1.0" 302 35 "-" "-"
::ffff:104.156.155.31 - - [20/Jan/2023:12:18:07 +0000] "GET / HTTP/1.0" 302 35 "-" "-"
::ffff:104.156.155.31 - - [20/Jan/2023:12:18:12 +0000] "GET /?=PHPE9568F36-D428-11d2-A769-00AA001ACF42 HTTP/1.1" 302 35 "-" "curl/7.54.0"
::ffff:104.156.155.31 - - [20/Jan/2023:12:18:12 +0000] "GET / HTTP/1.1" 302 35 "-" "curl/7.54.0"
::ffff:104.156.155.31 - - [20/Jan/2023:12:18:12 +0000] "GET /?=PHPE9568F36-D428-11d2-A769-00AA001ACF42 HTTP/1.1" 302 35 "-" "curl/7.54.0"
::ffff:104.156.155.31 - - [20/Jan/2023:12:18:12 +0000] "GET /Portal/Portal.mwsl HTTP/1.1" 404 157 "-" "curl/7.54.0"
::ffff:104.156.155.31 - - [20/Jan/2023:12:18:12 +0000] "GET /Portal0000.htm HTTP/1.1" 404 153 "-" "curl/7.54.0"
::ffff:104.156.155.31 - - [20/Jan/2023:12:18:12 +0000] "POST /sdk HTTP/1.1" 404 143 "-" "curl/7.54.0"
::ffff:104.156.155.31 - - [20/Jan/2023:12:18:12 +0000] "GET /lnAA HTTP/1.1" 404 143 "-" "curl/7.54.0"
::ffff:104.156.155.31 - - [20/Jan/2023:12:18:12 +0000] "GET /Portal/Portal.mwsl HTTP/1.1" 404 157 "-" "curl/7.54.0"
::ffff:104.156.155.31 - - [20/Jan/2023:12:18:12 +0000] "GET / HTTP/1.1" 302 35 "-" "curl/7.54.0"
::ffff:104.156.155.31 - - [20/Jan/2023:12:18:12 +0000] "GET / HTTP/1.1" 302 35 "-" "curl/7.54.0"
::ffff:104.156.155.31 - - [20/Jan/2023:12:18:12 +0000] "GET /nmaplowercheck1674217092 HTTP/1.1" 404 163 "-" "curl/7.54.0"
::ffff:104.156.155.31 - - [20/Jan/2023:12:18:12 +0000] "GET /main.jsa HTTP/1.1" 404 147 "-" "curl/7.54.0"
::ffff:104.156.155.31 - - [20/Jan/2023:12:18:12 +0000] "GET /Portal0000.htm HTTP/1.1" 404 153 "-" "curl/7.54.0"
::ffff:104.156.155.31 - - [20/Jan/2023:12:18:12 +0000] "GET / HTTP/1.1" 302 35 "-" "curl/7.54.0"
::ffff:104.156.155.31 - - [20/Jan/2023:12:18:43 +0000] "GET / HTTP/1.1" 302 35 "-" "Mozilla/5.0 (Windows NT 6.1) AppleWebKit/537.36 (KHTML, like Gecko) Chrome/36.0.1985.125 Safari/537.36"
::ffff:104.156.155.31 - - [20/Jan/2023:12:18:43 +0000] "GET /users/signin HTTP/1.1" 200 2817 "-" "curl/7.54.0"
::ffff:104.156.155.31 - - [20/Jan/2023:12:18:43 +0000] "GET /__Additional HTTP/1.1" 404 151 "-" "curl/7.54.0"
::ffff:104.156.155.31 - - [20/Jan/2023:12:18:43 +0000] "GET /docs/cplugError.html/ HTTP/1.1" 404 160 "-" "curl/7.54.0"
::ffff:104.156.155.31 - - [20/Jan/2023:12:18:43 +0000] "GET /users/signin HTTP/1.1" 200 2817 "-" "curl/7.54.0"
::ffff:104.156.155.31 - - [20/Jan/2023:12:18:43 +0000] "GET /home.cfm HTTP/1.1" 404 147 "-" "curl/7.54.0"
::ffff:104.156.155.31 - - [20/Jan/2023:12:18:43 +0000] "GET / HTTP/1.1" 302 35 "-" "curl/7.54.0"
::ffff:104.156.155.31 - - [20/Jan/2023:12:18:43 +0000] "GET /__Additional HTTP/1.1" 404 151 "-" "curl/7.54.0"
::ffff:104.156.155.31 - - [20/Jan/2023:12:18:43 +0000] "GET /pools/default/buckets HTTP/1.1" 404 160 "-" "curl/7.54.0"
::ffff:104.156.155.31 - - [20/Jan/2023:12:18:48 +0000] "GET / HTTP/1.0" 302 35 "-" "-"
::ffff:104.156.155.31 - - [20/Jan/2023:12:18:48 +0000] "GET / HTTP/1.0" 302 35 "-" "-"
::ffff:104.156.155.31 - - [20/Jan/2023:12:18:49 +0000] "GET / HTTP/1.1" 302 35 "-" "-"
::ffff:104.156.155.31 - - [20/Jan/2023:12:18:49 +0000] "GET / HTTP/1.1" 302 35 "-" "-"
::ffff:154.26.136.165 - - [20/Jan/2023:14:00:41 +0000] "GET /v2/ HTTP/1.1" 404 142 "-" "Go-http-client/1.1"
::ffff:87.236.176.151 - - [20/Jan/2023:14:31:40 +0000] "GET / HTTP/1.1" 302 35 "-" "Mozilla/5.0 (compatible; InternetMeasurement/1.0; +https://internet-measurement.com/)"
::ffff:87.236.176.151 - - [20/Jan/2023:14:31:40 +0000] "GET /users/signin HTTP/1.1" 200 2817 "http://50.19.145.241:5000" "Mozilla/5.0 (compatible; InternetMeasurement/1.0; +https://internet-measurement.com/)"
::ffff:170.64.180.101 - - [20/Jan/2023:15:49:33 +0000] "GET / HTTP/1.1" 302 35 "-" "Mozilla/5.0 (Windows NT 10.0; Win64; x64) AppleWebKit/537.36 (KHTML, like Gecko) Chrome/108.0.0.0 Safari/537.36"
::ffff:223.187.97.84 - - [20/Jan/2023:18:38:57 +0000] "GET / HTTP/1.1" 302 70 "-" "Mozilla/5.0 (Windows NT 10.0; Win64; x64) AppleWebKit/537.36 (KHTML, like Gecko) Chrome/109.0.0.0 Safari/537.36"
::ffff:223.187.97.84 - - [20/Jan/2023:18:38:57 +0000] "GET /users/signin HTTP/1.1" 200 2817 "-" "Mozilla/5.0 (Windows NT 10.0; Win64; x64) AppleWebKit/537.36 (KHTML, like Gecko) Chrome/109.0.0.0 Safari/537.36"
::ffff:223.187.97.84 - - [20/Jan/2023:18:39:02 +0000] "GET /favicon.ico HTTP/1.1" 404 150 "http://namastebuddies.in:8000/users/signin" "Mozilla/5.0 (Windows NT 10.0; Win64; x64) AppleWebKit/537.36 (KHTML, like Gecko) Chrome/109.0.0.0 Safari/537.36"
::ffff:223.187.97.84 - - [20/Jan/2023:18:39:38 +0000] "GET /users/auth/google HTTP/1.1" 302 0 "http://namastebuddies.in:8000/users/signin" "Mozilla/5.0 (Windows NT 10.0; Win64; x64) AppleWebKit/537.36 (KHTML, like Gecko) Chrome/109.0.0.0 Safari/537.36"
::ffff:223.187.97.84 - - [20/Jan/2023:18:39:48 +0000] "GET /users/auth/google/callback?code=4%2F0AWgavdd_4f4W0UqE6rvGOIbOApdFwJY9KbMNKPkAKMEdt9ro8Gxov1aD8_5lAXhFMBfxHQ&scope=email+profile+https%3A%2F%2Fwww.googleapis.com%2Fauth%2Fuserinfo.profile+https%3A%2F%2Fwww.googleapis.com%2Fauth%2Fuserinfo.email+openid&authuser=0&prompt=consent HTTP/1.1" 302 46 "-" "Mozilla/5.0 (Windows NT 10.0; Win64; x64) AppleWebKit/537.36 (KHTML, like Gecko) Chrome/109.0.0.0 Safari/537.36"
::ffff:223.187.97.84 - - [20/Jan/2023:18:39:50 +0000] "GET / HTTP/1.1" 200 270743 "-" "Mozilla/5.0 (Windows NT 10.0; Win64; x64) AppleWebKit/537.36 (KHTML, like Gecko) Chrome/109.0.0.0 Safari/537.36"
::ffff:223.187.97.84 - - [20/Jan/2023:18:40:27 +0000] "GET /favicon.ico HTTP/1.1" 404 150 "http://50.19.145.241.nip.io:8000/" "Mozilla/5.0 (Windows NT 10.0; Win64; x64) AppleWebKit/537.36 (KHTML, like Gecko) Chrome/109.0.0.0 Safari/537.36"
::ffff:223.187.97.84 - - [20/Jan/2023:18:40:27 +0000] "GET /favicon.ico HTTP/1.1" 404 150 "http://50.19.145.241.nip.io:8000/" "Mozilla/5.0 (Windows NT 10.0; Win64; x64) AppleWebKit/537.36 (KHTML, like Gecko) Chrome/109.0.0.0 Safari/537.36"
::ffff:223.187.97.84 - - [20/Jan/2023:18:41:36 +0000] "GET /users/sessionCheck HTTP/1.1" 200 26 "http://50.19.145.241.nip.io:8000/" "Mozilla/5.0 (Windows NT 10.0; Win64; x64) AppleWebKit/537.36 (KHTML, like Gecko) Chrome/109.0.0.0 Safari/537.36"
::ffff:223.187.97.84 - - [20/Jan/2023:18:46:18 +0000] "GET /posts/upload/1 HTTP/1.1" 200 21 "http://50.19.145.241.nip.io:8000/" "Mozilla/5.0 (Windows NT 10.0; Win64; x64) AppleWebKit/537.36 (KHTML, like Gecko) Chrome/109.0.0.0 Safari/537.36"
::ffff:223.187.97.84 - - [20/Jan/2023:18:46:20 +0000] "POST /posts/create HTTP/1.1" 302 110 "http://50.19.145.241.nip.io:8000/" "Mozilla/5.0 (Windows NT 10.0; Win64; x64) AppleWebKit/537.36 (KHTML, like Gecko) Chrome/109.0.0.0 Safari/537.36"
::ffff:223.187.97.84 - - [20/Jan/2023:18:46:22 +0000] "GET / HTTP/1.1" 200 270771 "http://50.19.145.241.nip.io:8000/" "Mozilla/5.0 (Windows NT 10.0; Win64; x64) AppleWebKit/537.36 (KHTML, like Gecko) Chrome/109.0.0.0 Safari/537.36"
::ffff:223.187.97.84 - - [20/Jan/2023:18:47:25 +0000] "GET / HTTP/1.1" 302 70 "-" "Mozilla/5.0 (Windows NT 10.0; Win64; x64) AppleWebKit/537.36 (KHTML, like Gecko) Chrome/109.0.0.0 Safari/537.36"
::ffff:223.187.97.84 - - [20/Jan/2023:18:47:26 +0000] "GET /users/signin HTTP/1.1" 304 - "-" "Mozilla/5.0 (Windows NT 10.0; Win64; x64) AppleWebKit/537.36 (KHTML, like Gecko) Chrome/109.0.0.0 Safari/537.36"
::ffff:223.187.97.84 - - [20/Jan/2023:18:47:51 +0000] "GET /users/profile/622e5afbedb5900a4dea10d4 HTTP/1.1" 200 137342 "http://50.19.145.241.nip.io:8000/" "Mozilla/5.0 (Windows NT 10.0; Win64; x64) AppleWebKit/537.36 (KHTML, like Gecko) Chrome/109.0.0.0 Safari/537.36"
::ffff:223.187.97.84 - - [20/Jan/2023:18:48:09 +0000] "GET /users/profile/623419414e092f5d78993ce9 HTTP/1.1" 200 104435 "http://50.19.145.241.nip.io:8000/users/profile/622e5afbedb5900a4dea10d4" "Mozilla/5.0 (Windows NT 10.0; Win64; x64) AppleWebKit/537.36 (KHTML, like Gecko) Chrome/109.0.0.0 Safari/537.36"
::ffff:223.187.97.84 - - [20/Jan/2023:18:48:27 +0000] "GET / HTTP/1.1" 200 278369 "http://50.19.145.241.nip.io:8000/users/profile/623419414e092f5d78993ce9" "Mozilla/5.0 (Windows NT 10.0; Win64; x64) AppleWebKit/537.36 (KHTML, like Gecko) Chrome/109.0.0.0 Safari/537.36"
::ffff:223.187.97.84 - - [20/Jan/2023:18:49:36 +0000] "GET /groups/allUsers HTTP/1.1" 200 40420 "http://50.19.145.241.nip.io:8000/" "Mozilla/5.0 (Windows NT 10.0; Win64; x64) AppleWebKit/537.36 (KHTML, like Gecko) Chrome/109.0.0.0 Safari/537.36"
::ffff:223.187.97.84 - - [20/Jan/2023:18:50:00 +0000] "POST /groups/create HTTP/1.1" 302 46 "http://50.19.145.241.nip.io:8000/" "Mozilla/5.0 (Windows NT 10.0; Win64; x64) AppleWebKit/537.36 (KHTML, like Gecko) Chrome/109.0.0.0 Safari/537.36"
::ffff:223.187.97.84 - - [20/Jan/2023:18:50:01 +0000] "GET / HTTP/1.1" 200 279251 "http://50.19.145.241.nip.io:8000/" "Mozilla/5.0 (Windows NT 10.0; Win64; x64) AppleWebKit/537.36 (KHTML, like Gecko) Chrome/109.0.0.0 Safari/537.36"
::ffff:223.187.97.84 - - [20/Jan/2023:18:50:04 +0000] "GET /groups/info/63cae2584e092f5d789b1cd8 HTTP/1.1" 200 38159 "http://50.19.145.241.nip.io:8000/" "Mozilla/5.0 (Windows NT 10.0; Win64; x64) AppleWebKit/537.36 (KHTML, like Gecko) Chrome/109.0.0.0 Safari/537.36"
::ffff:223.187.97.84 - - [20/Jan/2023:18:50:26 +0000] "GET /groups/loadMessage/63cae2584e092f5d789b1cd8 HTTP/1.1" 200 39 "http://50.19.145.241.nip.io:8000/" "Mozilla/5.0 (Windows NT 10.0; Win64; x64) AppleWebKit/537.36 (KHTML, like Gecko) Chrome/109.0.0.0 Safari/537.36"
::ffff:223.187.97.84 - - [20/Jan/2023:18:50:33 +0000] "POST /groups/Createmessage HTTP/1.1" 200 279 "http://50.19.145.241.nip.io:8000/" "Mozilla/5.0 (Windows NT 10.0; Win64; x64) AppleWebKit/537.36 (KHTML, like Gecko) Chrome/109.0.0.0 Safari/537.36"
::ffff:106.192.225.238 - - [20/Jan/2023:18:50:55 +0000] "GET / HTTP/1.1" 200 277897 "-" "Mozilla/5.0 (Linux; Android 8.1.0; CPH1901) AppleWebKit/537.36 (KHTML, like Gecko) Chrome/108.0.0.0 Mobile Safari/537.36"
::ffff:106.192.225.238 - - [20/Jan/2023:18:51:27 +0000] "GET /favicon.ico HTTP/1.1" 404 150 "http://namastebuddies.in:8000/" "Mozilla/5.0 (Linux; Android 8.1.0; CPH1901) AppleWebKit/537.36 (KHTML, like Gecko) Chrome/108.0.0.0 Mobile Safari/537.36"
::ffff:49.42.66.225 - - [20/Jan/2023:18:52:17 +0000] "GET / HTTP/1.1" 302 70 "-" "Mozilla/5.0 (Linux; Android 11; SM-M315F) AppleWebKit/537.36 (KHTML, like Gecko) Chrome/108.0.0.0 Mobile Safari/537.36"
::ffff:49.42.66.225 - - [20/Jan/2023:18:52:18 +0000] "GET /users/signin HTTP/1.1" 200 2817 "-" "Mozilla/5.0 (Linux; Android 11; SM-M315F) AppleWebKit/537.36 (KHTML, like Gecko) Chrome/108.0.0.0 Mobile Safari/537.36"
::ffff:49.42.66.225 - - [20/Jan/2023:18:52:22 +0000] "GET /favicon.ico HTTP/1.1" 404 150 "http://namastebuddies.in:8000/users/signin" "Mozilla/5.0 (Linux; Android 11; SM-M315F) AppleWebKit/537.36 (KHTML, like Gecko) Chrome/108.0.0.0 Mobile Safari/537.36"
::ffff:49.42.66.225 - - [20/Jan/2023:18:52:32 +0000] "GET /users/auth/google HTTP/1.1" 302 0 "http://namastebuddies.in:8000/users/signin" "Mozilla/5.0 (Linux; Android 11; SM-M315F) AppleWebKit/537.36 (KHTML, like Gecko) Chrome/108.0.0.0 Mobile Safari/537.36"
::ffff:106.192.225.238 - - [20/Jan/2023:18:52:48 +0000] "GET /users/friendAndGroups HTTP/1.1" 200 2283 "http://namastebuddies.in:8000/" "Mozilla/5.0 (Linux; Android 8.1.0; CPH1901) AppleWebKit/537.36 (KHTML, like Gecko) Chrome/108.0.0.0 Mobile Safari/537.36"
::ffff:49.42.66.225 - - [20/Jan/2023:18:52:50 +0000] "GET /users/auth/google/callback?code=4%2F0AWgavdfceQmSdUYCxvIfbTfZHgy9GtIfcvTSS0h55CYGv1A2YQT7j5ByhF7ipq7_aNfQaQ&scope=email+profile+https%3A%2F%2Fwww.googleapis.com%2Fauth%2Fuserinfo.profile+https%3A%2F%2Fwww.googleapis.com%2Fauth%2Fuserinfo.email+openid&authuser=0&prompt=consent HTTP/1.1" 302 46 "-" "Mozilla/5.0 (Linux; Android 11; SM-M315F) AppleWebKit/537.36 (KHTML, like Gecko) Chrome/108.0.0.0 Mobile Safari/537.36"
::ffff:49.42.66.225 - - [20/Jan/2023:18:52:56 +0000] "GET / HTTP/1.1" 200 286091 "-" "Mozilla/5.0 (Linux; Android 11; SM-M315F) AppleWebKit/537.36 (KHTML, like Gecko) Chrome/108.0.0.0 Mobile Safari/537.36"
::ffff:223.187.97.84 - - [20/Jan/2023:18:53:07 +0000] "GET /groups/info/63cae2584e092f5d789b1cd8 HTTP/1.1" 200 38185 "http://50.19.145.241.nip.io:8000/" "Mozilla/5.0 (Windows NT 10.0; Win64; x64) AppleWebKit/537.36 (KHTML, like Gecko) Chrome/109.0.0.0 Safari/537.36"
::ffff:223.187.97.84 - - [20/Jan/2023:18:53:24 +0000] "POST /groups/update/63cae2584e092f5d789b1cd8 HTTP/1.1" 302 46 "http://50.19.145.241.nip.io:8000/" "Mozilla/5.0 (Windows NT 10.0; Win64; x64) AppleWebKit/537.36 (KHTML, like Gecko) Chrome/109.0.0.0 Safari/537.36"
::ffff:223.187.97.84 - - [20/Jan/2023:18:53:24 +0000] "GET / HTTP/1.1" 304 - "http://50.19.145.241.nip.io:8000/" "Mozilla/5.0 (Windows NT 10.0; Win64; x64) AppleWebKit/537.36 (KHTML, like Gecko) Chrome/109.0.0.0 Safari/537.36"
::ffff:223.187.97.84 - - [20/Jan/2023:18:53:29 +0000] "GET /groups/loadMessage/63cae2584e092f5d789b1cd8 HTTP/1.1" 200 265 "http://50.19.145.241.nip.io:8000/" "Mozilla/5.0 (Windows NT 10.0; Win64; x64) AppleWebKit/537.36 (KHTML, like Gecko) Chrome/109.0.0.0 Safari/537.36"
::ffff:49.42.66.225 - - [20/Jan/2023:18:53:32 +0000] "GET /favicon.ico HTTP/1.1" 404 150 "http://50.19.145.241.nip.io:8000/" "Mozilla/5.0 (Linux; Android 11; SM-M315F) AppleWebKit/537.36 (KHTML, like Gecko) Chrome/108.0.0.0 Mobile Safari/537.36"
::ffff:106.192.225.238 - - [20/Jan/2023:18:53:44 +0000] "GET /users/friendAndGroups HTTP/1.1" 200 3309 "http://namastebuddies.in:8000/" "Mozilla/5.0 (Linux; Android 8.1.0; CPH1901) AppleWebKit/537.36 (KHTML, like Gecko) Chrome/108.0.0.0 Mobile Safari/537.36"
::ffff:49.42.66.225 - - [20/Jan/2023:18:54:13 +0000] "GET /users/profile/623580494e092f5d78997df9 HTTP/1.1" 200 126975 "http://50.19.145.241.nip.io:8000/" "Mozilla/5.0 (Linux; Android 11; SM-M315F) AppleWebKit/537.36 (KHTML, like Gecko) Chrome/108.0.0.0 Mobile Safari/537.36"
::ffff:49.42.66.225 - - [20/Jan/2023:18:54:32 +0000] "GET /users/profile/63cadff44e092f5d789b178c HTTP/1.1" 200 119159 "http://50.19.145.241.nip.io:8000/" "Mozilla/5.0 (Linux; Android 11; SM-M315F) AppleWebKit/537.36 (KHTML, like Gecko) Chrome/108.0.0.0 Mobile Safari/537.36"
::ffff:106.192.96.238 - - [20/Jan/2023:18:54:33 +0000] "GET /groups/groupchatpage/63cae2584e092f5d789b1cd8 HTTP/1.1" 200 2431 "http://namastebuddies.in:8000/users/friendAndGroups" "Mozilla/5.0 (Linux; Android 8.1.0; CPH1901) AppleWebKit/537.36 (KHTML, like Gecko) Chrome/108.0.0.0 Mobile Safari/537.36"
::ffff:49.42.66.225 - - [20/Jan/2023:18:54:37 +0000] "POST /users/friends/toggle/63cadff44e092f5d789b178c HTTP/1.1" 200 99 "http://50.19.145.241.nip.io:8000/users/profile/63cadff44e092f5d789b178c" "Mozilla/5.0 (Linux; Android 11; SM-M315F) AppleWebKit/537.36 (KHTML, like Gecko) Chrome/108.0.0.0 Mobile Safari/537.36"
::ffff:106.192.225.238 - - [20/Jan/2023:18:54:41 +0000] "POST /groups/Createmessage HTTP/1.1" 200 300 "http://namastebuddies.in:8000/groups/groupchatpage/63cae2584e092f5d789b1cd8" "Mozilla/5.0 (Linux; Android 8.1.0; CPH1901) AppleWebKit/537.36 (KHTML, like Gecko) Chrome/108.0.0.0 Mobile Safari/537.36"
::ffff:223.187.97.84 - - [20/Jan/2023:18:54:43 +0000] "POST /groups/seenMessage/63cae3714e092f5d789b2447 HTTP/1.1" 200 18 "http://50.19.145.241.nip.io:8000/" "Mozilla/5.0 (Windows NT 10.0; Win64; x64) AppleWebKit/537.36 (KHTML, like Gecko) Chrome/109.0.0.0 Safari/537.36"
::ffff:49.42.66.225 - - [20/Jan/2023:18:54:53 +0000] "GET /users/friendAndGroups HTTP/1.1" 200 4913 "http://50.19.145.241.nip.io:8000/users/profile/63cadff44e092f5d789b178c" "Mozilla/5.0 (Linux; Android 11; SM-M315F) AppleWebKit/537.36 (KHTML, like Gecko) Chrome/108.0.0.0 Mobile Safari/537.36"
::ffff:49.42.66.225 - - [20/Jan/2023:18:54:57 +0000] "GET /groups/groupinfopage/63cae2584e092f5d789b1cd8 HTTP/1.1" 200 3894 "http://50.19.145.241.nip.io:8000/users/friendAndGroups" "Mozilla/5.0 (Linux; Android 11; SM-M315F) AppleWebKit/537.36 (KHTML, like Gecko) Chrome/108.0.0.0 Mobile Safari/537.36"
::ffff:49.42.66.225 - - [20/Jan/2023:18:55:00 +0000] "GET /groups/groupchatpage/63cae2584e092f5d789b1cd8 HTTP/1.1" 200 2676 "http://50.19.145.241.nip.io:8000/users/friendAndGroups" "Mozilla/5.0 (Linux; Android 11; SM-M315F) AppleWebKit/537.36 (KHTML, like Gecko) Chrome/108.0.0.0 Mobile Safari/537.36"
::ffff:49.42.66.225 - - [20/Jan/2023:18:55:07 +0000] "POST /groups/Createmessage HTTP/1.1" 200 299 "http://50.19.145.241.nip.io:8000/groups/groupchatpage/63cae2584e092f5d789b1cd8" "Mozilla/5.0 (Linux; Android 11; SM-M315F) AppleWebKit/537.36 (KHTML, like Gecko) Chrome/108.0.0.0 Mobile Safari/537.36"
::ffff:49.42.66.225 - - [20/Jan/2023:18:55:08 +0000] "POST /groups/Createmessage HTTP/1.1" 200 295 "http://50.19.145.241.nip.io:8000/groups/groupchatpage/63cae2584e092f5d789b1cd8" "Mozilla/5.0 (Linux; Android 11; SM-M315F) AppleWebKit/537.36 (KHTML, like Gecko) Chrome/108.0.0.0 Mobile Safari/537.36"
::ffff:223.187.97.84 - - [20/Jan/2023:18:55:08 +0000] "POST /groups/seenMessage/63cae38b4e092f5d789b2482 HTTP/1.1" 200 18 "http://50.19.145.241.nip.io:8000/" "Mozilla/5.0 (Windows NT 10.0; Win64; x64) AppleWebKit/537.36 (KHTML, like Gecko) Chrome/109.0.0.0 Safari/537.36"
::ffff:106.192.96.238 - - [20/Jan/2023:18:55:09 +0000] "POST /groups/seenMessage/63cae38b4e092f5d789b2482 HTTP/1.1" 200 18 "http://namastebuddies.in:8000/groups/groupchatpage/63cae2584e092f5d789b1cd8" "Mozilla/5.0 (Linux; Android 8.1.0; CPH1901) AppleWebKit/537.36 (KHTML, like Gecko) Chrome/108.0.0.0 Mobile Safari/537.36"
::ffff:106.192.96.238 - - [20/Jan/2023:18:55:09 +0000] "POST /groups/seenMessage/63cae38c4e092f5d789b2495 HTTP/1.1" 200 18 "http://namastebuddies.in:8000/groups/groupchatpage/63cae2584e092f5d789b1cd8" "Mozilla/5.0 (Linux; Android 8.1.0; CPH1901) AppleWebKit/537.36 (KHTML, like Gecko) Chrome/108.0.0.0 Mobile Safari/537.36"
::ffff:223.187.97.84 - - [20/Jan/2023:18:55:09 +0000] "POST /groups/seenMessage/63cae38c4e092f5d789b2495 HTTP/1.1" 200 18 "http://50.19.145.241.nip.io:8000/" "Mozilla/5.0 (Windows NT 10.0; Win64; x64) AppleWebKit/537.36 (KHTML, like Gecko) Chrome/109.0.0.0 Safari/537.36"
::ffff:49.42.66.225 - - [20/Jan/2023:18:55:24 +0000] "POST /groups/Createmessage HTTP/1.1" 200 295 "http://50.19.145.241.nip.io:8000/groups/groupchatpage/63cae2584e092f5d789b1cd8" "Mozilla/5.0 (Linux; Android 11; SM-M315F) AppleWebKit/537.36 (KHTML, like Gecko) Chrome/108.0.0.0 Mobile Safari/537.36"
::ffff:223.187.97.84 - - [20/Jan/2023:18:55:25 +0000] "POST /groups/Createmessage HTTP/1.1" 200 296 "http://50.19.145.241.nip.io:8000/" "Mozilla/5.0 (Windows NT 10.0; Win64; x64) AppleWebKit/537.36 (KHTML, like Gecko) Chrome/109.0.0.0 Safari/537.36"
::ffff:49.42.66.225 - - [20/Jan/2023:18:55:25 +0000] "POST /groups/Createmessage HTTP/1.1" 200 295 "http://50.19.145.241.nip.io:8000/groups/groupchatpage/63cae2584e092f5d789b1cd8" "Mozilla/5.0 (Linux; Android 11; SM-M315F) AppleWebKit/537.36 (KHTML, like Gecko) Chrome/108.0.0.0 Mobile Safari/537.36"
::ffff:106.192.96.238 - - [20/Jan/2023:18:55:25 +0000] "POST /groups/seenMessage/63cae39c4e092f5d789b24b0 HTTP/1.1" 200 18 "http://namastebuddies.in:8000/groups/groupchatpage/63cae2584e092f5d789b1cd8" "Mozilla/5.0 (Linux; Android 8.1.0; CPH1901) AppleWebKit/537.36 (KHTML, like Gecko) Chrome/108.0.0.0 Mobile Safari/537.36"
::ffff:223.187.97.84 - - [20/Jan/2023:18:55:25 +0000] "POST /groups/seenMessage/63cae39c4e092f5d789b24b0 HTTP/1.1" 200 18 "http://50.19.145.241.nip.io:8000/" "Mozilla/5.0 (Windows NT 10.0; Win64; x64) AppleWebKit/537.36 (KHTML, like Gecko) Chrome/109.0.0.0 Safari/537.36"
::ffff:106.192.96.238 - - [20/Jan/2023:18:55:26 +0000] "POST /groups/seenMessage/63cae39d4e092f5d789b24c7 HTTP/1.1" 200 18 "http://namastebuddies.in:8000/groups/groupchatpage/63cae2584e092f5d789b1cd8" "Mozilla/5.0 (Linux; Android 8.1.0; CPH1901) AppleWebKit/537.36 (KHTML, like Gecko) Chrome/108.0.0.0 Mobile Safari/537.36"
::ffff:49.42.66.225 - - [20/Jan/2023:18:55:26 +0000] "POST /groups/Createmessage HTTP/1.1" 200 295 "http://50.19.145.241.nip.io:8000/groups/groupchatpage/63cae2584e092f5d789b1cd8" "Mozilla/5.0 (Linux; Android 11; SM-M315F) AppleWebKit/537.36 (KHTML, like Gecko) Chrome/108.0.0.0 Mobile Safari/537.36"
::ffff:223.187.97.84 - - [20/Jan/2023:18:55:26 +0000] "POST /groups/Createmessage HTTP/1.1" 200 296 "http://50.19.145.241.nip.io:8000/" "Mozilla/5.0 (Windows NT 10.0; Win64; x64) AppleWebKit/537.36 (KHTML, like Gecko) Chrome/109.0.0.0 Safari/537.36"
::ffff:49.42.66.225 - - [20/Jan/2023:18:55:26 +0000] "POST /groups/seenMessage/63cae39d4e092f5d789b24bc HTTP/1.1" 200 18 "http://50.19.145.241.nip.io:8000/groups/groupchatpage/63cae2584e092f5d789b1cd8" "Mozilla/5.0 (Linux; Android 11; SM-M315F) AppleWebKit/537.36 (KHTML, like Gecko) Chrome/108.0.0.0 Mobile Safari/537.36"
::ffff:106.192.96.238 - - [20/Jan/2023:18:55:27 +0000] "POST /groups/seenMessage/63cae39d4e092f5d789b24bc HTTP/1.1" 200 18 "http://namastebuddies.in:8000/groups/groupchatpage/63cae2584e092f5d789b1cd8" "Mozilla/5.0 (Linux; Android 8.1.0; CPH1901) AppleWebKit/537.36 (KHTML, like Gecko) Chrome/108.0.0.0 Mobile Safari/537.36"
::ffff:223.187.97.84 - - [20/Jan/2023:18:55:27 +0000] "POST /groups/seenMessage/63cae39d4e092f5d789b24c7 HTTP/1.1" 200 18 "http://50.19.145.241.nip.io:8000/" "Mozilla/5.0 (Windows NT 10.0; Win64; x64) AppleWebKit/537.36 (KHTML, like Gecko) Chrome/109.0.0.0 Safari/537.36"
::ffff:106.192.96.238 - - [20/Jan/2023:18:55:27 +0000] "POST /groups/seenMessage/63cae39e4e092f5d789b24e0 HTTP/1.1" 200 18 "http://namastebuddies.in:8000/groups/groupchatpage/63cae2584e092f5d789b1cd8" "Mozilla/5.0 (Linux; Android 8.1.0; CPH1901) AppleWebKit/537.36 (KHTML, like Gecko) Chrome/108.0.0.0 Mobile Safari/537.36"
::ffff:49.42.66.225 - - [20/Jan/2023:18:55:27 +0000] "POST /groups/Createmessage HTTP/1.1" 200 295 "http://50.19.145.241.nip.io:8000/groups/groupchatpage/63cae2584e092f5d789b1cd8" "Mozilla/5.0 (Linux; Android 11; SM-M315F) AppleWebKit/537.36 (KHTML, like Gecko) Chrome/108.0.0.0 Mobile Safari/537.36"
::ffff:223.187.97.84 - - [20/Jan/2023:18:55:27 +0000] "POST /groups/seenMessage/63cae39e4e092f5d789b24e0 HTTP/1.1" 200 18 "http://50.19.145.241.nip.io:8000/" "Mozilla/5.0 (Windows NT 10.0; Win64; x64) AppleWebKit/537.36 (KHTML, like Gecko) Chrome/109.0.0.0 Safari/537.36"
::ffff:106.192.96.238 - - [20/Jan/2023:18:55:27 +0000] "POST /groups/seenMessage/63cae39e4e092f5d789b24e4 HTTP/1.1" 200 18 "http://namastebuddies.in:8000/groups/groupchatpage/63cae2584e092f5d789b1cd8" "Mozilla/5.0 (Linux; Android 8.1.0; CPH1901) AppleWebKit/537.36 (KHTML, like Gecko) Chrome/108.0.0.0 Mobile Safari/537.36"
::ffff:49.42.66.225 - - [20/Jan/2023:18:55:28 +0000] "POST /groups/seenMessage/63cae39e4e092f5d789b24e4 HTTP/1.1" 200 18 "http://50.19.145.241.nip.io:8000/groups/groupchatpage/63cae2584e092f5d789b1cd8" "Mozilla/5.0 (Linux; Android 11; SM-M315F) AppleWebKit/537.36 (KHTML, like Gecko) Chrome/108.0.0.0 Mobile Safari/537.36"
::ffff:106.192.96.238 - - [20/Jan/2023:18:55:28 +0000] "POST /groups/seenMessage/63cae39f4e092f5d789b2507 HTTP/1.1" 200 18 "http://namastebuddies.in:8000/groups/groupchatpage/63cae2584e092f5d789b1cd8" "Mozilla/5.0 (Linux; Android 8.1.0; CPH1901) AppleWebKit/537.36 (KHTML, like Gecko) Chrome/108.0.0.0 Mobile Safari/537.36"
::ffff:223.187.97.84 - - [20/Jan/2023:18:55:29 +0000] "POST /groups/seenMessage/63cae39f4e092f5d789b2507 HTTP/1.1" 200 18 "http://50.19.145.241.nip.io:8000/" "Mozilla/5.0 (Windows NT 10.0; Win64; x64) AppleWebKit/537.36 (KHTML, like Gecko) Chrome/109.0.0.0 Safari/537.36"
::ffff:223.187.97.84 - - [20/Jan/2023:18:55:37 +0000] "POST /groups/Createmessage HTTP/1.1" 200 295 "http://50.19.145.241.nip.io:8000/" "Mozilla/5.0 (Windows NT 10.0; Win64; x64) AppleWebKit/537.36 (KHTML, like Gecko) Chrome/109.0.0.0 Safari/537.36"
::ffff:106.192.96.238 - - [20/Jan/2023:18:55:38 +0000] "POST /groups/seenMessage/63cae3a94e092f5d789b2525 HTTP/1.1" 200 18 "http://namastebuddies.in:8000/groups/groupchatpage/63cae2584e092f5d789b1cd8" "Mozilla/5.0 (Linux; Android 8.1.0; CPH1901) AppleWebKit/537.36 (KHTML, like Gecko) Chrome/108.0.0.0 Mobile Safari/537.36"
::ffff:49.42.66.225 - - [20/Jan/2023:18:55:40 +0000] "POST /groups/seenMessage/63cae3a94e092f5d789b2525 HTTP/1.1" 200 18 "http://50.19.145.241.nip.io:8000/groups/groupchatpage/63cae2584e092f5d789b1cd8" "Mozilla/5.0 (Linux; Android 11; SM-M315F) AppleWebKit/537.36 (KHTML, like Gecko) Chrome/108.0.0.0 Mobile Safari/537.36"
::ffff:223.187.97.84 - - [20/Jan/2023:18:55:40 +0000] "POST /groups/Createmessage HTTP/1.1" 200 295 "http://50.19.145.241.nip.io:8000/" "Mozilla/5.0 (Windows NT 10.0; Win64; x64) AppleWebKit/537.36 (KHTML, like Gecko) Chrome/109.0.0.0 Safari/537.36"
::ffff:49.42.66.225 - - [20/Jan/2023:18:55:42 +0000] "POST /groups/seenMessage/63cae3ac4e092f5d789b2535 HTTP/1.1" 200 18 "http://50.19.145.241.nip.io:8000/groups/groupchatpage/63cae2584e092f5d789b1cd8" "Mozilla/5.0 (Linux; Android 11; SM-M315F) AppleWebKit/537.36 (KHTML, like Gecko) Chrome/108.0.0.0 Mobile Safari/537.36"
::ffff:106.192.96.238 - - [20/Jan/2023:18:55:42 +0000] "POST /groups/seenMessage/63cae3ac4e092f5d789b2535 HTTP/1.1" 200 18 "http://namastebuddies.in:8000/groups/groupchatpage/63cae2584e092f5d789b1cd8" "Mozilla/5.0 (Linux; Android 8.1.0; CPH1901) AppleWebKit/537.36 (KHTML, like Gecko) Chrome/108.0.0.0 Mobile Safari/537.36"
::ffff:106.192.225.238 - - [20/Jan/2023:18:55:54 +0000] "POST /groups/Createmessage HTTP/1.1" 200 320 "http://namastebuddies.in:8000/groups/groupchatpage/63cae2584e092f5d789b1cd8" "Mozilla/5.0 (Linux; Android 8.1.0; CPH1901) AppleWebKit/537.36 (KHTML, like Gecko) Chrome/108.0.0.0 Mobile Safari/537.36"
::ffff:223.187.97.84 - - [20/Jan/2023:18:55:56 +0000] "POST /groups/seenMessage/63cae3ba4e092f5d789b2545 HTTP/1.1" 200 18 "http://50.19.145.241.nip.io:8000/" "Mozilla/5.0 (Windows NT 10.0; Win64; x64) AppleWebKit/537.36 (KHTML, like Gecko) Chrome/109.0.0.0 Safari/537.36"
::ffff:49.42.66.225 - - [20/Jan/2023:18:55:56 +0000] "POST /groups/seenMessage/63cae3ba4e092f5d789b2545 HTTP/1.1" 200 18 "http://50.19.145.241.nip.io:8000/groups/groupchatpage/63cae2584e092f5d789b1cd8" "Mozilla/5.0 (Linux; Android 11; SM-M315F) AppleWebKit/537.36 (KHTML, like Gecko) Chrome/108.0.0.0 Mobile Safari/537.36"
::ffff:49.42.66.225 - - [20/Jan/2023:18:56:05 +0000] "GET /groups/groupchatpage/63cae2584e092f5d789b1cd8 HTTP/1.1" 200 5278 "http://50.19.145.241.nip.io:8000/users/friendAndGroups" "Mozilla/5.0 (Linux; Android 11; SM-M315F) AppleWebKit/537.36 (KHTML, like Gecko) Chrome/108.0.0.0 Mobile Safari/537.36"
::ffff:49.42.66.225 - - [20/Jan/2023:18:56:55 +0000] "GET /message/messagepage/63cadff44e092f5d789b178c HTTP/1.1" 200 2224 "http://50.19.145.241.nip.io:8000/users/friendAndGroups" "Mozilla/5.0 (Linux; Android 11; SM-M315F) AppleWebKit/537.36 (KHTML, like Gecko) Chrome/108.0.0.0 Mobile Safari/537.36"
::ffff:49.42.66.225 - - [20/Jan/2023:18:57:01 +0000] "POST /message/create HTTP/1.1" 200 152 "http://50.19.145.241.nip.io:8000/message/messagepage/63cadff44e092f5d789b178c" "Mozilla/5.0 (Linux; Android 11; SM-M315F) AppleWebKit/537.36 (KHTML, like Gecko) Chrome/108.0.0.0 Mobile Safari/537.36"
::ffff:49.42.66.225 - - [20/Jan/2023:18:57:11 +0000] "GET /users/sessionCheck HTTP/1.1" 200 26 "http://50.19.145.241.nip.io:8000/" "Mozilla/5.0 (Linux; Android 11; SM-M315F) AppleWebKit/537.36 (KHTML, like Gecko) Chrome/108.0.0.0 Mobile Safari/537.36"
::ffff:223.187.97.84 - - [20/Jan/2023:18:58:09 +0000] "GET /message/loadMessage/623468ee4e092f5d789942f2 HTTP/1.1" 200 273 "http://50.19.145.241.nip.io:8000/" "Mozilla/5.0 (Windows NT 10.0; Win64; x64) AppleWebKit/537.36 (KHTML, like Gecko) Chrome/109.0.0.0 Safari/537.36"
::ffff:49.42.66.225 - - [20/Jan/2023:18:58:19 +0000] "POST /posts/create HTTP/1.1" 302 110 "http://50.19.145.241.nip.io:8000/" "Mozilla/5.0 (Linux; Android 11; SM-M315F) AppleWebKit/537.36 (KHTML, like Gecko) Chrome/108.0.0.0 Mobile Safari/537.36"
::ffff:223.187.97.84 - - [20/Jan/2023:18:58:21 +0000] "POST /message/create HTTP/1.1" 200 158 "http://50.19.145.241.nip.io:8000/" "Mozilla/5.0 (Windows NT 10.0; Win64; x64) AppleWebKit/537.36 (KHTML, like Gecko) Chrome/109.0.0.0 Safari/537.36"
::ffff:49.42.66.225 - - [20/Jan/2023:18:58:21 +0000] "GET /posts/upload/1 HTTP/1.1" 200 21 "http://50.19.145.241.nip.io:8000/" "Mozilla/5.0 (Linux; Android 11; SM-M315F) AppleWebKit/537.36 (KHTML, like Gecko) Chrome/108.0.0.0 Mobile Safari/537.36"
::ffff:223.187.97.84 - - [20/Jan/2023:18:58:23 +0000] "POST /message/create HTTP/1.1" 200 158 "http://50.19.145.241.nip.io:8000/" "Mozilla/5.0 (Windows NT 10.0; Win64; x64) AppleWebKit/537.36 (KHTML, like Gecko) Chrome/109.0.0.0 Safari/537.36"
::ffff:49.42.66.225 - - [20/Jan/2023:18:58:23 +0000] "POST /posts/create HTTP/1.1" 302 110 "http://50.19.145.241.nip.io:8000/" "Mozilla/5.0 (Linux; Android 11; SM-M315F) AppleWebKit/537.36 (KHTML, like Gecko) Chrome/108.0.0.0 Mobile Safari/537.36"
::ffff:223.187.97.84 - - [20/Jan/2023:18:58:30 +0000] "POST /message/create HTTP/1.1" 200 158 "http://50.19.145.241.nip.io:8000/" "Mozilla/5.0 (Windows NT 10.0; Win64; x64) AppleWebKit/537.36 (KHTML, like Gecko) Chrome/109.0.0.0 Safari/537.36"
::ffff:223.187.97.84 - - [20/Jan/2023:18:58:37 +0000] "POST /message/create HTTP/1.1" 200 149 "http://50.19.145.241.nip.io:8000/" "Mozilla/5.0 (Windows NT 10.0; Win64; x64) AppleWebKit/537.36 (KHTML, like Gecko) Chrome/109.0.0.0 Safari/537.36"
::ffff:223.187.97.84 - - [20/Jan/2023:18:58:37 +0000] "POST /message/create HTTP/1.1" 200 149 "http://50.19.145.241.nip.io:8000/" "Mozilla/5.0 (Windows NT 10.0; Win64; x64) AppleWebKit/537.36 (KHTML, like Gecko) Chrome/109.0.0.0 Safari/537.36"
::ffff:223.187.97.84 - - [20/Jan/2023:18:58:37 +0000] "POST /message/create HTTP/1.1" 200 149 "http://50.19.145.241.nip.io:8000/" "Mozilla/5.0 (Windows NT 10.0; Win64; x64) AppleWebKit/537.36 (KHTML, like Gecko) Chrome/109.0.0.0 Safari/537.36"
::ffff:49.42.66.225 - - [20/Jan/2023:19:00:26 +0000] "GET / HTTP/1.1" 200 292713 "http://50.19.145.241.nip.io:8000/" "Mozilla/5.0 (Linux; Android 11; SM-M315F) AppleWebKit/537.36 (KHTML, like Gecko) Chrome/108.0.0.0 Mobile Safari/537.36"
::ffff:49.42.66.225 - - [20/Jan/2023:19:08:18 +0000] "GET / HTTP/1.1" 304 - "http://50.19.145.241.nip.io:8000/" "Mozilla/5.0 (Linux; Android 11; SM-M315F) AppleWebKit/537.36 (KHTML, like Gecko) Chrome/108.0.0.0 Mobile Safari/537.36"
::ffff:49.42.66.225 - - [20/Jan/2023:19:08:57 +0000] "GET /users/sessionCheck HTTP/1.1" 304 - "http://50.19.145.241.nip.io:8000/" "Mozilla/5.0 (Linux; Android 11; SM-M315F) AppleWebKit/537.36 (KHTML, like Gecko) Chrome/108.0.0.0 Mobile Safari/537.36"
::ffff:5.8.10.202 - - [20/Jan/2023:19:57:38 +0000] "GET / HTTP/1.1" 302 35 "-" "fasthttp"
::ffff:5.8.10.202 - - [20/Jan/2023:19:57:39 +0000] "GET /v2/_catalog HTTP/1.1" 404 150 "-" "Go-http-client/1.1"
::ffff:223.187.97.84 - - [20/Jan/2023:20:03:21 +0000] "GET / HTTP/1.1" 302 70 "-" "Mozilla/5.0 (Windows NT 10.0; Win64; x64) AppleWebKit/537.36 (KHTML, like Gecko) Chrome/109.0.0.0 Safari/537.36"
::ffff:223.187.97.84 - - [20/Jan/2023:20:03:21 +0000] "GET /users/signin HTTP/1.1" 304 - "-" "Mozilla/5.0 (Windows NT 10.0; Win64; x64) AppleWebKit/537.36 (KHTML, like Gecko) Chrome/109.0.0.0 Safari/537.36"
::ffff:223.187.97.84 - - [20/Jan/2023:20:03:22 +0000] "GET /favicon.ico HTTP/1.1" 404 150 "http://namastebuddies.in:8000/users/signin" "Mozilla/5.0 (Windows NT 10.0; Win64; x64) AppleWebKit/537.36 (KHTML, like Gecko) Chrome/109.0.0.0 Safari/537.36"
::ffff:223.187.97.84 - - [20/Jan/2023:20:03:32 +0000] "GET /users/auth/google HTTP/1.1" 302 0 "http://namastebuddies.in:8000/users/signin" "Mozilla/5.0 (Windows NT 10.0; Win64; x64) AppleWebKit/537.36 (KHTML, like Gecko) Chrome/109.0.0.0 Safari/537.36"
::ffff:223.187.97.84 - - [20/Jan/2023:20:03:37 +0000] "GET /users/auth/google/callback?code=4%2F0AWgavdcci-u22tXAoPujAkMOpMaKmG9hson6XRMHCdTuNNv5UDJmkdX_4R6eRs9JMHng_A&scope=email+profile+openid+https%3A%2F%2Fwww.googleapis.com%2Fauth%2Fuserinfo.profile+https%3A%2F%2Fwww.googleapis.com%2Fauth%2Fuserinfo.email&authuser=0&prompt=none HTTP/1.1" 302 46 "-" "Mozilla/5.0 (Windows NT 10.0; Win64; x64) AppleWebKit/537.36 (KHTML, like Gecko) Chrome/109.0.0.0 Safari/537.36"
::ffff:223.187.97.84 - - [20/Jan/2023:20:03:39 +0000] "GET / HTTP/1.1" 200 286611 "-" "Mozilla/5.0 (Windows NT 10.0; Win64; x64) AppleWebKit/537.36 (KHTML, like Gecko) Chrome/109.0.0.0 Safari/537.36"
::ffff:223.187.97.84 - - [20/Jan/2023:20:03:46 +0000] "GET /favicon.ico HTTP/1.1" 404 150 "http://50.19.145.241.nip.io:8000/" "Mozilla/5.0 (Windows NT 10.0; Win64; x64) AppleWebKit/537.36 (KHTML, like Gecko) Chrome/109.0.0.0 Safari/537.36"
::ffff:178.32.197.80 - - [20/Jan/2023:20:46:18 +0000] "GET / HTTP/1.1" 302 70 "-" "Mozilla/5.0 (X11; Ubuntu; Linux x86_64; rv:58.0) Gecko/20100101 Firefox/58.0"
::ffff:195.154.56.160 - - [20/Jan/2023:21:18:33 +0000] "GET / HTTP/1.1" 302 35 "-" "Mozilla/5.0 (Windows NT 10.0; Win64; x64) AppleWebKit/537.36 (KHTML, like Gecko) Chrome/68.0.3440.106 Safari/537.36"
::ffff:195.154.56.160 - - [20/Jan/2023:21:18:33 +0000] "GET /users/signin HTTP/1.1" 200 2817 "http://50.19.145.241:5000/" "Mozilla/5.0 (Windows NT 10.0; Win64; x64) AppleWebKit/537.36 (KHTML, like Gecko) Chrome/68.0.3440.106 Safari/537.36"
::ffff:195.154.56.160 - - [20/Jan/2023:21:18:33 +0000] "GET /favicon.ico HTTP/1.1" 404 150 "-" "Mozilla/5.0 (Windows NT 10.0; Win64; x64) AppleWebKit/537.36 (KHTML, like Gecko) Chrome/68.0.3440.106 Safari/537.36"
::ffff:188.165.87.104 - - [20/Jan/2023:21:54:07 +0000] "GET /favicon.ico HTTP/1.1" 404 150 "-" "Mozilla/5.0 (X11; Ubuntu; Linux x86_64; rv:58.0) Gecko/20100101 Firefox/58.0"
::ffff:205.210.31.10 - - [20/Jan/2023:22:36:12 +0000] "GET / HTTP/1.1" 302 35 "-" "Expanse, a Palo Alto Networks company, searches across the global IPv4 space multiple times per day to identify customers&#39; presences on the Internet. If you would like to be excluded from our scans, please send IP addresses/domains to: scaninfo@paloaltonetworks.com"
::ffff:205.210.31.10 - - [20/Jan/2023:22:36:12 +0000] "GET /users/signin HTTP/1.1" 200 2817 "http://50.19.145.241:5000/" "Expanse, a Palo Alto Networks company, searches across the global IPv4 space multiple times per day to identify customers&#39; presences on the Internet. If you would like to be excluded from our scans, please send IP addresses/domains to: scaninfo@paloaltonetworks.com"
::ffff:94.102.61.47 - - [20/Jan/2023:22:43:26 +0000] "GET / HTTP/1.1" 302 35 "-" "Mozilla/5.0 (Windows NT 10.0; Win64; x64) AppleWebKit/537.36 (KHTML, like Gecko) Chrome/88.0.4324.190 Safari/537.36"
::ffff:94.102.61.47 - - [20/Jan/2023:22:43:26 +0000] "GET /users/signin HTTP/1.1" 200 2817 "http://50.19.145.241:5000/" "Mozilla/5.0 (Windows NT 10.0; Win64; x64) AppleWebKit/537.36 (KHTML, like Gecko) Chrome/88.0.4324.190 Safari/537.36"
